
Allocating common symbols
Common symbol       size              file

AM_state            0x4               Alarm_Manager.o
PS_state            0x4               Pressure_Sensor_Driver.o
AD_state            0x4               Alarm_Driver.o
PS_state_id         0x1               Pressure_Sensor_Driver.o

Memory Configuration

Name             Origin             Length             Attributes
flash            0x08000000         0x00020000         xr
sram             0x20000000         0x00005000         xrw
*default*        0x00000000         0xffffffff

Linker script and memory map


.text           0x08000000      0x3a4
 *(.vectors*)
 .vectors       0x08000000       0x50 startup.o
 *(.text*)
 .text          0x08000050        0x8 startup.o
 .text          0x08000058       0x70 Alarm_Driver.o
                0x08000058                AD_init
                0x08000064                Start_Alarm
                0x08000074                Stop_Alarm
                0x08000084                ST_Alarm_on
                0x080000ac                ST_Alarm_off
 .text          0x080000c8       0xa0 Alarm_Manager.o
                0x080000c8                High_Pressure_Detected
                0x080000e4                ST_Alarm_On
                0x08000114                ST_Alarm_waiting
                0x08000138                ST_Alarm_Off
 .text          0x08000168      0x10c driver.o
                0x08000168                Delay
                0x0800018c                getPressureVal
                0x080001a4                Set_Alarm_actuator
                0x080001f4                GPIO_INITIALIZATION
 .text          0x08000274       0xac main.o
                0x08000274                setup
                0x080002b8                set_Pressure_Val
                0x080002d4                main
 .text          0x08000320       0x84 Pressure_Sensor_Driver.o
                0x08000320                PS_init
                0x0800032c                ST_PS_reading
                0x08000374                ST_PS_waiting
 *(.rodata)
                0x080003a4                _E_text = .

.glue_7         0x080003a4        0x0
 .glue_7        0x00000000        0x0 linker stubs

.glue_7t        0x080003a4        0x0
 .glue_7t       0x00000000        0x0 linker stubs

.vfp11_veneer   0x080003a4        0x0
 .vfp11_veneer  0x00000000        0x0 linker stubs

.v4_bx          0x080003a4        0x0
 .v4_bx         0x00000000        0x0 linker stubs

.iplt           0x080003a4        0x0
 .iplt          0x00000000        0x0 startup.o

.rel.dyn        0x080003a4        0x0
 .rel.iplt      0x00000000        0x0 startup.o

.data           0x20000000        0x0 load address 0x080003a4
                0x20000000                _S_data = .
 *(.data)
 .data          0x20000000        0x0 startup.o
 .data          0x20000000        0x0 Alarm_Driver.o
 .data          0x20000000        0x0 Alarm_Manager.o
 .data          0x20000000        0x0 driver.o
 .data          0x20000000        0x0 main.o
 .data          0x20000000        0x0 Pressure_Sensor_Driver.o
                0x20000000                _E_data = .

.igot.plt       0x20000000        0x0 load address 0x080003a4
 .igot.plt      0x00000000        0x0 startup.o

.bss            0x20000000     0x1011 load address 0x080003a4
                0x20000000                _S_bss = .
 *(.bss*)
 .bss           0x20000000        0x0 startup.o
 .bss           0x20000000        0x0 Alarm_Driver.o
 .bss           0x20000000        0x0 Alarm_Manager.o
 .bss           0x20000000        0x0 driver.o
 .bss           0x20000000        0x0 main.o
 .bss           0x20000000        0x4 Pressure_Sensor_Driver.o
                0x20000000                PS_Pval
                0x20000004                _E_bss = .
                0x20000004                . = ALIGN (0x4)
                0x20001004                . = (. + 0x1000)
 *fill*         0x20000004     0x1000 
                0x20001004                _stack_top = .
 COMMON         0x20001004        0x4 Alarm_Driver.o
                0x20001004                AD_state
 COMMON         0x20001008        0x4 Alarm_Manager.o
                0x20001008                AM_state
 COMMON         0x2000100c        0x5 Pressure_Sensor_Driver.o
                0x2000100c                PS_state
                0x20001010                PS_state_id
LOAD startup.o
LOAD Alarm_Driver.o
LOAD Alarm_Manager.o
LOAD driver.o
LOAD main.o
LOAD Pressure_Sensor_Driver.o
OUTPUT(learn_in_depth_cortex_m3.elf elf32-littlearm)

.ARM.attributes
                0x00000000       0x2f
 .ARM.attributes
                0x00000000       0x21 startup.o
 .ARM.attributes
                0x00000021       0x33 Alarm_Driver.o
 .ARM.attributes
                0x00000054       0x33 Alarm_Manager.o
 .ARM.attributes
                0x00000087       0x33 driver.o
 .ARM.attributes
                0x000000ba       0x33 main.o
 .ARM.attributes
                0x000000ed       0x33 Pressure_Sensor_Driver.o

.comment        0x00000000       0x11
 .comment       0x00000000       0x11 Alarm_Driver.o
                                 0x12 (size before relaxing)
 .comment       0x00000000       0x12 Alarm_Manager.o
 .comment       0x00000000       0x12 driver.o
 .comment       0x00000000       0x12 main.o
 .comment       0x00000000       0x12 Pressure_Sensor_Driver.o

.debug_line     0x00000000      0x28f
 .debug_line    0x00000000       0x3b startup.o
 .debug_line    0x0000003b       0x4c Alarm_Driver.o
 .debug_line    0x00000087       0x5d Alarm_Manager.o
 .debug_line    0x000000e4       0x99 driver.o
 .debug_line    0x0000017d       0xa2 main.o
 .debug_line    0x0000021f       0x70 Pressure_Sensor_Driver.o

.debug_info     0x00000000      0x5b1
 .debug_info    0x00000000       0x5d startup.o
 .debug_info    0x0000005d      0x13e Alarm_Driver.o
 .debug_info    0x0000019b       0xfa Alarm_Manager.o
 .debug_info    0x00000295      0x103 driver.o
 .debug_info    0x00000398      0x105 main.o
 .debug_info    0x0000049d      0x114 Pressure_Sensor_Driver.o

.debug_abbrev   0x00000000      0x31e
 .debug_abbrev  0x00000000       0x14 startup.o
 .debug_abbrev  0x00000014       0xa5 Alarm_Driver.o
 .debug_abbrev  0x000000b9       0x8d Alarm_Manager.o
 .debug_abbrev  0x00000146       0x9d driver.o
 .debug_abbrev  0x000001e3       0xa7 main.o
 .debug_abbrev  0x0000028a       0x94 Pressure_Sensor_Driver.o

.debug_aranges  0x00000000       0xc0
 .debug_aranges
                0x00000000       0x20 startup.o
 .debug_aranges
                0x00000020       0x20 Alarm_Driver.o
 .debug_aranges
                0x00000040       0x20 Alarm_Manager.o
 .debug_aranges
                0x00000060       0x20 driver.o
 .debug_aranges
                0x00000080       0x20 main.o
 .debug_aranges
                0x000000a0       0x20 Pressure_Sensor_Driver.o

.debug_loc      0x00000000      0x368
 .debug_loc     0x00000000       0xdc Alarm_Driver.o
 .debug_loc     0x000000dc       0xb0 Alarm_Manager.o
 .debug_loc     0x0000018c       0xc8 driver.o
 .debug_loc     0x00000254       0x90 main.o
 .debug_loc     0x000002e4       0x84 Pressure_Sensor_Driver.o

.debug_str      0x00000000      0x21b
 .debug_str     0x00000000       0xf9 Alarm_Driver.o
                                0x132 (size before relaxing)
 .debug_str     0x000000f9       0x5a Alarm_Manager.o
                                0x12c (size before relaxing)
 .debug_str     0x00000153       0x3c driver.o
                                0x11e (size before relaxing)
 .debug_str     0x0000018f       0x3b main.o
                                0x116 (size before relaxing)
 .debug_str     0x000001ca       0x51 Pressure_Sensor_Driver.o
                                0x139 (size before relaxing)

.debug_frame    0x00000000      0x24c
 .debug_frame   0x00000000       0x98 Alarm_Driver.o
 .debug_frame   0x00000098       0x74 Alarm_Manager.o
 .debug_frame   0x0000010c       0x78 driver.o
 .debug_frame   0x00000184       0x68 main.o
 .debug_frame   0x000001ec       0x60 Pressure_Sensor_Driver.o
