Archive member included to satisfy reference by file (symbol)

c:/st/stm32cubeide_1.4.0/stm32cubeide/plugins/com.st.stm32cube.ide.mcu.externaltools.gnu-tools-for-stm32.7-2018-q2-update.win32_1.4.0.202007081208/tools/bin/../lib/gcc/arm-none-eabi/7.3.1/../../../../arm-none-eabi/lib/thumb/v7-m\libc_nano.a(lib_a-errno.o)
                              Src/syscalls.o (__errno)
c:/st/stm32cubeide_1.4.0/stm32cubeide/plugins/com.st.stm32cube.ide.mcu.externaltools.gnu-tools-for-stm32.7-2018-q2-update.win32_1.4.0.202007081208/tools/bin/../lib/gcc/arm-none-eabi/7.3.1/../../../../arm-none-eabi/lib/thumb/v7-m\libc_nano.a(lib_a-exit.o)
                              c:/st/stm32cubeide_1.4.0/stm32cubeide/plugins/com.st.stm32cube.ide.mcu.externaltools.gnu-tools-for-stm32.7-2018-q2-update.win32_1.4.0.202007081208/tools/bin/../lib/gcc/arm-none-eabi/7.3.1/../../../../arm-none-eabi/lib/thumb/v7-m/crt0.o (exit)
c:/st/stm32cubeide_1.4.0/stm32cubeide/plugins/com.st.stm32cube.ide.mcu.externaltools.gnu-tools-for-stm32.7-2018-q2-update.win32_1.4.0.202007081208/tools/bin/../lib/gcc/arm-none-eabi/7.3.1/../../../../arm-none-eabi/lib/thumb/v7-m\libc_nano.a(lib_a-impure.o)
                              c:/st/stm32cubeide_1.4.0/stm32cubeide/plugins/com.st.stm32cube.ide.mcu.externaltools.gnu-tools-for-stm32.7-2018-q2-update.win32_1.4.0.202007081208/tools/bin/../lib/gcc/arm-none-eabi/7.3.1/../../../../arm-none-eabi/lib/thumb/v7-m\libc_nano.a(lib_a-exit.o) (_global_impure_ptr)
c:/st/stm32cubeide_1.4.0/stm32cubeide/plugins/com.st.stm32cube.ide.mcu.externaltools.gnu-tools-for-stm32.7-2018-q2-update.win32_1.4.0.202007081208/tools/bin/../lib/gcc/arm-none-eabi/7.3.1/../../../../arm-none-eabi/lib/thumb/v7-m\libc_nano.a(lib_a-init.o)
                              c:/st/stm32cubeide_1.4.0/stm32cubeide/plugins/com.st.stm32cube.ide.mcu.externaltools.gnu-tools-for-stm32.7-2018-q2-update.win32_1.4.0.202007081208/tools/bin/../lib/gcc/arm-none-eabi/7.3.1/../../../../arm-none-eabi/lib/thumb/v7-m/crt0.o (__libc_init_array)
c:/st/stm32cubeide_1.4.0/stm32cubeide/plugins/com.st.stm32cube.ide.mcu.externaltools.gnu-tools-for-stm32.7-2018-q2-update.win32_1.4.0.202007081208/tools/bin/../lib/gcc/arm-none-eabi/7.3.1/../../../../arm-none-eabi/lib/thumb/v7-m\libc_nano.a(lib_a-memset.o)
                              c:/st/stm32cubeide_1.4.0/stm32cubeide/plugins/com.st.stm32cube.ide.mcu.externaltools.gnu-tools-for-stm32.7-2018-q2-update.win32_1.4.0.202007081208/tools/bin/../lib/gcc/arm-none-eabi/7.3.1/../../../../arm-none-eabi/lib/thumb/v7-m/crt0.o (memset)

Allocating common symbols
Common symbol       size              file

Global_SPI_Config2  0x18              Stm32F103C6_Drives/Stm32_F103C6_SPI_Driver.o
PinCfg              0x4               HAL/lcd.o
Global_SPI_Config1  0x18              Stm32F103C6_Drives/Stm32_F103C6_SPI_Driver.o
GP_IRQ_CallBack     0x3c              Src/main.o

Discarded input sections

 .text          0x0000000000000000        0x0 c:/st/stm32cubeide_1.4.0/stm32cubeide/plugins/com.st.stm32cube.ide.mcu.externaltools.gnu-tools-for-stm32.7-2018-q2-update.win32_1.4.0.202007081208/tools/bin/../lib/gcc/arm-none-eabi/7.3.1/thumb/v7-m/crti.o
 .data          0x0000000000000000        0x0 c:/st/stm32cubeide_1.4.0/stm32cubeide/plugins/com.st.stm32cube.ide.mcu.externaltools.gnu-tools-for-stm32.7-2018-q2-update.win32_1.4.0.202007081208/tools/bin/../lib/gcc/arm-none-eabi/7.3.1/thumb/v7-m/crti.o
 .bss           0x0000000000000000        0x0 c:/st/stm32cubeide_1.4.0/stm32cubeide/plugins/com.st.stm32cube.ide.mcu.externaltools.gnu-tools-for-stm32.7-2018-q2-update.win32_1.4.0.202007081208/tools/bin/../lib/gcc/arm-none-eabi/7.3.1/thumb/v7-m/crti.o
 .data          0x0000000000000000        0x4 c:/st/stm32cubeide_1.4.0/stm32cubeide/plugins/com.st.stm32cube.ide.mcu.externaltools.gnu-tools-for-stm32.7-2018-q2-update.win32_1.4.0.202007081208/tools/bin/../lib/gcc/arm-none-eabi/7.3.1/thumb/v7-m/crtbegin.o
 .text          0x0000000000000000       0x74 c:/st/stm32cubeide_1.4.0/stm32cubeide/plugins/com.st.stm32cube.ide.mcu.externaltools.gnu-tools-for-stm32.7-2018-q2-update.win32_1.4.0.202007081208/tools/bin/../lib/gcc/arm-none-eabi/7.3.1/../../../../arm-none-eabi/lib/thumb/v7-m/crt0.o
 .data          0x0000000000000000        0x0 c:/st/stm32cubeide_1.4.0/stm32cubeide/plugins/com.st.stm32cube.ide.mcu.externaltools.gnu-tools-for-stm32.7-2018-q2-update.win32_1.4.0.202007081208/tools/bin/../lib/gcc/arm-none-eabi/7.3.1/../../../../arm-none-eabi/lib/thumb/v7-m/crt0.o
 .bss           0x0000000000000000        0x0 c:/st/stm32cubeide_1.4.0/stm32cubeide/plugins/com.st.stm32cube.ide.mcu.externaltools.gnu-tools-for-stm32.7-2018-q2-update.win32_1.4.0.202007081208/tools/bin/../lib/gcc/arm-none-eabi/7.3.1/../../../../arm-none-eabi/lib/thumb/v7-m/crt0.o
 .ARM.extab     0x0000000000000000        0x0 c:/st/stm32cubeide_1.4.0/stm32cubeide/plugins/com.st.stm32cube.ide.mcu.externaltools.gnu-tools-for-stm32.7-2018-q2-update.win32_1.4.0.202007081208/tools/bin/../lib/gcc/arm-none-eabi/7.3.1/../../../../arm-none-eabi/lib/thumb/v7-m/crt0.o
 .ARM.exidx     0x0000000000000000        0x8 c:/st/stm32cubeide_1.4.0/stm32cubeide/plugins/com.st.stm32cube.ide.mcu.externaltools.gnu-tools-for-stm32.7-2018-q2-update.win32_1.4.0.202007081208/tools/bin/../lib/gcc/arm-none-eabi/7.3.1/../../../../arm-none-eabi/lib/thumb/v7-m/crt0.o
 .ARM.attributes
                0x0000000000000000       0x1b c:/st/stm32cubeide_1.4.0/stm32cubeide/plugins/com.st.stm32cube.ide.mcu.externaltools.gnu-tools-for-stm32.7-2018-q2-update.win32_1.4.0.202007081208/tools/bin/../lib/gcc/arm-none-eabi/7.3.1/../../../../arm-none-eabi/lib/thumb/v7-m/crt0.o
 .group         0x0000000000000000        0xc HAL/keypad.o
 .group         0x0000000000000000        0xc HAL/keypad.o
 .group         0x0000000000000000        0xc HAL/keypad.o
 .group         0x0000000000000000        0xc HAL/keypad.o
 .group         0x0000000000000000        0xc HAL/keypad.o
 .group         0x0000000000000000        0xc HAL/keypad.o
 .group         0x0000000000000000        0xc HAL/keypad.o
 .group         0x0000000000000000        0xc HAL/keypad.o
 .group         0x0000000000000000        0xc HAL/keypad.o
 .group         0x0000000000000000        0xc HAL/keypad.o
 .group         0x0000000000000000        0xc HAL/keypad.o
 .group         0x0000000000000000        0xc HAL/keypad.o
 .group         0x0000000000000000        0xc HAL/keypad.o
 .group         0x0000000000000000        0xc HAL/keypad.o
 .group         0x0000000000000000        0xc HAL/keypad.o
 .group         0x0000000000000000        0xc HAL/keypad.o
 .group         0x0000000000000000        0xc HAL/keypad.o
 .group         0x0000000000000000        0xc HAL/keypad.o
 .group         0x0000000000000000        0xc HAL/keypad.o
 .group         0x0000000000000000        0xc HAL/keypad.o
 .group         0x0000000000000000        0xc HAL/keypad.o
 .group         0x0000000000000000        0xc HAL/keypad.o
 .group         0x0000000000000000        0xc HAL/keypad.o
 .group         0x0000000000000000        0xc HAL/keypad.o
 .group         0x0000000000000000        0xc HAL/keypad.o
 .text          0x0000000000000000        0x0 HAL/keypad.o
 .data          0x0000000000000000        0x0 HAL/keypad.o
 .bss           0x0000000000000000        0x0 HAL/keypad.o
 .data.Key_padRow
                0x0000000000000000       0x10 HAL/keypad.o
 .data.Key_padCol
                0x0000000000000000       0x10 HAL/keypad.o
 .text.delay_mss
                0x0000000000000000       0x38 HAL/keypad.o
 .text.Keypad_init
                0x0000000000000000       0xcc HAL/keypad.o
 .text.Keypad_getkey
                0x0000000000000000      0x194 HAL/keypad.o
 .debug_info    0x0000000000000000      0xb48 HAL/keypad.o
 .debug_abbrev  0x0000000000000000      0x1de HAL/keypad.o
 .debug_loc     0x0000000000000000       0xfc HAL/keypad.o
 .debug_aranges
                0x0000000000000000       0x30 HAL/keypad.o
 .debug_ranges  0x0000000000000000       0x20 HAL/keypad.o
 .debug_macro   0x0000000000000000      0x152 HAL/keypad.o
 .debug_macro   0x0000000000000000      0xa60 HAL/keypad.o
 .debug_macro   0x0000000000000000       0x18 HAL/keypad.o
 .debug_macro   0x0000000000000000       0x22 HAL/keypad.o
 .debug_macro   0x0000000000000000       0x40 HAL/keypad.o
 .debug_macro   0x0000000000000000       0x94 HAL/keypad.o
 .debug_macro   0x0000000000000000       0x3c HAL/keypad.o
 .debug_macro   0x0000000000000000       0x34 HAL/keypad.o
 .debug_macro   0x0000000000000000       0x16 HAL/keypad.o
 .debug_macro   0x0000000000000000      0x10e HAL/keypad.o
 .debug_macro   0x0000000000000000       0x8d HAL/keypad.o
 .debug_macro   0x0000000000000000       0x57 HAL/keypad.o
 .debug_macro   0x0000000000000000       0x52 HAL/keypad.o
 .debug_macro   0x0000000000000000       0x1f HAL/keypad.o
 .debug_macro   0x0000000000000000       0x43 HAL/keypad.o
 .debug_macro   0x0000000000000000       0x20 HAL/keypad.o
 .debug_macro   0x0000000000000000      0x1a3 HAL/keypad.o
 .debug_macro   0x0000000000000000      0x330 HAL/keypad.o
 .debug_macro   0x0000000000000000       0x16 HAL/keypad.o
 .debug_macro   0x0000000000000000       0x29 HAL/keypad.o
 .debug_macro   0x0000000000000000       0xef HAL/keypad.o
 .debug_macro   0x0000000000000000       0x6a HAL/keypad.o
 .debug_macro   0x0000000000000000      0x1df HAL/keypad.o
 .debug_macro   0x0000000000000000      0x2a0 HAL/keypad.o
 .debug_macro   0x0000000000000000       0xd0 HAL/keypad.o
 .debug_macro   0x0000000000000000       0x3a HAL/keypad.o
 .debug_line    0x0000000000000000      0x661 HAL/keypad.o
 .debug_str     0x0000000000000000     0x832d HAL/keypad.o
 .comment       0x0000000000000000       0x7c HAL/keypad.o
 .debug_frame   0x0000000000000000       0x80 HAL/keypad.o
 .ARM.attributes
                0x0000000000000000       0x33 HAL/keypad.o
 .group         0x0000000000000000        0xc HAL/lcd.o
 .group         0x0000000000000000        0xc HAL/lcd.o
 .group         0x0000000000000000        0xc HAL/lcd.o
 .group         0x0000000000000000        0xc HAL/lcd.o
 .group         0x0000000000000000        0xc HAL/lcd.o
 .group         0x0000000000000000        0xc HAL/lcd.o
 .group         0x0000000000000000        0xc HAL/lcd.o
 .group         0x0000000000000000        0xc HAL/lcd.o
 .group         0x0000000000000000        0xc HAL/lcd.o
 .group         0x0000000000000000        0xc HAL/lcd.o
 .group         0x0000000000000000        0xc HAL/lcd.o
 .group         0x0000000000000000        0xc HAL/lcd.o
 .group         0x0000000000000000        0xc HAL/lcd.o
 .group         0x0000000000000000        0xc HAL/lcd.o
 .group         0x0000000000000000        0xc HAL/lcd.o
 .group         0x0000000000000000        0xc HAL/lcd.o
 .group         0x0000000000000000        0xc HAL/lcd.o
 .group         0x0000000000000000        0xc HAL/lcd.o
 .group         0x0000000000000000        0xc HAL/lcd.o
 .group         0x0000000000000000        0xc HAL/lcd.o
 .group         0x0000000000000000        0xc HAL/lcd.o
 .group         0x0000000000000000        0xc HAL/lcd.o
 .group         0x0000000000000000        0xc HAL/lcd.o
 .group         0x0000000000000000        0xc HAL/lcd.o
 .group         0x0000000000000000        0xc HAL/lcd.o
 .group         0x0000000000000000        0xc HAL/lcd.o
 .text          0x0000000000000000        0x0 HAL/lcd.o
 .data          0x0000000000000000        0x0 HAL/lcd.o
 .bss           0x0000000000000000        0x0 HAL/lcd.o
 .text.delay_ms
                0x0000000000000000       0x38 HAL/lcd.o
 .text.LCD_GPIO_init
                0x0000000000000000      0x158 HAL/lcd.o
 .text.LCD_clear_screen
                0x0000000000000000        0xe HAL/lcd.o
 .text.LCD_lcd_kick
                0x0000000000000000       0x2c HAL/lcd.o
 .text.LCD_GOTO_XY
                0x0000000000000000       0x48 HAL/lcd.o
 .text.LCD_INIT
                0x0000000000000000       0x34 HAL/lcd.o
 .text.LCD_check_lcd_isbusy
                0x0000000000000000       0xd8 HAL/lcd.o
 .text.LCD_WRITE_COMMAND
                0x0000000000000000       0x44 HAL/lcd.o
 .text.LCD_WRITE_CHAR
                0x0000000000000000       0x44 HAL/lcd.o
 .text.LCD_WRITE_STRING
                0x0000000000000000       0x58 HAL/lcd.o
 .debug_info    0x0000000000000000      0xbf3 HAL/lcd.o
 .debug_abbrev  0x0000000000000000      0x1f4 HAL/lcd.o
 .debug_loc     0x0000000000000000      0x278 HAL/lcd.o
 .debug_aranges
                0x0000000000000000       0x68 HAL/lcd.o
 .debug_ranges  0x0000000000000000       0x58 HAL/lcd.o
 .debug_macro   0x0000000000000000      0x151 HAL/lcd.o
 .debug_macro   0x0000000000000000      0xa60 HAL/lcd.o
 .debug_macro   0x0000000000000000       0x10 HAL/lcd.o
 .debug_macro   0x0000000000000000       0x18 HAL/lcd.o
 .debug_macro   0x0000000000000000       0x22 HAL/lcd.o
 .debug_macro   0x0000000000000000       0x40 HAL/lcd.o
 .debug_macro   0x0000000000000000       0x94 HAL/lcd.o
 .debug_macro   0x0000000000000000       0x3c HAL/lcd.o
 .debug_macro   0x0000000000000000       0x34 HAL/lcd.o
 .debug_macro   0x0000000000000000       0x16 HAL/lcd.o
 .debug_macro   0x0000000000000000      0x10e HAL/lcd.o
 .debug_macro   0x0000000000000000       0x8d HAL/lcd.o
 .debug_macro   0x0000000000000000       0x57 HAL/lcd.o
 .debug_macro   0x0000000000000000       0x52 HAL/lcd.o
 .debug_macro   0x0000000000000000       0x1f HAL/lcd.o
 .debug_macro   0x0000000000000000       0x43 HAL/lcd.o
 .debug_macro   0x0000000000000000       0x20 HAL/lcd.o
 .debug_macro   0x0000000000000000      0x1a3 HAL/lcd.o
 .debug_macro   0x0000000000000000      0x330 HAL/lcd.o
 .debug_macro   0x0000000000000000       0x16 HAL/lcd.o
 .debug_macro   0x0000000000000000       0x29 HAL/lcd.o
 .debug_macro   0x0000000000000000       0xef HAL/lcd.o
 .debug_macro   0x0000000000000000       0x6a HAL/lcd.o
 .debug_macro   0x0000000000000000      0x1df HAL/lcd.o
 .debug_macro   0x0000000000000000      0x2a0 HAL/lcd.o
 .debug_macro   0x0000000000000000       0xd0 HAL/lcd.o
 .debug_macro   0x0000000000000000       0x94 HAL/lcd.o
 .debug_line    0x0000000000000000      0x6cb HAL/lcd.o
 .debug_str     0x0000000000000000     0x8589 HAL/lcd.o
 .comment       0x0000000000000000       0x7c HAL/lcd.o
 .debug_frame   0x0000000000000000      0x154 HAL/lcd.o
 .ARM.attributes
                0x0000000000000000       0x33 HAL/lcd.o
 COMMON         0x0000000000000000        0x4 HAL/lcd.o
 .group         0x0000000000000000        0xc Src/main.o
 .group         0x0000000000000000        0xc Src/main.o
 .group         0x0000000000000000        0xc Src/main.o
 .group         0x0000000000000000        0xc Src/main.o
 .group         0x0000000000000000        0xc Src/main.o
 .group         0x0000000000000000        0xc Src/main.o
 .group         0x0000000000000000        0xc Src/main.o
 .group         0x0000000000000000        0xc Src/main.o
 .group         0x0000000000000000        0xc Src/main.o
 .group         0x0000000000000000        0xc Src/main.o
 .group         0x0000000000000000        0xc Src/main.o
 .group         0x0000000000000000        0xc Src/main.o
 .group         0x0000000000000000        0xc Src/main.o
 .group         0x0000000000000000        0xc Src/main.o
 .group         0x0000000000000000        0xc Src/main.o
 .group         0x0000000000000000        0xc Src/main.o
 .group         0x0000000000000000        0xc Src/main.o
 .group         0x0000000000000000        0xc Src/main.o
 .group         0x0000000000000000        0xc Src/main.o
 .group         0x0000000000000000        0xc Src/main.o
 .group         0x0000000000000000        0xc Src/main.o
 .group         0x0000000000000000        0xc Src/main.o
 .group         0x0000000000000000        0xc Src/main.o
 .group         0x0000000000000000        0xc Src/main.o
 .group         0x0000000000000000        0xc Src/main.o
 .group         0x0000000000000000        0xc Src/main.o
 .group         0x0000000000000000        0xc Src/main.o
 .text          0x0000000000000000        0x0 Src/main.o
 .data          0x0000000000000000        0x0 Src/main.o
 .bss           0x0000000000000000        0x0 Src/main.o
 .debug_macro   0x0000000000000000      0xa60 Src/main.o
 .debug_macro   0x0000000000000000       0x18 Src/main.o
 .debug_macro   0x0000000000000000       0x22 Src/main.o
 .debug_macro   0x0000000000000000       0x40 Src/main.o
 .debug_macro   0x0000000000000000       0x94 Src/main.o
 .debug_macro   0x0000000000000000       0x3c Src/main.o
 .debug_macro   0x0000000000000000       0x34 Src/main.o
 .debug_macro   0x0000000000000000       0x16 Src/main.o
 .debug_macro   0x0000000000000000      0x10e Src/main.o
 .debug_macro   0x0000000000000000       0x8d Src/main.o
 .debug_macro   0x0000000000000000       0x57 Src/main.o
 .debug_macro   0x0000000000000000       0x52 Src/main.o
 .debug_macro   0x0000000000000000       0x1f Src/main.o
 .debug_macro   0x0000000000000000       0x43 Src/main.o
 .debug_macro   0x0000000000000000       0x20 Src/main.o
 .debug_macro   0x0000000000000000      0x1a3 Src/main.o
 .debug_macro   0x0000000000000000      0x330 Src/main.o
 .debug_macro   0x0000000000000000       0x16 Src/main.o
 .debug_macro   0x0000000000000000       0x29 Src/main.o
 .debug_macro   0x0000000000000000       0xef Src/main.o
 .debug_macro   0x0000000000000000       0x6a Src/main.o
 .debug_macro   0x0000000000000000      0x1df Src/main.o
 .debug_macro   0x0000000000000000      0x2a0 Src/main.o
 .debug_macro   0x0000000000000000       0xd0 Src/main.o
 .group         0x0000000000000000        0xc Src/syscalls.o
 .group         0x0000000000000000        0xc Src/syscalls.o
 .group         0x0000000000000000        0xc Src/syscalls.o
 .group         0x0000000000000000        0xc Src/syscalls.o
 .group         0x0000000000000000        0xc Src/syscalls.o
 .group         0x0000000000000000        0xc Src/syscalls.o
 .group         0x0000000000000000        0xc Src/syscalls.o
 .group         0x0000000000000000        0xc Src/syscalls.o
 .group         0x0000000000000000        0xc Src/syscalls.o
 .group         0x0000000000000000        0xc Src/syscalls.o
 .group         0x0000000000000000        0xc Src/syscalls.o
 .group         0x0000000000000000        0xc Src/syscalls.o
 .group         0x0000000000000000        0xc Src/syscalls.o
 .group         0x0000000000000000        0xc Src/syscalls.o
 .group         0x0000000000000000        0xc Src/syscalls.o
 .group         0x0000000000000000        0xc Src/syscalls.o
 .group         0x0000000000000000        0xc Src/syscalls.o
 .group         0x0000000000000000        0xc Src/syscalls.o
 .group         0x0000000000000000        0xc Src/syscalls.o
 .group         0x0000000000000000        0xc Src/syscalls.o
 .group         0x0000000000000000        0xc Src/syscalls.o
 .group         0x0000000000000000        0xc Src/syscalls.o
 .group         0x0000000000000000        0xc Src/syscalls.o
 .group         0x0000000000000000        0xc Src/syscalls.o
 .group         0x0000000000000000        0xc Src/syscalls.o
 .group         0x0000000000000000        0xc Src/syscalls.o
 .group         0x0000000000000000        0xc Src/syscalls.o
 .group         0x0000000000000000        0xc Src/syscalls.o
 .group         0x0000000000000000        0xc Src/syscalls.o
 .group         0x0000000000000000        0xc Src/syscalls.o
 .group         0x0000000000000000        0xc Src/syscalls.o
 .group         0x0000000000000000        0xc Src/syscalls.o
 .group         0x0000000000000000        0xc Src/syscalls.o
 .group         0x0000000000000000        0xc Src/syscalls.o
 .group         0x0000000000000000        0xc Src/syscalls.o
 .group         0x0000000000000000        0xc Src/syscalls.o
 .group         0x0000000000000000        0xc Src/syscalls.o
 .group         0x0000000000000000        0xc Src/syscalls.o
 .group         0x0000000000000000        0xc Src/syscalls.o
 .group         0x0000000000000000        0xc Src/syscalls.o
 .group         0x0000000000000000        0xc Src/syscalls.o
 .group         0x0000000000000000        0xc Src/syscalls.o
 .group         0x0000000000000000        0xc Src/syscalls.o
 .group         0x0000000000000000        0xc Src/syscalls.o
 .text          0x0000000000000000        0x0 Src/syscalls.o
 .data          0x0000000000000000        0x0 Src/syscalls.o
 .bss           0x0000000000000000        0x0 Src/syscalls.o
 .bss.__env     0x0000000000000000        0x4 Src/syscalls.o
 .data.environ  0x0000000000000000        0x4 Src/syscalls.o
 .text.initialise_monitor_handles
                0x0000000000000000        0xc Src/syscalls.o
 .text._getpid  0x0000000000000000        0xe Src/syscalls.o
 .text._kill    0x0000000000000000       0x20 Src/syscalls.o
 .text._exit    0x0000000000000000       0x14 Src/syscalls.o
 .text._read    0x0000000000000000       0x3a Src/syscalls.o
 .text._write   0x0000000000000000       0x38 Src/syscalls.o
 .text._close   0x0000000000000000       0x16 Src/syscalls.o
 .text._fstat   0x0000000000000000       0x1e Src/syscalls.o
 .text._isatty  0x0000000000000000       0x14 Src/syscalls.o
 .text._lseek   0x0000000000000000       0x18 Src/syscalls.o
 .text._open    0x0000000000000000       0x1a Src/syscalls.o
 .text._wait    0x0000000000000000       0x1e Src/syscalls.o
 .text._unlink  0x0000000000000000       0x1e Src/syscalls.o
 .text._times   0x0000000000000000       0x16 Src/syscalls.o
 .text._stat    0x0000000000000000       0x1e Src/syscalls.o
 .text._link    0x0000000000000000       0x20 Src/syscalls.o
 .text._fork    0x0000000000000000       0x16 Src/syscalls.o
 .text._execve  0x0000000000000000       0x22 Src/syscalls.o
 .debug_info    0x0000000000000000     0x1038 Src/syscalls.o
 .debug_abbrev  0x0000000000000000      0x254 Src/syscalls.o
 .debug_loc     0x0000000000000000      0x5b8 Src/syscalls.o
 .debug_aranges
                0x0000000000000000       0xa8 Src/syscalls.o
 .debug_ranges  0x0000000000000000       0x98 Src/syscalls.o
 .debug_macro   0x0000000000000000      0x243 Src/syscalls.o
 .debug_macro   0x0000000000000000      0xa60 Src/syscalls.o
 .debug_macro   0x0000000000000000       0x22 Src/syscalls.o
 .debug_macro   0x0000000000000000       0x40 Src/syscalls.o
 .debug_macro   0x0000000000000000       0x18 Src/syscalls.o
 .debug_macro   0x0000000000000000       0x94 Src/syscalls.o
 .debug_macro   0x0000000000000000       0x3c Src/syscalls.o
 .debug_macro   0x0000000000000000       0x34 Src/syscalls.o
 .debug_macro   0x0000000000000000       0x57 Src/syscalls.o
 .debug_macro   0x0000000000000000      0x174 Src/syscalls.o
 .debug_macro   0x0000000000000000      0x330 Src/syscalls.o
 .debug_macro   0x0000000000000000       0x52 Src/syscalls.o
 .debug_macro   0x0000000000000000       0x1f Src/syscalls.o
 .debug_macro   0x0000000000000000       0x43 Src/syscalls.o
 .debug_macro   0x0000000000000000       0x20 Src/syscalls.o
 .debug_macro   0x0000000000000000      0x1a3 Src/syscalls.o
 .debug_macro   0x0000000000000000       0x10 Src/syscalls.o
 .debug_macro   0x0000000000000000       0x35 Src/syscalls.o
 .debug_macro   0x0000000000000000       0x10 Src/syscalls.o
 .debug_macro   0x0000000000000000       0x10 Src/syscalls.o
 .debug_macro   0x0000000000000000       0x10 Src/syscalls.o
 .debug_macro   0x0000000000000000       0x6a Src/syscalls.o
 .debug_macro   0x0000000000000000       0x1c Src/syscalls.o
 .debug_macro   0x0000000000000000       0x52 Src/syscalls.o
 .debug_macro   0x0000000000000000       0x40 Src/syscalls.o
 .debug_macro   0x0000000000000000       0x10 Src/syscalls.o
 .debug_macro   0x0000000000000000       0x40 Src/syscalls.o
 .debug_macro   0x0000000000000000       0xd7 Src/syscalls.o
 .debug_macro   0x0000000000000000       0x1c Src/syscalls.o
 .debug_macro   0x0000000000000000       0x3d Src/syscalls.o
 .debug_macro   0x0000000000000000       0x35 Src/syscalls.o
 .debug_macro   0x0000000000000000      0x122 Src/syscalls.o
 .debug_macro   0x0000000000000000       0x16 Src/syscalls.o
 .debug_macro   0x0000000000000000       0x16 Src/syscalls.o
 .debug_macro   0x0000000000000000       0x29 Src/syscalls.o
 .debug_macro   0x0000000000000000       0x10 Src/syscalls.o
 .debug_macro   0x0000000000000000      0x241 Src/syscalls.o
 .debug_macro   0x0000000000000000       0x1c Src/syscalls.o
 .debug_macro   0x0000000000000000       0x10 Src/syscalls.o
 .debug_macro   0x0000000000000000       0x10 Src/syscalls.o
 .debug_macro   0x0000000000000000       0x16 Src/syscalls.o
 .debug_macro   0x0000000000000000      0x145 Src/syscalls.o
 .debug_macro   0x0000000000000000      0x189 Src/syscalls.o
 .debug_macro   0x0000000000000000       0x16 Src/syscalls.o
 .debug_macro   0x0000000000000000       0x88 Src/syscalls.o
 .debug_line    0x0000000000000000      0x739 Src/syscalls.o
 .debug_str     0x0000000000000000     0x8882 Src/syscalls.o
 .comment       0x0000000000000000       0x7c Src/syscalls.o
 .debug_frame   0x0000000000000000      0x2ac Src/syscalls.o
 .ARM.attributes
                0x0000000000000000       0x33 Src/syscalls.o
 .group         0x0000000000000000        0xc Src/sysmem.o
 .group         0x0000000000000000        0xc Src/sysmem.o
 .group         0x0000000000000000        0xc Src/sysmem.o
 .group         0x0000000000000000        0xc Src/sysmem.o
 .group         0x0000000000000000        0xc Src/sysmem.o
 .group         0x0000000000000000        0xc Src/sysmem.o
 .group         0x0000000000000000        0xc Src/sysmem.o
 .group         0x0000000000000000        0xc Src/sysmem.o
 .group         0x0000000000000000        0xc Src/sysmem.o
 .group         0x0000000000000000        0xc Src/sysmem.o
 .group         0x0000000000000000        0xc Src/sysmem.o
 .group         0x0000000000000000        0xc Src/sysmem.o
 .group         0x0000000000000000        0xc Src/sysmem.o
 .group         0x0000000000000000        0xc Src/sysmem.o
 .group         0x0000000000000000        0xc Src/sysmem.o
 .group         0x0000000000000000        0xc Src/sysmem.o
 .group         0x0000000000000000        0xc Src/sysmem.o
 .group         0x0000000000000000        0xc Src/sysmem.o
 .group         0x0000000000000000        0xc Src/sysmem.o
 .text          0x0000000000000000        0x0 Src/sysmem.o
 .data          0x0000000000000000        0x0 Src/sysmem.o
 .bss           0x0000000000000000        0x0 Src/sysmem.o
 .bss.__sbrk_heap_end
                0x0000000000000000        0x4 Src/sysmem.o
 .text._sbrk    0x0000000000000000       0x6c Src/sysmem.o
 .debug_info    0x0000000000000000      0xa7c Src/sysmem.o
 .debug_abbrev  0x0000000000000000      0x18e Src/sysmem.o
 .debug_loc     0x0000000000000000       0x50 Src/sysmem.o
 .debug_aranges
                0x0000000000000000       0x20 Src/sysmem.o
 .debug_ranges  0x0000000000000000       0x10 Src/sysmem.o
 .debug_macro   0x0000000000000000       0xee Src/sysmem.o
 .debug_macro   0x0000000000000000      0xa60 Src/sysmem.o
 .debug_macro   0x0000000000000000       0x10 Src/sysmem.o
 .debug_macro   0x0000000000000000       0x22 Src/sysmem.o
 .debug_macro   0x0000000000000000       0x40 Src/sysmem.o
 .debug_macro   0x0000000000000000       0x18 Src/sysmem.o
 .debug_macro   0x0000000000000000       0x94 Src/sysmem.o
 .debug_macro   0x0000000000000000       0x3c Src/sysmem.o
 .debug_macro   0x0000000000000000       0x34 Src/sysmem.o
 .debug_macro   0x0000000000000000      0x174 Src/sysmem.o
 .debug_macro   0x0000000000000000       0x57 Src/sysmem.o
 .debug_macro   0x0000000000000000       0x52 Src/sysmem.o
 .debug_macro   0x0000000000000000       0x1f Src/sysmem.o
 .debug_macro   0x0000000000000000       0x43 Src/sysmem.o
 .debug_macro   0x0000000000000000       0x20 Src/sysmem.o
 .debug_macro   0x0000000000000000      0x1a3 Src/sysmem.o
 .debug_macro   0x0000000000000000      0x23b Src/sysmem.o
 .debug_macro   0x0000000000000000       0xef Src/sysmem.o
 .debug_macro   0x0000000000000000       0x6a Src/sysmem.o
 .debug_macro   0x0000000000000000      0x1df Src/sysmem.o
 .debug_line    0x0000000000000000      0x4c2 Src/sysmem.o
 .debug_str     0x0000000000000000     0x5f50 Src/sysmem.o
 .comment       0x0000000000000000       0x7c Src/sysmem.o
 .debug_frame   0x0000000000000000       0x34 Src/sysmem.o
 .ARM.attributes
                0x0000000000000000       0x33 Src/sysmem.o
 .text          0x0000000000000000       0x14 Startup/startup_stm32f103c6tx.o
 .data          0x0000000000000000        0x0 Startup/startup_stm32f103c6tx.o
 .bss           0x0000000000000000        0x0 Startup/startup_stm32f103c6tx.o
 .group         0x0000000000000000        0xc Stm32F103C6_Drives/Stm32_F103C6_EXTI_Driver.o
 .group         0x0000000000000000        0xc Stm32F103C6_Drives/Stm32_F103C6_EXTI_Driver.o
 .group         0x0000000000000000        0xc Stm32F103C6_Drives/Stm32_F103C6_EXTI_Driver.o
 .group         0x0000000000000000        0xc Stm32F103C6_Drives/Stm32_F103C6_EXTI_Driver.o
 .group         0x0000000000000000        0xc Stm32F103C6_Drives/Stm32_F103C6_EXTI_Driver.o
 .group         0x0000000000000000        0xc Stm32F103C6_Drives/Stm32_F103C6_EXTI_Driver.o
 .group         0x0000000000000000        0xc Stm32F103C6_Drives/Stm32_F103C6_EXTI_Driver.o
 .group         0x0000000000000000        0xc Stm32F103C6_Drives/Stm32_F103C6_EXTI_Driver.o
 .group         0x0000000000000000        0xc Stm32F103C6_Drives/Stm32_F103C6_EXTI_Driver.o
 .group         0x0000000000000000        0xc Stm32F103C6_Drives/Stm32_F103C6_EXTI_Driver.o
 .group         0x0000000000000000        0xc Stm32F103C6_Drives/Stm32_F103C6_EXTI_Driver.o
 .group         0x0000000000000000        0xc Stm32F103C6_Drives/Stm32_F103C6_EXTI_Driver.o
 .group         0x0000000000000000        0xc Stm32F103C6_Drives/Stm32_F103C6_EXTI_Driver.o
 .group         0x0000000000000000        0xc Stm32F103C6_Drives/Stm32_F103C6_EXTI_Driver.o
 .group         0x0000000000000000        0xc Stm32F103C6_Drives/Stm32_F103C6_EXTI_Driver.o
 .group         0x0000000000000000        0xc Stm32F103C6_Drives/Stm32_F103C6_EXTI_Driver.o
 .group         0x0000000000000000        0xc Stm32F103C6_Drives/Stm32_F103C6_EXTI_Driver.o
 .group         0x0000000000000000        0xc Stm32F103C6_Drives/Stm32_F103C6_EXTI_Driver.o
 .group         0x0000000000000000        0xc Stm32F103C6_Drives/Stm32_F103C6_EXTI_Driver.o
 .group         0x0000000000000000        0xc Stm32F103C6_Drives/Stm32_F103C6_EXTI_Driver.o
 .group         0x0000000000000000        0xc Stm32F103C6_Drives/Stm32_F103C6_EXTI_Driver.o
 .group         0x0000000000000000        0xc Stm32F103C6_Drives/Stm32_F103C6_EXTI_Driver.o
 .group         0x0000000000000000        0xc Stm32F103C6_Drives/Stm32_F103C6_EXTI_Driver.o
 .group         0x0000000000000000        0xc Stm32F103C6_Drives/Stm32_F103C6_EXTI_Driver.o
 .group         0x0000000000000000        0xc Stm32F103C6_Drives/Stm32_F103C6_EXTI_Driver.o
 .text          0x0000000000000000        0x0 Stm32F103C6_Drives/Stm32_F103C6_EXTI_Driver.o
 .data          0x0000000000000000        0x0 Stm32F103C6_Drives/Stm32_F103C6_EXTI_Driver.o
 .bss           0x0000000000000000        0x0 Stm32F103C6_Drives/Stm32_F103C6_EXTI_Driver.o
 .text.MCAL_EXTI_GPIO_DeInit
                0x0000000000000000       0x94 Stm32F103C6_Drives/Stm32_F103C6_EXTI_Driver.o
 .text.MCAL_EXTI_GPIO_Update
                0x0000000000000000       0x16 Stm32F103C6_Drives/Stm32_F103C6_EXTI_Driver.o
 .debug_macro   0x0000000000000000      0xa60 Stm32F103C6_Drives/Stm32_F103C6_EXTI_Driver.o
 .debug_macro   0x0000000000000000       0x18 Stm32F103C6_Drives/Stm32_F103C6_EXTI_Driver.o
 .debug_macro   0x0000000000000000       0x22 Stm32F103C6_Drives/Stm32_F103C6_EXTI_Driver.o
 .debug_macro   0x0000000000000000       0x40 Stm32F103C6_Drives/Stm32_F103C6_EXTI_Driver.o
 .debug_macro   0x0000000000000000       0x94 Stm32F103C6_Drives/Stm32_F103C6_EXTI_Driver.o
 .debug_macro   0x0000000000000000       0x3c Stm32F103C6_Drives/Stm32_F103C6_EXTI_Driver.o
 .debug_macro   0x0000000000000000       0x34 Stm32F103C6_Drives/Stm32_F103C6_EXTI_Driver.o
 .debug_macro   0x0000000000000000       0x16 Stm32F103C6_Drives/Stm32_F103C6_EXTI_Driver.o
 .debug_macro   0x0000000000000000      0x10e Stm32F103C6_Drives/Stm32_F103C6_EXTI_Driver.o
 .debug_macro   0x0000000000000000       0x8d Stm32F103C6_Drives/Stm32_F103C6_EXTI_Driver.o
 .debug_macro   0x0000000000000000       0x57 Stm32F103C6_Drives/Stm32_F103C6_EXTI_Driver.o
 .debug_macro   0x0000000000000000       0x52 Stm32F103C6_Drives/Stm32_F103C6_EXTI_Driver.o
 .debug_macro   0x0000000000000000       0x1f Stm32F103C6_Drives/Stm32_F103C6_EXTI_Driver.o
 .debug_macro   0x0000000000000000       0x43 Stm32F103C6_Drives/Stm32_F103C6_EXTI_Driver.o
 .debug_macro   0x0000000000000000       0x20 Stm32F103C6_Drives/Stm32_F103C6_EXTI_Driver.o
 .debug_macro   0x0000000000000000      0x1a3 Stm32F103C6_Drives/Stm32_F103C6_EXTI_Driver.o
 .debug_macro   0x0000000000000000      0x330 Stm32F103C6_Drives/Stm32_F103C6_EXTI_Driver.o
 .debug_macro   0x0000000000000000       0x16 Stm32F103C6_Drives/Stm32_F103C6_EXTI_Driver.o
 .debug_macro   0x0000000000000000       0x29 Stm32F103C6_Drives/Stm32_F103C6_EXTI_Driver.o
 .debug_macro   0x0000000000000000       0xef Stm32F103C6_Drives/Stm32_F103C6_EXTI_Driver.o
 .debug_macro   0x0000000000000000       0x6a Stm32F103C6_Drives/Stm32_F103C6_EXTI_Driver.o
 .debug_macro   0x0000000000000000      0x1df Stm32F103C6_Drives/Stm32_F103C6_EXTI_Driver.o
 .debug_macro   0x0000000000000000      0x2a0 Stm32F103C6_Drives/Stm32_F103C6_EXTI_Driver.o
 .debug_macro   0x0000000000000000      0x239 Stm32F103C6_Drives/Stm32_F103C6_EXTI_Driver.o
 .group         0x0000000000000000        0xc Stm32F103C6_Drives/Stm32_F103C6_GPIO_Driver.o
 .group         0x0000000000000000        0xc Stm32F103C6_Drives/Stm32_F103C6_GPIO_Driver.o
 .group         0x0000000000000000        0xc Stm32F103C6_Drives/Stm32_F103C6_GPIO_Driver.o
 .group         0x0000000000000000        0xc Stm32F103C6_Drives/Stm32_F103C6_GPIO_Driver.o
 .group         0x0000000000000000        0xc Stm32F103C6_Drives/Stm32_F103C6_GPIO_Driver.o
 .group         0x0000000000000000        0xc Stm32F103C6_Drives/Stm32_F103C6_GPIO_Driver.o
 .group         0x0000000000000000        0xc Stm32F103C6_Drives/Stm32_F103C6_GPIO_Driver.o
 .group         0x0000000000000000        0xc Stm32F103C6_Drives/Stm32_F103C6_GPIO_Driver.o
 .group         0x0000000000000000        0xc Stm32F103C6_Drives/Stm32_F103C6_GPIO_Driver.o
 .group         0x0000000000000000        0xc Stm32F103C6_Drives/Stm32_F103C6_GPIO_Driver.o
 .group         0x0000000000000000        0xc Stm32F103C6_Drives/Stm32_F103C6_GPIO_Driver.o
 .group         0x0000000000000000        0xc Stm32F103C6_Drives/Stm32_F103C6_GPIO_Driver.o
 .group         0x0000000000000000        0xc Stm32F103C6_Drives/Stm32_F103C6_GPIO_Driver.o
 .group         0x0000000000000000        0xc Stm32F103C6_Drives/Stm32_F103C6_GPIO_Driver.o
 .group         0x0000000000000000        0xc Stm32F103C6_Drives/Stm32_F103C6_GPIO_Driver.o
 .group         0x0000000000000000        0xc Stm32F103C6_Drives/Stm32_F103C6_GPIO_Driver.o
 .group         0x0000000000000000        0xc Stm32F103C6_Drives/Stm32_F103C6_GPIO_Driver.o
 .group         0x0000000000000000        0xc Stm32F103C6_Drives/Stm32_F103C6_GPIO_Driver.o
 .group         0x0000000000000000        0xc Stm32F103C6_Drives/Stm32_F103C6_GPIO_Driver.o
 .group         0x0000000000000000        0xc Stm32F103C6_Drives/Stm32_F103C6_GPIO_Driver.o
 .group         0x0000000000000000        0xc Stm32F103C6_Drives/Stm32_F103C6_GPIO_Driver.o
 .group         0x0000000000000000        0xc Stm32F103C6_Drives/Stm32_F103C6_GPIO_Driver.o
 .group         0x0000000000000000        0xc Stm32F103C6_Drives/Stm32_F103C6_GPIO_Driver.o
 .group         0x0000000000000000        0xc Stm32F103C6_Drives/Stm32_F103C6_GPIO_Driver.o
 .text          0x0000000000000000        0x0 Stm32F103C6_Drives/Stm32_F103C6_GPIO_Driver.o
 .data          0x0000000000000000        0x0 Stm32F103C6_Drives/Stm32_F103C6_GPIO_Driver.o
 .bss           0x0000000000000000        0x0 Stm32F103C6_Drives/Stm32_F103C6_GPIO_Driver.o
 .text.MCAL_GPIO_DeInit
                0x0000000000000000       0xd4 Stm32F103C6_Drives/Stm32_F103C6_GPIO_Driver.o
 .text.MCAL_GPIO_ReadPin
                0x0000000000000000       0x2e Stm32F103C6_Drives/Stm32_F103C6_GPIO_Driver.o
 .text.MCAL_GPIO_ReadPort
                0x0000000000000000       0x1a Stm32F103C6_Drives/Stm32_F103C6_GPIO_Driver.o
 .text.MCAL_GPIO_WritePin
                0x0000000000000000       0x2e Stm32F103C6_Drives/Stm32_F103C6_GPIO_Driver.o
 .text.MCAL_GPIO_WritePort
                0x0000000000000000       0x1c Stm32F103C6_Drives/Stm32_F103C6_GPIO_Driver.o
 .text.MCAL_GPIO_TogglePin
                0x0000000000000000       0x22 Stm32F103C6_Drives/Stm32_F103C6_GPIO_Driver.o
 .text.MCAL_GPIO_LockPin
                0x0000000000000000       0x4e Stm32F103C6_Drives/Stm32_F103C6_GPIO_Driver.o
 .debug_macro   0x0000000000000000      0xa60 Stm32F103C6_Drives/Stm32_F103C6_GPIO_Driver.o
 .debug_macro   0x0000000000000000       0x18 Stm32F103C6_Drives/Stm32_F103C6_GPIO_Driver.o
 .debug_macro   0x0000000000000000       0x22 Stm32F103C6_Drives/Stm32_F103C6_GPIO_Driver.o
 .debug_macro   0x0000000000000000       0x40 Stm32F103C6_Drives/Stm32_F103C6_GPIO_Driver.o
 .debug_macro   0x0000000000000000       0x94 Stm32F103C6_Drives/Stm32_F103C6_GPIO_Driver.o
 .debug_macro   0x0000000000000000       0x3c Stm32F103C6_Drives/Stm32_F103C6_GPIO_Driver.o
 .debug_macro   0x0000000000000000       0x34 Stm32F103C6_Drives/Stm32_F103C6_GPIO_Driver.o
 .debug_macro   0x0000000000000000       0x16 Stm32F103C6_Drives/Stm32_F103C6_GPIO_Driver.o
 .debug_macro   0x0000000000000000      0x10e Stm32F103C6_Drives/Stm32_F103C6_GPIO_Driver.o
 .debug_macro   0x0000000000000000       0x8d Stm32F103C6_Drives/Stm32_F103C6_GPIO_Driver.o
 .debug_macro   0x0000000000000000       0x57 Stm32F103C6_Drives/Stm32_F103C6_GPIO_Driver.o
 .debug_macro   0x0000000000000000       0x52 Stm32F103C6_Drives/Stm32_F103C6_GPIO_Driver.o
 .debug_macro   0x0000000000000000       0x1f Stm32F103C6_Drives/Stm32_F103C6_GPIO_Driver.o
 .debug_macro   0x0000000000000000       0x43 Stm32F103C6_Drives/Stm32_F103C6_GPIO_Driver.o
 .debug_macro   0x0000000000000000       0x20 Stm32F103C6_Drives/Stm32_F103C6_GPIO_Driver.o
 .debug_macro   0x0000000000000000      0x1a3 Stm32F103C6_Drives/Stm32_F103C6_GPIO_Driver.o
 .debug_macro   0x0000000000000000      0x330 Stm32F103C6_Drives/Stm32_F103C6_GPIO_Driver.o
 .debug_macro   0x0000000000000000       0x16 Stm32F103C6_Drives/Stm32_F103C6_GPIO_Driver.o
 .debug_macro   0x0000000000000000       0x29 Stm32F103C6_Drives/Stm32_F103C6_GPIO_Driver.o
 .debug_macro   0x0000000000000000       0xef Stm32F103C6_Drives/Stm32_F103C6_GPIO_Driver.o
 .debug_macro   0x0000000000000000       0x6a Stm32F103C6_Drives/Stm32_F103C6_GPIO_Driver.o
 .debug_macro   0x0000000000000000      0x1df Stm32F103C6_Drives/Stm32_F103C6_GPIO_Driver.o
 .debug_macro   0x0000000000000000      0x2a0 Stm32F103C6_Drives/Stm32_F103C6_GPIO_Driver.o
 .debug_macro   0x0000000000000000       0xd0 Stm32F103C6_Drives/Stm32_F103C6_GPIO_Driver.o
 .group         0x0000000000000000        0xc Stm32F103C6_Drives/Stm32_F103C6_RCC_Driver.o
 .group         0x0000000000000000        0xc Stm32F103C6_Drives/Stm32_F103C6_RCC_Driver.o
 .group         0x0000000000000000        0xc Stm32F103C6_Drives/Stm32_F103C6_RCC_Driver.o
 .group         0x0000000000000000        0xc Stm32F103C6_Drives/Stm32_F103C6_RCC_Driver.o
 .group         0x0000000000000000        0xc Stm32F103C6_Drives/Stm32_F103C6_RCC_Driver.o
 .group         0x0000000000000000        0xc Stm32F103C6_Drives/Stm32_F103C6_RCC_Driver.o
 .group         0x0000000000000000        0xc Stm32F103C6_Drives/Stm32_F103C6_RCC_Driver.o
 .group         0x0000000000000000        0xc Stm32F103C6_Drives/Stm32_F103C6_RCC_Driver.o
 .group         0x0000000000000000        0xc Stm32F103C6_Drives/Stm32_F103C6_RCC_Driver.o
 .group         0x0000000000000000        0xc Stm32F103C6_Drives/Stm32_F103C6_RCC_Driver.o
 .group         0x0000000000000000        0xc Stm32F103C6_Drives/Stm32_F103C6_RCC_Driver.o
 .group         0x0000000000000000        0xc Stm32F103C6_Drives/Stm32_F103C6_RCC_Driver.o
 .group         0x0000000000000000        0xc Stm32F103C6_Drives/Stm32_F103C6_RCC_Driver.o
 .group         0x0000000000000000        0xc Stm32F103C6_Drives/Stm32_F103C6_RCC_Driver.o
 .group         0x0000000000000000        0xc Stm32F103C6_Drives/Stm32_F103C6_RCC_Driver.o
 .group         0x0000000000000000        0xc Stm32F103C6_Drives/Stm32_F103C6_RCC_Driver.o
 .group         0x0000000000000000        0xc Stm32F103C6_Drives/Stm32_F103C6_RCC_Driver.o
 .group         0x0000000000000000        0xc Stm32F103C6_Drives/Stm32_F103C6_RCC_Driver.o
 .group         0x0000000000000000        0xc Stm32F103C6_Drives/Stm32_F103C6_RCC_Driver.o
 .group         0x0000000000000000        0xc Stm32F103C6_Drives/Stm32_F103C6_RCC_Driver.o
 .group         0x0000000000000000        0xc Stm32F103C6_Drives/Stm32_F103C6_RCC_Driver.o
 .group         0x0000000000000000        0xc Stm32F103C6_Drives/Stm32_F103C6_RCC_Driver.o
 .group         0x0000000000000000        0xc Stm32F103C6_Drives/Stm32_F103C6_RCC_Driver.o
 .group         0x0000000000000000        0xc Stm32F103C6_Drives/Stm32_F103C6_RCC_Driver.o
 .group         0x0000000000000000        0xc Stm32F103C6_Drives/Stm32_F103C6_RCC_Driver.o
 .text          0x0000000000000000        0x0 Stm32F103C6_Drives/Stm32_F103C6_RCC_Driver.o
 .data          0x0000000000000000        0x0 Stm32F103C6_Drives/Stm32_F103C6_RCC_Driver.o
 .bss           0x0000000000000000        0x0 Stm32F103C6_Drives/Stm32_F103C6_RCC_Driver.o
 .rodata.APBPrescTable
                0x0000000000000000        0x8 Stm32F103C6_Drives/Stm32_F103C6_RCC_Driver.o
 .rodata.AHBPrescTable
                0x0000000000000000       0x10 Stm32F103C6_Drives/Stm32_F103C6_RCC_Driver.o
 .text.MCAL_RCC_GetSYS_CLCKFreq
                0x0000000000000000       0x3c Stm32F103C6_Drives/Stm32_F103C6_RCC_Driver.o
 .text.MCAL_RCC_GetHLCKFreq
                0x0000000000000000       0x28 Stm32F103C6_Drives/Stm32_F103C6_RCC_Driver.o
 .text.MCAL_RCC_GetPCLK1Freq
                0x0000000000000000       0x28 Stm32F103C6_Drives/Stm32_F103C6_RCC_Driver.o
 .text.MCAL_RCC_GetPCLK2Freq
                0x0000000000000000       0x28 Stm32F103C6_Drives/Stm32_F103C6_RCC_Driver.o
 .debug_info    0x0000000000000000      0xb09 Stm32F103C6_Drives/Stm32_F103C6_RCC_Driver.o
 .debug_abbrev  0x0000000000000000      0x19b Stm32F103C6_Drives/Stm32_F103C6_RCC_Driver.o
 .debug_loc     0x0000000000000000       0xc8 Stm32F103C6_Drives/Stm32_F103C6_RCC_Driver.o
 .debug_aranges
                0x0000000000000000       0x38 Stm32F103C6_Drives/Stm32_F103C6_RCC_Driver.o
 .debug_ranges  0x0000000000000000       0x28 Stm32F103C6_Drives/Stm32_F103C6_RCC_Driver.o
 .debug_macro   0x0000000000000000      0x148 Stm32F103C6_Drives/Stm32_F103C6_RCC_Driver.o
 .debug_macro   0x0000000000000000      0xa60 Stm32F103C6_Drives/Stm32_F103C6_RCC_Driver.o
 .debug_macro   0x0000000000000000       0x18 Stm32F103C6_Drives/Stm32_F103C6_RCC_Driver.o
 .debug_macro   0x0000000000000000       0x22 Stm32F103C6_Drives/Stm32_F103C6_RCC_Driver.o
 .debug_macro   0x0000000000000000       0x40 Stm32F103C6_Drives/Stm32_F103C6_RCC_Driver.o
 .debug_macro   0x0000000000000000       0x94 Stm32F103C6_Drives/Stm32_F103C6_RCC_Driver.o
 .debug_macro   0x0000000000000000       0x3c Stm32F103C6_Drives/Stm32_F103C6_RCC_Driver.o
 .debug_macro   0x0000000000000000       0x34 Stm32F103C6_Drives/Stm32_F103C6_RCC_Driver.o
 .debug_macro   0x0000000000000000       0x16 Stm32F103C6_Drives/Stm32_F103C6_RCC_Driver.o
 .debug_macro   0x0000000000000000      0x10e Stm32F103C6_Drives/Stm32_F103C6_RCC_Driver.o
 .debug_macro   0x0000000000000000       0x8d Stm32F103C6_Drives/Stm32_F103C6_RCC_Driver.o
 .debug_macro   0x0000000000000000       0x57 Stm32F103C6_Drives/Stm32_F103C6_RCC_Driver.o
 .debug_macro   0x0000000000000000       0x52 Stm32F103C6_Drives/Stm32_F103C6_RCC_Driver.o
 .debug_macro   0x0000000000000000       0x1f Stm32F103C6_Drives/Stm32_F103C6_RCC_Driver.o
 .debug_macro   0x0000000000000000       0x43 Stm32F103C6_Drives/Stm32_F103C6_RCC_Driver.o
 .debug_macro   0x0000000000000000       0x20 Stm32F103C6_Drives/Stm32_F103C6_RCC_Driver.o
 .debug_macro   0x0000000000000000      0x1a3 Stm32F103C6_Drives/Stm32_F103C6_RCC_Driver.o
 .debug_macro   0x0000000000000000      0x330 Stm32F103C6_Drives/Stm32_F103C6_RCC_Driver.o
 .debug_macro   0x0000000000000000       0x16 Stm32F103C6_Drives/Stm32_F103C6_RCC_Driver.o
 .debug_macro   0x0000000000000000       0x29 Stm32F103C6_Drives/Stm32_F103C6_RCC_Driver.o
 .debug_macro   0x0000000000000000       0xef Stm32F103C6_Drives/Stm32_F103C6_RCC_Driver.o
 .debug_macro   0x0000000000000000       0x6a Stm32F103C6_Drives/Stm32_F103C6_RCC_Driver.o
 .debug_macro   0x0000000000000000      0x1df Stm32F103C6_Drives/Stm32_F103C6_RCC_Driver.o
 .debug_macro   0x0000000000000000      0x2a0 Stm32F103C6_Drives/Stm32_F103C6_RCC_Driver.o
 .debug_macro   0x0000000000000000       0xd6 Stm32F103C6_Drives/Stm32_F103C6_RCC_Driver.o
 .debug_macro   0x0000000000000000       0x10 Stm32F103C6_Drives/Stm32_F103C6_RCC_Driver.o
 .debug_line    0x0000000000000000      0x5ca Stm32F103C6_Drives/Stm32_F103C6_RCC_Driver.o
 .debug_str     0x0000000000000000     0x8322 Stm32F103C6_Drives/Stm32_F103C6_RCC_Driver.o
 .comment       0x0000000000000000       0x7c Stm32F103C6_Drives/Stm32_F103C6_RCC_Driver.o
 .debug_frame   0x0000000000000000       0x84 Stm32F103C6_Drives/Stm32_F103C6_RCC_Driver.o
 .ARM.attributes
                0x0000000000000000       0x33 Stm32F103C6_Drives/Stm32_F103C6_RCC_Driver.o
 .group         0x0000000000000000        0xc Stm32F103C6_Drives/Stm32_F103C6_SPI_Driver.o
 .group         0x0000000000000000        0xc Stm32F103C6_Drives/Stm32_F103C6_SPI_Driver.o
 .group         0x0000000000000000        0xc Stm32F103C6_Drives/Stm32_F103C6_SPI_Driver.o
 .group         0x0000000000000000        0xc Stm32F103C6_Drives/Stm32_F103C6_SPI_Driver.o
 .group         0x0000000000000000        0xc Stm32F103C6_Drives/Stm32_F103C6_SPI_Driver.o
 .group         0x0000000000000000        0xc Stm32F103C6_Drives/Stm32_F103C6_SPI_Driver.o
 .group         0x0000000000000000        0xc Stm32F103C6_Drives/Stm32_F103C6_SPI_Driver.o
 .group         0x0000000000000000        0xc Stm32F103C6_Drives/Stm32_F103C6_SPI_Driver.o
 .group         0x0000000000000000        0xc Stm32F103C6_Drives/Stm32_F103C6_SPI_Driver.o
 .group         0x0000000000000000        0xc Stm32F103C6_Drives/Stm32_F103C6_SPI_Driver.o
 .group         0x0000000000000000        0xc Stm32F103C6_Drives/Stm32_F103C6_SPI_Driver.o
 .group         0x0000000000000000        0xc Stm32F103C6_Drives/Stm32_F103C6_SPI_Driver.o
 .group         0x0000000000000000        0xc Stm32F103C6_Drives/Stm32_F103C6_SPI_Driver.o
 .group         0x0000000000000000        0xc Stm32F103C6_Drives/Stm32_F103C6_SPI_Driver.o
 .group         0x0000000000000000        0xc Stm32F103C6_Drives/Stm32_F103C6_SPI_Driver.o
 .group         0x0000000000000000        0xc Stm32F103C6_Drives/Stm32_F103C6_SPI_Driver.o
 .group         0x0000000000000000        0xc Stm32F103C6_Drives/Stm32_F103C6_SPI_Driver.o
 .group         0x0000000000000000        0xc Stm32F103C6_Drives/Stm32_F103C6_SPI_Driver.o
 .group         0x0000000000000000        0xc Stm32F103C6_Drives/Stm32_F103C6_SPI_Driver.o
 .group         0x0000000000000000        0xc Stm32F103C6_Drives/Stm32_F103C6_SPI_Driver.o
 .group         0x0000000000000000        0xc Stm32F103C6_Drives/Stm32_F103C6_SPI_Driver.o
 .group         0x0000000000000000        0xc Stm32F103C6_Drives/Stm32_F103C6_SPI_Driver.o
 .group         0x0000000000000000        0xc Stm32F103C6_Drives/Stm32_F103C6_SPI_Driver.o
 .group         0x0000000000000000        0xc Stm32F103C6_Drives/Stm32_F103C6_SPI_Driver.o
 .group         0x0000000000000000        0xc Stm32F103C6_Drives/Stm32_F103C6_SPI_Driver.o
 .text          0x0000000000000000        0x0 Stm32F103C6_Drives/Stm32_F103C6_SPI_Driver.o
 .data          0x0000000000000000        0x0 Stm32F103C6_Drives/Stm32_F103C6_SPI_Driver.o
 .bss           0x0000000000000000        0x0 Stm32F103C6_Drives/Stm32_F103C6_SPI_Driver.o
 .text.MCAL_SPI_Init
                0x0000000000000000      0x148 Stm32F103C6_Drives/Stm32_F103C6_SPI_Driver.o
 .text.MCAL_SPI_DeInit
                0x0000000000000000       0x64 Stm32F103C6_Drives/Stm32_F103C6_SPI_Driver.o
 .text.MCAL_SPI_SendData
                0x0000000000000000       0x36 Stm32F103C6_Drives/Stm32_F103C6_SPI_Driver.o
 .text.MCAL_SPI_ReceiveData
                0x0000000000000000       0x36 Stm32F103C6_Drives/Stm32_F103C6_SPI_Driver.o
 .text.MCAL_SPI_TX_RX
                0x0000000000000000       0x54 Stm32F103C6_Drives/Stm32_F103C6_SPI_Driver.o
 .text.MCAL_SPI_GPIO_Set_Pins
                0x0000000000000000      0x1ec Stm32F103C6_Drives/Stm32_F103C6_SPI_Driver.o
 .debug_macro   0x0000000000000000      0xa60 Stm32F103C6_Drives/Stm32_F103C6_SPI_Driver.o
 .debug_macro   0x0000000000000000       0x18 Stm32F103C6_Drives/Stm32_F103C6_SPI_Driver.o
 .debug_macro   0x0000000000000000       0x22 Stm32F103C6_Drives/Stm32_F103C6_SPI_Driver.o
 .debug_macro   0x0000000000000000       0x40 Stm32F103C6_Drives/Stm32_F103C6_SPI_Driver.o
 .debug_macro   0x0000000000000000       0x94 Stm32F103C6_Drives/Stm32_F103C6_SPI_Driver.o
 .debug_macro   0x0000000000000000       0x3c Stm32F103C6_Drives/Stm32_F103C6_SPI_Driver.o
 .debug_macro   0x0000000000000000       0x34 Stm32F103C6_Drives/Stm32_F103C6_SPI_Driver.o
 .debug_macro   0x0000000000000000       0x16 Stm32F103C6_Drives/Stm32_F103C6_SPI_Driver.o
 .debug_macro   0x0000000000000000      0x10e Stm32F103C6_Drives/Stm32_F103C6_SPI_Driver.o
 .debug_macro   0x0000000000000000       0x8d Stm32F103C6_Drives/Stm32_F103C6_SPI_Driver.o
 .debug_macro   0x0000000000000000       0x57 Stm32F103C6_Drives/Stm32_F103C6_SPI_Driver.o
 .debug_macro   0x0000000000000000       0x52 Stm32F103C6_Drives/Stm32_F103C6_SPI_Driver.o
 .debug_macro   0x0000000000000000       0x1f Stm32F103C6_Drives/Stm32_F103C6_SPI_Driver.o
 .debug_macro   0x0000000000000000       0x43 Stm32F103C6_Drives/Stm32_F103C6_SPI_Driver.o
 .debug_macro   0x0000000000000000       0x20 Stm32F103C6_Drives/Stm32_F103C6_SPI_Driver.o
 .debug_macro   0x0000000000000000      0x1a3 Stm32F103C6_Drives/Stm32_F103C6_SPI_Driver.o
 .debug_macro   0x0000000000000000      0x330 Stm32F103C6_Drives/Stm32_F103C6_SPI_Driver.o
 .debug_macro   0x0000000000000000       0x16 Stm32F103C6_Drives/Stm32_F103C6_SPI_Driver.o
 .debug_macro   0x0000000000000000       0x29 Stm32F103C6_Drives/Stm32_F103C6_SPI_Driver.o
 .debug_macro   0x0000000000000000       0xef Stm32F103C6_Drives/Stm32_F103C6_SPI_Driver.o
 .debug_macro   0x0000000000000000       0x6a Stm32F103C6_Drives/Stm32_F103C6_SPI_Driver.o
 .debug_macro   0x0000000000000000      0x1df Stm32F103C6_Drives/Stm32_F103C6_SPI_Driver.o
 .debug_macro   0x0000000000000000      0x2a0 Stm32F103C6_Drives/Stm32_F103C6_SPI_Driver.o
 .debug_macro   0x0000000000000000       0xd6 Stm32F103C6_Drives/Stm32_F103C6_SPI_Driver.o
 COMMON         0x0000000000000000       0x30 Stm32F103C6_Drives/Stm32_F103C6_SPI_Driver.o
 .group         0x0000000000000000        0xc Stm32F103C6_Drives/Stm32_F103C6_USART_Driver.o
 .group         0x0000000000000000        0xc Stm32F103C6_Drives/Stm32_F103C6_USART_Driver.o
 .group         0x0000000000000000        0xc Stm32F103C6_Drives/Stm32_F103C6_USART_Driver.o
 .group         0x0000000000000000        0xc Stm32F103C6_Drives/Stm32_F103C6_USART_Driver.o
 .group         0x0000000000000000        0xc Stm32F103C6_Drives/Stm32_F103C6_USART_Driver.o
 .group         0x0000000000000000        0xc Stm32F103C6_Drives/Stm32_F103C6_USART_Driver.o
 .group         0x0000000000000000        0xc Stm32F103C6_Drives/Stm32_F103C6_USART_Driver.o
 .group         0x0000000000000000        0xc Stm32F103C6_Drives/Stm32_F103C6_USART_Driver.o
 .group         0x0000000000000000        0xc Stm32F103C6_Drives/Stm32_F103C6_USART_Driver.o
 .group         0x0000000000000000        0xc Stm32F103C6_Drives/Stm32_F103C6_USART_Driver.o
 .group         0x0000000000000000        0xc Stm32F103C6_Drives/Stm32_F103C6_USART_Driver.o
 .group         0x0000000000000000        0xc Stm32F103C6_Drives/Stm32_F103C6_USART_Driver.o
 .group         0x0000000000000000        0xc Stm32F103C6_Drives/Stm32_F103C6_USART_Driver.o
 .group         0x0000000000000000        0xc Stm32F103C6_Drives/Stm32_F103C6_USART_Driver.o
 .group         0x0000000000000000        0xc Stm32F103C6_Drives/Stm32_F103C6_USART_Driver.o
 .group         0x0000000000000000        0xc Stm32F103C6_Drives/Stm32_F103C6_USART_Driver.o
 .group         0x0000000000000000        0xc Stm32F103C6_Drives/Stm32_F103C6_USART_Driver.o
 .group         0x0000000000000000        0xc Stm32F103C6_Drives/Stm32_F103C6_USART_Driver.o
 .group         0x0000000000000000        0xc Stm32F103C6_Drives/Stm32_F103C6_USART_Driver.o
 .group         0x0000000000000000        0xc Stm32F103C6_Drives/Stm32_F103C6_USART_Driver.o
 .group         0x0000000000000000        0xc Stm32F103C6_Drives/Stm32_F103C6_USART_Driver.o
 .group         0x0000000000000000        0xc Stm32F103C6_Drives/Stm32_F103C6_USART_Driver.o
 .group         0x0000000000000000        0xc Stm32F103C6_Drives/Stm32_F103C6_USART_Driver.o
 .group         0x0000000000000000        0xc Stm32F103C6_Drives/Stm32_F103C6_USART_Driver.o
 .group         0x0000000000000000        0xc Stm32F103C6_Drives/Stm32_F103C6_USART_Driver.o
 .group         0x0000000000000000        0xc Stm32F103C6_Drives/Stm32_F103C6_USART_Driver.o
 .text          0x0000000000000000        0x0 Stm32F103C6_Drives/Stm32_F103C6_USART_Driver.o
 .data          0x0000000000000000        0x0 Stm32F103C6_Drives/Stm32_F103C6_USART_Driver.o
 .bss           0x0000000000000000        0x0 Stm32F103C6_Drives/Stm32_F103C6_USART_Driver.o
 .text.MCAL_UART_Init
                0x0000000000000000      0x184 Stm32F103C6_Drives/Stm32_F103C6_USART_Driver.o
 .text.MCAL_UART_DeInit
                0x0000000000000000       0x8c Stm32F103C6_Drives/Stm32_F103C6_USART_Driver.o
 .text.MCAL_UART_SendData
                0x0000000000000000       0x36 Stm32F103C6_Drives/Stm32_F103C6_USART_Driver.o
 .text.MCAL_UART_WAIT_TC
                0x0000000000000000       0x20 Stm32F103C6_Drives/Stm32_F103C6_USART_Driver.o
 .text.MCAL_UART_ReceiveData
                0x0000000000000000       0x5c Stm32F103C6_Drives/Stm32_F103C6_USART_Driver.o
 .text.MCAL_UART_GPIO_Set_Pins
                0x0000000000000000       0x50 Stm32F103C6_Drives/Stm32_F103C6_USART_Driver.o
 .debug_macro   0x0000000000000000      0xa60 Stm32F103C6_Drives/Stm32_F103C6_USART_Driver.o
 .debug_macro   0x0000000000000000       0x18 Stm32F103C6_Drives/Stm32_F103C6_USART_Driver.o
 .debug_macro   0x0000000000000000       0x22 Stm32F103C6_Drives/Stm32_F103C6_USART_Driver.o
 .debug_macro   0x0000000000000000       0x40 Stm32F103C6_Drives/Stm32_F103C6_USART_Driver.o
 .debug_macro   0x0000000000000000       0x94 Stm32F103C6_Drives/Stm32_F103C6_USART_Driver.o
 .debug_macro   0x0000000000000000       0x3c Stm32F103C6_Drives/Stm32_F103C6_USART_Driver.o
 .debug_macro   0x0000000000000000       0x34 Stm32F103C6_Drives/Stm32_F103C6_USART_Driver.o
 .debug_macro   0x0000000000000000       0x16 Stm32F103C6_Drives/Stm32_F103C6_USART_Driver.o
 .debug_macro   0x0000000000000000      0x10e Stm32F103C6_Drives/Stm32_F103C6_USART_Driver.o
 .debug_macro   0x0000000000000000       0x8d Stm32F103C6_Drives/Stm32_F103C6_USART_Driver.o
 .debug_macro   0x0000000000000000       0x57 Stm32F103C6_Drives/Stm32_F103C6_USART_Driver.o
 .debug_macro   0x0000000000000000       0x52 Stm32F103C6_Drives/Stm32_F103C6_USART_Driver.o
 .debug_macro   0x0000000000000000       0x1f Stm32F103C6_Drives/Stm32_F103C6_USART_Driver.o
 .debug_macro   0x0000000000000000       0x43 Stm32F103C6_Drives/Stm32_F103C6_USART_Driver.o
 .debug_macro   0x0000000000000000       0x20 Stm32F103C6_Drives/Stm32_F103C6_USART_Driver.o
 .debug_macro   0x0000000000000000      0x1a3 Stm32F103C6_Drives/Stm32_F103C6_USART_Driver.o
 .debug_macro   0x0000000000000000      0x330 Stm32F103C6_Drives/Stm32_F103C6_USART_Driver.o
 .debug_macro   0x0000000000000000       0x16 Stm32F103C6_Drives/Stm32_F103C6_USART_Driver.o
 .debug_macro   0x0000000000000000       0x29 Stm32F103C6_Drives/Stm32_F103C6_USART_Driver.o
 .debug_macro   0x0000000000000000       0xef Stm32F103C6_Drives/Stm32_F103C6_USART_Driver.o
 .debug_macro   0x0000000000000000       0x6a Stm32F103C6_Drives/Stm32_F103C6_USART_Driver.o
 .debug_macro   0x0000000000000000      0x1df Stm32F103C6_Drives/Stm32_F103C6_USART_Driver.o
 .debug_macro   0x0000000000000000      0x2a0 Stm32F103C6_Drives/Stm32_F103C6_USART_Driver.o
 .debug_macro   0x0000000000000000       0xd6 Stm32F103C6_Drives/Stm32_F103C6_USART_Driver.o
 .text          0x0000000000000000        0x0 c:/st/stm32cubeide_1.4.0/stm32cubeide/plugins/com.st.stm32cube.ide.mcu.externaltools.gnu-tools-for-stm32.7-2018-q2-update.win32_1.4.0.202007081208/tools/bin/../lib/gcc/arm-none-eabi/7.3.1/../../../../arm-none-eabi/lib/thumb/v7-m\libc_nano.a(lib_a-errno.o)
 .data          0x0000000000000000        0x0 c:/st/stm32cubeide_1.4.0/stm32cubeide/plugins/com.st.stm32cube.ide.mcu.externaltools.gnu-tools-for-stm32.7-2018-q2-update.win32_1.4.0.202007081208/tools/bin/../lib/gcc/arm-none-eabi/7.3.1/../../../../arm-none-eabi/lib/thumb/v7-m\libc_nano.a(lib_a-errno.o)
 .bss           0x0000000000000000        0x0 c:/st/stm32cubeide_1.4.0/stm32cubeide/plugins/com.st.stm32cube.ide.mcu.externaltools.gnu-tools-for-stm32.7-2018-q2-update.win32_1.4.0.202007081208/tools/bin/../lib/gcc/arm-none-eabi/7.3.1/../../../../arm-none-eabi/lib/thumb/v7-m\libc_nano.a(lib_a-errno.o)
 .text.__errno  0x0000000000000000        0xc c:/st/stm32cubeide_1.4.0/stm32cubeide/plugins/com.st.stm32cube.ide.mcu.externaltools.gnu-tools-for-stm32.7-2018-q2-update.win32_1.4.0.202007081208/tools/bin/../lib/gcc/arm-none-eabi/7.3.1/../../../../arm-none-eabi/lib/thumb/v7-m\libc_nano.a(lib_a-errno.o)
 .debug_frame   0x0000000000000000       0x20 c:/st/stm32cubeide_1.4.0/stm32cubeide/plugins/com.st.stm32cube.ide.mcu.externaltools.gnu-tools-for-stm32.7-2018-q2-update.win32_1.4.0.202007081208/tools/bin/../lib/gcc/arm-none-eabi/7.3.1/../../../../arm-none-eabi/lib/thumb/v7-m\libc_nano.a(lib_a-errno.o)
 .ARM.attributes
                0x0000000000000000       0x2d c:/st/stm32cubeide_1.4.0/stm32cubeide/plugins/com.st.stm32cube.ide.mcu.externaltools.gnu-tools-for-stm32.7-2018-q2-update.win32_1.4.0.202007081208/tools/bin/../lib/gcc/arm-none-eabi/7.3.1/../../../../arm-none-eabi/lib/thumb/v7-m\libc_nano.a(lib_a-errno.o)
 .text          0x0000000000000000        0x0 c:/st/stm32cubeide_1.4.0/stm32cubeide/plugins/com.st.stm32cube.ide.mcu.externaltools.gnu-tools-for-stm32.7-2018-q2-update.win32_1.4.0.202007081208/tools/bin/../lib/gcc/arm-none-eabi/7.3.1/../../../../arm-none-eabi/lib/thumb/v7-m\libc_nano.a(lib_a-exit.o)
 .data          0x0000000000000000        0x0 c:/st/stm32cubeide_1.4.0/stm32cubeide/plugins/com.st.stm32cube.ide.mcu.externaltools.gnu-tools-for-stm32.7-2018-q2-update.win32_1.4.0.202007081208/tools/bin/../lib/gcc/arm-none-eabi/7.3.1/../../../../arm-none-eabi/lib/thumb/v7-m\libc_nano.a(lib_a-exit.o)
 .bss           0x0000000000000000        0x0 c:/st/stm32cubeide_1.4.0/stm32cubeide/plugins/com.st.stm32cube.ide.mcu.externaltools.gnu-tools-for-stm32.7-2018-q2-update.win32_1.4.0.202007081208/tools/bin/../lib/gcc/arm-none-eabi/7.3.1/../../../../arm-none-eabi/lib/thumb/v7-m\libc_nano.a(lib_a-exit.o)
 .text.exit     0x0000000000000000       0x28 c:/st/stm32cubeide_1.4.0/stm32cubeide/plugins/com.st.stm32cube.ide.mcu.externaltools.gnu-tools-for-stm32.7-2018-q2-update.win32_1.4.0.202007081208/tools/bin/../lib/gcc/arm-none-eabi/7.3.1/../../../../arm-none-eabi/lib/thumb/v7-m\libc_nano.a(lib_a-exit.o)
 .debug_frame   0x0000000000000000       0x28 c:/st/stm32cubeide_1.4.0/stm32cubeide/plugins/com.st.stm32cube.ide.mcu.externaltools.gnu-tools-for-stm32.7-2018-q2-update.win32_1.4.0.202007081208/tools/bin/../lib/gcc/arm-none-eabi/7.3.1/../../../../arm-none-eabi/lib/thumb/v7-m\libc_nano.a(lib_a-exit.o)
 .ARM.attributes
                0x0000000000000000       0x2d c:/st/stm32cubeide_1.4.0/stm32cubeide/plugins/com.st.stm32cube.ide.mcu.externaltools.gnu-tools-for-stm32.7-2018-q2-update.win32_1.4.0.202007081208/tools/bin/../lib/gcc/arm-none-eabi/7.3.1/../../../../arm-none-eabi/lib/thumb/v7-m\libc_nano.a(lib_a-exit.o)
 .text          0x0000000000000000        0x0 c:/st/stm32cubeide_1.4.0/stm32cubeide/plugins/com.st.stm32cube.ide.mcu.externaltools.gnu-tools-for-stm32.7-2018-q2-update.win32_1.4.0.202007081208/tools/bin/../lib/gcc/arm-none-eabi/7.3.1/../../../../arm-none-eabi/lib/thumb/v7-m\libc_nano.a(lib_a-impure.o)
 .data          0x0000000000000000        0x0 c:/st/stm32cubeide_1.4.0/stm32cubeide/plugins/com.st.stm32cube.ide.mcu.externaltools.gnu-tools-for-stm32.7-2018-q2-update.win32_1.4.0.202007081208/tools/bin/../lib/gcc/arm-none-eabi/7.3.1/../../../../arm-none-eabi/lib/thumb/v7-m\libc_nano.a(lib_a-impure.o)
 .bss           0x0000000000000000        0x0 c:/st/stm32cubeide_1.4.0/stm32cubeide/plugins/com.st.stm32cube.ide.mcu.externaltools.gnu-tools-for-stm32.7-2018-q2-update.win32_1.4.0.202007081208/tools/bin/../lib/gcc/arm-none-eabi/7.3.1/../../../../arm-none-eabi/lib/thumb/v7-m\libc_nano.a(lib_a-impure.o)
 .data._impure_ptr
                0x0000000000000000        0x4 c:/st/stm32cubeide_1.4.0/stm32cubeide/plugins/com.st.stm32cube.ide.mcu.externaltools.gnu-tools-for-stm32.7-2018-q2-update.win32_1.4.0.202007081208/tools/bin/../lib/gcc/arm-none-eabi/7.3.1/../../../../arm-none-eabi/lib/thumb/v7-m\libc_nano.a(lib_a-impure.o)
 .data.impure_data
                0x0000000000000000       0x60 c:/st/stm32cubeide_1.4.0/stm32cubeide/plugins/com.st.stm32cube.ide.mcu.externaltools.gnu-tools-for-stm32.7-2018-q2-update.win32_1.4.0.202007081208/tools/bin/../lib/gcc/arm-none-eabi/7.3.1/../../../../arm-none-eabi/lib/thumb/v7-m\libc_nano.a(lib_a-impure.o)
 .rodata._global_impure_ptr
                0x0000000000000000        0x4 c:/st/stm32cubeide_1.4.0/stm32cubeide/plugins/com.st.stm32cube.ide.mcu.externaltools.gnu-tools-for-stm32.7-2018-q2-update.win32_1.4.0.202007081208/tools/bin/../lib/gcc/arm-none-eabi/7.3.1/../../../../arm-none-eabi/lib/thumb/v7-m\libc_nano.a(lib_a-impure.o)
 .ARM.attributes
                0x0000000000000000       0x2d c:/st/stm32cubeide_1.4.0/stm32cubeide/plugins/com.st.stm32cube.ide.mcu.externaltools.gnu-tools-for-stm32.7-2018-q2-update.win32_1.4.0.202007081208/tools/bin/../lib/gcc/arm-none-eabi/7.3.1/../../../../arm-none-eabi/lib/thumb/v7-m\libc_nano.a(lib_a-impure.o)
 .text          0x0000000000000000        0x0 c:/st/stm32cubeide_1.4.0/stm32cubeide/plugins/com.st.stm32cube.ide.mcu.externaltools.gnu-tools-for-stm32.7-2018-q2-update.win32_1.4.0.202007081208/tools/bin/../lib/gcc/arm-none-eabi/7.3.1/../../../../arm-none-eabi/lib/thumb/v7-m\libc_nano.a(lib_a-init.o)
 .data          0x0000000000000000        0x0 c:/st/stm32cubeide_1.4.0/stm32cubeide/plugins/com.st.stm32cube.ide.mcu.externaltools.gnu-tools-for-stm32.7-2018-q2-update.win32_1.4.0.202007081208/tools/bin/../lib/gcc/arm-none-eabi/7.3.1/../../../../arm-none-eabi/lib/thumb/v7-m\libc_nano.a(lib_a-init.o)
 .bss           0x0000000000000000        0x0 c:/st/stm32cubeide_1.4.0/stm32cubeide/plugins/com.st.stm32cube.ide.mcu.externaltools.gnu-tools-for-stm32.7-2018-q2-update.win32_1.4.0.202007081208/tools/bin/../lib/gcc/arm-none-eabi/7.3.1/../../../../arm-none-eabi/lib/thumb/v7-m\libc_nano.a(lib_a-init.o)
 .text          0x0000000000000000        0x0 c:/st/stm32cubeide_1.4.0/stm32cubeide/plugins/com.st.stm32cube.ide.mcu.externaltools.gnu-tools-for-stm32.7-2018-q2-update.win32_1.4.0.202007081208/tools/bin/../lib/gcc/arm-none-eabi/7.3.1/../../../../arm-none-eabi/lib/thumb/v7-m\libc_nano.a(lib_a-memset.o)
 .data          0x0000000000000000        0x0 c:/st/stm32cubeide_1.4.0/stm32cubeide/plugins/com.st.stm32cube.ide.mcu.externaltools.gnu-tools-for-stm32.7-2018-q2-update.win32_1.4.0.202007081208/tools/bin/../lib/gcc/arm-none-eabi/7.3.1/../../../../arm-none-eabi/lib/thumb/v7-m\libc_nano.a(lib_a-memset.o)
 .bss           0x0000000000000000        0x0 c:/st/stm32cubeide_1.4.0/stm32cubeide/plugins/com.st.stm32cube.ide.mcu.externaltools.gnu-tools-for-stm32.7-2018-q2-update.win32_1.4.0.202007081208/tools/bin/../lib/gcc/arm-none-eabi/7.3.1/../../../../arm-none-eabi/lib/thumb/v7-m\libc_nano.a(lib_a-memset.o)
 .text.memset   0x0000000000000000       0x10 c:/st/stm32cubeide_1.4.0/stm32cubeide/plugins/com.st.stm32cube.ide.mcu.externaltools.gnu-tools-for-stm32.7-2018-q2-update.win32_1.4.0.202007081208/tools/bin/../lib/gcc/arm-none-eabi/7.3.1/../../../../arm-none-eabi/lib/thumb/v7-m\libc_nano.a(lib_a-memset.o)
 .debug_frame   0x0000000000000000       0x20 c:/st/stm32cubeide_1.4.0/stm32cubeide/plugins/com.st.stm32cube.ide.mcu.externaltools.gnu-tools-for-stm32.7-2018-q2-update.win32_1.4.0.202007081208/tools/bin/../lib/gcc/arm-none-eabi/7.3.1/../../../../arm-none-eabi/lib/thumb/v7-m\libc_nano.a(lib_a-memset.o)
 .ARM.attributes
                0x0000000000000000       0x2d c:/st/stm32cubeide_1.4.0/stm32cubeide/plugins/com.st.stm32cube.ide.mcu.externaltools.gnu-tools-for-stm32.7-2018-q2-update.win32_1.4.0.202007081208/tools/bin/../lib/gcc/arm-none-eabi/7.3.1/../../../../arm-none-eabi/lib/thumb/v7-m\libc_nano.a(lib_a-memset.o)
 .text          0x0000000000000000        0x0 c:/st/stm32cubeide_1.4.0/stm32cubeide/plugins/com.st.stm32cube.ide.mcu.externaltools.gnu-tools-for-stm32.7-2018-q2-update.win32_1.4.0.202007081208/tools/bin/../lib/gcc/arm-none-eabi/7.3.1/thumb/v7-m/crtend.o
 .data          0x0000000000000000        0x0 c:/st/stm32cubeide_1.4.0/stm32cubeide/plugins/com.st.stm32cube.ide.mcu.externaltools.gnu-tools-for-stm32.7-2018-q2-update.win32_1.4.0.202007081208/tools/bin/../lib/gcc/arm-none-eabi/7.3.1/thumb/v7-m/crtend.o
 .bss           0x0000000000000000        0x0 c:/st/stm32cubeide_1.4.0/stm32cubeide/plugins/com.st.stm32cube.ide.mcu.externaltools.gnu-tools-for-stm32.7-2018-q2-update.win32_1.4.0.202007081208/tools/bin/../lib/gcc/arm-none-eabi/7.3.1/thumb/v7-m/crtend.o
 .eh_frame      0x0000000000000000        0x4 c:/st/stm32cubeide_1.4.0/stm32cubeide/plugins/com.st.stm32cube.ide.mcu.externaltools.gnu-tools-for-stm32.7-2018-q2-update.win32_1.4.0.202007081208/tools/bin/../lib/gcc/arm-none-eabi/7.3.1/thumb/v7-m/crtend.o
 .ARM.attributes
                0x0000000000000000       0x2d c:/st/stm32cubeide_1.4.0/stm32cubeide/plugins/com.st.stm32cube.ide.mcu.externaltools.gnu-tools-for-stm32.7-2018-q2-update.win32_1.4.0.202007081208/tools/bin/../lib/gcc/arm-none-eabi/7.3.1/thumb/v7-m/crtend.o
 .text          0x0000000000000000        0x0 c:/st/stm32cubeide_1.4.0/stm32cubeide/plugins/com.st.stm32cube.ide.mcu.externaltools.gnu-tools-for-stm32.7-2018-q2-update.win32_1.4.0.202007081208/tools/bin/../lib/gcc/arm-none-eabi/7.3.1/thumb/v7-m/crtn.o
 .data          0x0000000000000000        0x0 c:/st/stm32cubeide_1.4.0/stm32cubeide/plugins/com.st.stm32cube.ide.mcu.externaltools.gnu-tools-for-stm32.7-2018-q2-update.win32_1.4.0.202007081208/tools/bin/../lib/gcc/arm-none-eabi/7.3.1/thumb/v7-m/crtn.o
 .bss           0x0000000000000000        0x0 c:/st/stm32cubeide_1.4.0/stm32cubeide/plugins/com.st.stm32cube.ide.mcu.externaltools.gnu-tools-for-stm32.7-2018-q2-update.win32_1.4.0.202007081208/tools/bin/../lib/gcc/arm-none-eabi/7.3.1/thumb/v7-m/crtn.o

Memory Configuration

Name             Origin             Length             Attributes
RAM              0x0000000020000000 0x0000000000002800 xrw
ROM              0x0000000008000000 0x0000000000008000 xr
*default*        0x0000000000000000 0xffffffffffffffff

Linker script and memory map

LOAD c:/st/stm32cubeide_1.4.0/stm32cubeide/plugins/com.st.stm32cube.ide.mcu.externaltools.gnu-tools-for-stm32.7-2018-q2-update.win32_1.4.0.202007081208/tools/bin/../lib/gcc/arm-none-eabi/7.3.1/thumb/v7-m/crti.o
LOAD c:/st/stm32cubeide_1.4.0/stm32cubeide/plugins/com.st.stm32cube.ide.mcu.externaltools.gnu-tools-for-stm32.7-2018-q2-update.win32_1.4.0.202007081208/tools/bin/../lib/gcc/arm-none-eabi/7.3.1/thumb/v7-m/crtbegin.o
LOAD c:/st/stm32cubeide_1.4.0/stm32cubeide/plugins/com.st.stm32cube.ide.mcu.externaltools.gnu-tools-for-stm32.7-2018-q2-update.win32_1.4.0.202007081208/tools/bin/../lib/gcc/arm-none-eabi/7.3.1/../../../../arm-none-eabi/lib/thumb/v7-m/crt0.o
LOAD HAL/keypad.o
LOAD HAL/lcd.o
LOAD Src/main.o
LOAD Src/syscalls.o
LOAD Src/sysmem.o
LOAD Startup/startup_stm32f103c6tx.o
LOAD Stm32F103C6_Drives/Stm32_F103C6_EXTI_Driver.o
LOAD Stm32F103C6_Drives/Stm32_F103C6_GPIO_Driver.o
LOAD Stm32F103C6_Drives/Stm32_F103C6_RCC_Driver.o
LOAD Stm32F103C6_Drives/Stm32_F103C6_SPI_Driver.o
LOAD Stm32F103C6_Drives/Stm32_F103C6_USART_Driver.o
START GROUP
LOAD c:/st/stm32cubeide_1.4.0/stm32cubeide/plugins/com.st.stm32cube.ide.mcu.externaltools.gnu-tools-for-stm32.7-2018-q2-update.win32_1.4.0.202007081208/tools/bin/../lib/gcc/arm-none-eabi/7.3.1/../../../../arm-none-eabi/lib/thumb/v7-m\libc_nano.a
LOAD c:/st/stm32cubeide_1.4.0/stm32cubeide/plugins/com.st.stm32cube.ide.mcu.externaltools.gnu-tools-for-stm32.7-2018-q2-update.win32_1.4.0.202007081208/tools/bin/../lib/gcc/arm-none-eabi/7.3.1/../../../../arm-none-eabi/lib/thumb/v7-m\libm.a
END GROUP
START GROUP
LOAD c:/st/stm32cubeide_1.4.0/stm32cubeide/plugins/com.st.stm32cube.ide.mcu.externaltools.gnu-tools-for-stm32.7-2018-q2-update.win32_1.4.0.202007081208/tools/bin/../lib/gcc/arm-none-eabi/7.3.1/thumb/v7-m\libgcc.a
LOAD c:/st/stm32cubeide_1.4.0/stm32cubeide/plugins/com.st.stm32cube.ide.mcu.externaltools.gnu-tools-for-stm32.7-2018-q2-update.win32_1.4.0.202007081208/tools/bin/../lib/gcc/arm-none-eabi/7.3.1/../../../../arm-none-eabi/lib/thumb/v7-m\libg_nano.a
LOAD c:/st/stm32cubeide_1.4.0/stm32cubeide/plugins/com.st.stm32cube.ide.mcu.externaltools.gnu-tools-for-stm32.7-2018-q2-update.win32_1.4.0.202007081208/tools/bin/../lib/gcc/arm-none-eabi/7.3.1/../../../../arm-none-eabi/lib/thumb/v7-m\libc_nano.a
END GROUP
START GROUP
LOAD c:/st/stm32cubeide_1.4.0/stm32cubeide/plugins/com.st.stm32cube.ide.mcu.externaltools.gnu-tools-for-stm32.7-2018-q2-update.win32_1.4.0.202007081208/tools/bin/../lib/gcc/arm-none-eabi/7.3.1/thumb/v7-m\libgcc.a
LOAD c:/st/stm32cubeide_1.4.0/stm32cubeide/plugins/com.st.stm32cube.ide.mcu.externaltools.gnu-tools-for-stm32.7-2018-q2-update.win32_1.4.0.202007081208/tools/bin/../lib/gcc/arm-none-eabi/7.3.1/../../../../arm-none-eabi/lib/thumb/v7-m\libc_nano.a
LOAD c:/st/stm32cubeide_1.4.0/stm32cubeide/plugins/com.st.stm32cube.ide.mcu.externaltools.gnu-tools-for-stm32.7-2018-q2-update.win32_1.4.0.202007081208/tools/bin/../lib/gcc/arm-none-eabi/7.3.1/../../../../arm-none-eabi/lib/thumb/v7-m\libnosys.a
END GROUP
START GROUP
LOAD c:/st/stm32cubeide_1.4.0/stm32cubeide/plugins/com.st.stm32cube.ide.mcu.externaltools.gnu-tools-for-stm32.7-2018-q2-update.win32_1.4.0.202007081208/tools/bin/../lib/gcc/arm-none-eabi/7.3.1/thumb/v7-m\libgcc.a
LOAD c:/st/stm32cubeide_1.4.0/stm32cubeide/plugins/com.st.stm32cube.ide.mcu.externaltools.gnu-tools-for-stm32.7-2018-q2-update.win32_1.4.0.202007081208/tools/bin/../lib/gcc/arm-none-eabi/7.3.1/../../../../arm-none-eabi/lib/thumb/v7-m\libc_nano.a
LOAD c:/st/stm32cubeide_1.4.0/stm32cubeide/plugins/com.st.stm32cube.ide.mcu.externaltools.gnu-tools-for-stm32.7-2018-q2-update.win32_1.4.0.202007081208/tools/bin/../lib/gcc/arm-none-eabi/7.3.1/../../../../arm-none-eabi/lib/thumb/v7-m\libnosys.a
END GROUP
LOAD c:/st/stm32cubeide_1.4.0/stm32cubeide/plugins/com.st.stm32cube.ide.mcu.externaltools.gnu-tools-for-stm32.7-2018-q2-update.win32_1.4.0.202007081208/tools/bin/../lib/gcc/arm-none-eabi/7.3.1/thumb/v7-m/crtend.o
LOAD c:/st/stm32cubeide_1.4.0/stm32cubeide/plugins/com.st.stm32cube.ide.mcu.externaltools.gnu-tools-for-stm32.7-2018-q2-update.win32_1.4.0.202007081208/tools/bin/../lib/gcc/arm-none-eabi/7.3.1/thumb/v7-m/crtn.o
                0x0000000020002800                _estack = (ORIGIN (RAM) + LENGTH (RAM))
                0x0000000000000200                _Min_Heap_Size = 0x200
                0x0000000000000400                _Min_Stack_Size = 0x400

.isr_vector     0x0000000008000000      0x130
                0x0000000008000000                . = ALIGN (0x4)
 *(.isr_vector)
 .isr_vector    0x0000000008000000      0x130 Startup/startup_stm32f103c6tx.o
                0x0000000008000000                g_pfnVectors
                0x0000000008000130                . = ALIGN (0x4)

.text           0x0000000008000130      0xa54
                0x0000000008000130                . = ALIGN (0x4)
 *(.text)
 .text          0x0000000008000130       0x40 c:/st/stm32cubeide_1.4.0/stm32cubeide/plugins/com.st.stm32cube.ide.mcu.externaltools.gnu-tools-for-stm32.7-2018-q2-update.win32_1.4.0.202007081208/tools/bin/../lib/gcc/arm-none-eabi/7.3.1/thumb/v7-m/crtbegin.o
 *(.text*)
 .text.HardFault_Handler
                0x0000000008000170        0xc Src/main.o
                0x0000000008000170                HardFault_Handler
 .text.BusFault_Handler
                0x000000000800017c        0xc Src/main.o
                0x000000000800017c                BusFault_Handler
 .text.UsageFault_Handler
                0x0000000008000188        0xc Src/main.o
                0x0000000008000188                UsageFault_Handler
 .text.SWITCH_CPU_AccessLevel
                0x0000000008000194       0x40 Src/main.o
                0x0000000008000194                SWITCH_CPU_AccessLevel
 .text.EXTI9_Callback
                0x00000000080001d4       0x18 Src/main.o
                0x00000000080001d4                EXTI9_Callback
 .text.main     0x00000000080001ec       0x74 Src/main.o
                0x00000000080001ec                main
 .text.Reset_Handler
                0x0000000008000260       0x50 Startup/startup_stm32f103c6tx.o
                0x0000000008000260                Reset_Handler
 .text.Default_Handler
                0x00000000080002b0        0x2 Startup/startup_stm32f103c6tx.o
                0x00000000080002b0                TIM8_TRG_COM_IRQHandler
                0x00000000080002b0                TIM8_CC_IRQHandler
                0x00000000080002b0                DebugMon_Handler
                0x00000000080002b0                TIM1_CC_IRQHandler
                0x00000000080002b0                TIM6_IRQHandler
                0x00000000080002b0                SysTick_Handler
                0x00000000080002b0                PVD_IRQHandler
                0x00000000080002b0                SDIO_IRQHandler
                0x00000000080002b0                PendSV_Handler
                0x00000000080002b0                NMI_Handler
                0x00000000080002b0                USB_HP_CAN_TX_IRQHandler
                0x00000000080002b0                I2C2_EV_IRQHandler
                0x00000000080002b0                ADC1_2_IRQHandler
                0x00000000080002b0                CAN_SCE_IRQHandler
                0x00000000080002b0                TAMPER_IRQHandler
                0x00000000080002b0                TIM8_UP_IRQHandler
                0x00000000080002b0                DMA2_Channel2_IRQHandler
                0x00000000080002b0                DMA1_Channel4_IRQHandler
                0x00000000080002b0                RTC_IRQHandler
                0x00000000080002b0                DMA1_Channel7_IRQHandler
                0x00000000080002b0                UART5_IRQHandler
                0x00000000080002b0                ADC3_IRQHandler
                0x00000000080002b0                TIM4_IRQHandler
                0x00000000080002b0                CAN_RX1_IRQHandler
                0x00000000080002b0                DMA2_Channel1_IRQHandler
                0x00000000080002b0                I2C1_EV_IRQHandler
                0x00000000080002b0                DMA1_Channel6_IRQHandler
                0x00000000080002b0                UART4_IRQHandler
                0x00000000080002b0                TIM3_IRQHandler
                0x00000000080002b0                RCC_IRQHandler
                0x00000000080002b0                TIM1_TRG_COM_IRQHandler
                0x00000000080002b0                DMA1_Channel1_IRQHandler
                0x00000000080002b0                Default_Handler
                0x00000000080002b0                TIM7_IRQHandler
                0x00000000080002b0                TIM5_IRQHandler
                0x00000000080002b0                USB_LP_CAN_RX0_IRQHandler
                0x00000000080002b0                MemManage_Handler
                0x00000000080002b0                SVC_Handler
                0x00000000080002b0                DMA1_Channel5_IRQHandler
                0x00000000080002b0                DMA1_Channel3_IRQHandler
                0x00000000080002b0                FSMC_IRQHandler
                0x00000000080002b0                TIM1_UP_IRQHandler
                0x00000000080002b0                WWDG_IRQHandler
                0x00000000080002b0                TIM2_IRQHandler
                0x00000000080002b0                TIM1_BRK_IRQHandler
                0x00000000080002b0                RTCAlarm_IRQHandler
                0x00000000080002b0                DMA2_Channel4_5_IRQHandler
                0x00000000080002b0                I2C2_ER_IRQHandler
                0x00000000080002b0                DMA1_Channel2_IRQHandler
                0x00000000080002b0                TIM8_BRK_IRQHandler
                0x00000000080002b0                FLASH_IRQHandler
                0x00000000080002b0                SPI3_IRQHandler
                0x00000000080002b0                I2C1_ER_IRQHandler
                0x00000000080002b0                DMA2_Channel3_IRQHandler
 *fill*         0x00000000080002b2        0x2 
 .text.Enable_NVIC
                0x00000000080002b4       0xcc Stm32F103C6_Drives/Stm32_F103C6_EXTI_Driver.o
                0x00000000080002b4                Enable_NVIC
 .text.Disable_NVIC
                0x0000000008000380       0xcc Stm32F103C6_Drives/Stm32_F103C6_EXTI_Driver.o
                0x0000000008000380                Disable_NVIC
 .text.Update_EXTI
                0x000000000800044c      0x208 Stm32F103C6_Drives/Stm32_F103C6_EXTI_Driver.o
                0x000000000800044c                Update_EXTI
 .text.EXTI0_IRQHandler
                0x0000000008000654       0x24 Stm32F103C6_Drives/Stm32_F103C6_EXTI_Driver.o
                0x0000000008000654                EXTI0_IRQHandler
 .text.EXTI1_IRQHandler
                0x0000000008000678       0x24 Stm32F103C6_Drives/Stm32_F103C6_EXTI_Driver.o
                0x0000000008000678                EXTI1_IRQHandler
 .text.EXTI2_IRQHandler
                0x000000000800069c       0x24 Stm32F103C6_Drives/Stm32_F103C6_EXTI_Driver.o
                0x000000000800069c                EXTI2_IRQHandler
 .text.EXTI3_IRQHandler
                0x00000000080006c0       0x24 Stm32F103C6_Drives/Stm32_F103C6_EXTI_Driver.o
                0x00000000080006c0                EXTI3_IRQHandler
 .text.EXTI4_IRQHandler
                0x00000000080006e4       0x24 Stm32F103C6_Drives/Stm32_F103C6_EXTI_Driver.o
                0x00000000080006e4                EXTI4_IRQHandler
 .text.EXTI9_5_IRQHandler
                0x0000000008000708       0xa8 Stm32F103C6_Drives/Stm32_F103C6_EXTI_Driver.o
                0x0000000008000708                EXTI9_5_IRQHandler
 .text.EXTI15_10_IRQHandler
                0x00000000080007b0       0xc4 Stm32F103C6_Drives/Stm32_F103C6_EXTI_Driver.o
                0x00000000080007b0                EXTI15_10_IRQHandler
 .text.MCAL_EXTI_GPIO_Init
                0x0000000008000874       0x16 Stm32F103C6_Drives/Stm32_F103C6_EXTI_Driver.o
                0x0000000008000874                MCAL_EXTI_GPIO_Init
 .text.Get_CRLH_Position
                0x000000000800088a       0xa6 Stm32F103C6_Drives/Stm32_F103C6_GPIO_Driver.o
                0x000000000800088a                Get_CRLH_Position
 .text.MCAL_GPIO_Init
                0x0000000008000930       0xfe Stm32F103C6_Drives/Stm32_F103C6_GPIO_Driver.o
                0x0000000008000930                MCAL_GPIO_Init
 *fill*         0x0000000008000a2e        0x2 
 .text.SPI1_IRQHandler
                0x0000000008000a30       0x5c Stm32F103C6_Drives/Stm32_F103C6_SPI_Driver.o
                0x0000000008000a30                SPI1_IRQHandler
 .text.SPI2_IRQHandler
                0x0000000008000a8c       0x5c Stm32F103C6_Drives/Stm32_F103C6_SPI_Driver.o
                0x0000000008000a8c                SPI2_IRQHandler
 .text.USART1_IRQHandler
                0x0000000008000ae8       0x14 Stm32F103C6_Drives/Stm32_F103C6_USART_Driver.o
                0x0000000008000ae8                USART1_IRQHandler
 .text.USART2_IRQHandler
                0x0000000008000afc       0x14 Stm32F103C6_Drives/Stm32_F103C6_USART_Driver.o
                0x0000000008000afc                USART2_IRQHandler
 .text.USART3_IRQHandler
                0x0000000008000b10       0x14 Stm32F103C6_Drives/Stm32_F103C6_USART_Driver.o
                0x0000000008000b10                USART3_IRQHandler
 .text.__libc_init_array
                0x0000000008000b24       0x48 c:/st/stm32cubeide_1.4.0/stm32cubeide/plugins/com.st.stm32cube.ide.mcu.externaltools.gnu-tools-for-stm32.7-2018-q2-update.win32_1.4.0.202007081208/tools/bin/../lib/gcc/arm-none-eabi/7.3.1/../../../../arm-none-eabi/lib/thumb/v7-m\libc_nano.a(lib_a-init.o)
                0x0000000008000b24                __libc_init_array
 *(.glue_7)
 .glue_7        0x0000000008000b6c        0x0 linker stubs
 *(.glue_7t)
 .glue_7t       0x0000000008000b6c        0x0 linker stubs
 *(.eh_frame)
 .eh_frame      0x0000000008000b6c        0x0 c:/st/stm32cubeide_1.4.0/stm32cubeide/plugins/com.st.stm32cube.ide.mcu.externaltools.gnu-tools-for-stm32.7-2018-q2-update.win32_1.4.0.202007081208/tools/bin/../lib/gcc/arm-none-eabi/7.3.1/thumb/v7-m/crtbegin.o
 *(.init)
 .init          0x0000000008000b6c        0x4 c:/st/stm32cubeide_1.4.0/stm32cubeide/plugins/com.st.stm32cube.ide.mcu.externaltools.gnu-tools-for-stm32.7-2018-q2-update.win32_1.4.0.202007081208/tools/bin/../lib/gcc/arm-none-eabi/7.3.1/thumb/v7-m/crti.o
                0x0000000008000b6c                _init
 .init          0x0000000008000b70        0x8 c:/st/stm32cubeide_1.4.0/stm32cubeide/plugins/com.st.stm32cube.ide.mcu.externaltools.gnu-tools-for-stm32.7-2018-q2-update.win32_1.4.0.202007081208/tools/bin/../lib/gcc/arm-none-eabi/7.3.1/thumb/v7-m/crtn.o
 *(.fini)
 .fini          0x0000000008000b78        0x4 c:/st/stm32cubeide_1.4.0/stm32cubeide/plugins/com.st.stm32cube.ide.mcu.externaltools.gnu-tools-for-stm32.7-2018-q2-update.win32_1.4.0.202007081208/tools/bin/../lib/gcc/arm-none-eabi/7.3.1/thumb/v7-m/crti.o
                0x0000000008000b78                _fini
 .fini          0x0000000008000b7c        0x8 c:/st/stm32cubeide_1.4.0/stm32cubeide/plugins/com.st.stm32cube.ide.mcu.externaltools.gnu-tools-for-stm32.7-2018-q2-update.win32_1.4.0.202007081208/tools/bin/../lib/gcc/arm-none-eabi/7.3.1/thumb/v7-m/crtn.o
                0x0000000008000b84                . = ALIGN (0x4)
                0x0000000008000b84                _etext = .

.vfp11_veneer   0x0000000008000b84        0x0
 .vfp11_veneer  0x0000000008000b84        0x0 linker stubs

.v4_bx          0x0000000008000b84        0x0
 .v4_bx         0x0000000008000b84        0x0 linker stubs

.iplt           0x0000000008000b84        0x0
 .iplt          0x0000000008000b84        0x0 c:/st/stm32cubeide_1.4.0/stm32cubeide/plugins/com.st.stm32cube.ide.mcu.externaltools.gnu-tools-for-stm32.7-2018-q2-update.win32_1.4.0.202007081208/tools/bin/../lib/gcc/arm-none-eabi/7.3.1/thumb/v7-m/crtbegin.o

.rodata         0x0000000008000b84        0xc
                0x0000000008000b84                . = ALIGN (0x4)
 *(.rodata)
 .rodata        0x0000000008000b84        0xc Src/main.o
 *(.rodata*)
                0x0000000008000b90                . = ALIGN (0x4)

.rel.dyn        0x0000000008000b90        0x0
 .rel.iplt      0x0000000008000b90        0x0 c:/st/stm32cubeide_1.4.0/stm32cubeide/plugins/com.st.stm32cube.ide.mcu.externaltools.gnu-tools-for-stm32.7-2018-q2-update.win32_1.4.0.202007081208/tools/bin/../lib/gcc/arm-none-eabi/7.3.1/thumb/v7-m/crtbegin.o

.ARM.extab      0x0000000008000b90        0x0
                0x0000000008000b90                . = ALIGN (0x4)
 *(.ARM.extab* .gnu.linkonce.armextab.*)
                0x0000000008000b90                . = ALIGN (0x4)

.ARM            0x0000000008000b90        0x0
                0x0000000008000b90                . = ALIGN (0x4)
                0x0000000008000b90                __exidx_start = .
 *(.ARM.exidx*)
                0x0000000008000b90                __exidx_end = .
                0x0000000008000b90                . = ALIGN (0x4)

.preinit_array  0x0000000008000b90        0x0
                0x0000000008000b90                . = ALIGN (0x4)
                0x0000000008000b90                PROVIDE (__preinit_array_start = .)
 *(.preinit_array*)
                0x0000000008000b90                PROVIDE (__preinit_array_end = .)
                0x0000000008000b90                . = ALIGN (0x4)

.init_array     0x0000000008000b90        0x4
                0x0000000008000b90                . = ALIGN (0x4)
                0x0000000008000b90                PROVIDE (__init_array_start = .)
 *(SORT_BY_NAME(.init_array.*))
 *(.init_array*)
 .init_array    0x0000000008000b90        0x4 c:/st/stm32cubeide_1.4.0/stm32cubeide/plugins/com.st.stm32cube.ide.mcu.externaltools.gnu-tools-for-stm32.7-2018-q2-update.win32_1.4.0.202007081208/tools/bin/../lib/gcc/arm-none-eabi/7.3.1/thumb/v7-m/crtbegin.o
                0x0000000008000b94                PROVIDE (__init_array_end = .)
                0x0000000008000b94                . = ALIGN (0x4)

.fini_array     0x0000000008000b94        0x4
                0x0000000008000b94                . = ALIGN (0x4)
                [!provide]                        PROVIDE (__fini_array_start = .)
 *(SORT_BY_NAME(.fini_array.*))
 *(.fini_array*)
 .fini_array    0x0000000008000b94        0x4 c:/st/stm32cubeide_1.4.0/stm32cubeide/plugins/com.st.stm32cube.ide.mcu.externaltools.gnu-tools-for-stm32.7-2018-q2-update.win32_1.4.0.202007081208/tools/bin/../lib/gcc/arm-none-eabi/7.3.1/thumb/v7-m/crtbegin.o
                [!provide]                        PROVIDE (__fini_array_end = .)
                0x0000000008000b98                . = ALIGN (0x4)
                0x0000000008000b98                _sidata = LOADADDR (.data)

.data           0x0000000020000000        0x0 load address 0x0000000008000b98
                0x0000000020000000                . = ALIGN (0x4)
                0x0000000020000000                _sdata = .
 *(.data)
 *(.data*)
                0x0000000020000000                . = ALIGN (0x4)
                0x0000000020000000                _edata = .

.igot.plt       0x0000000020000000        0x0 load address 0x0000000008000b98
 .igot.plt      0x0000000020000000        0x0 c:/st/stm32cubeide_1.4.0/stm32cubeide/plugins/com.st.stm32cube.ide.mcu.externaltools.gnu-tools-for-stm32.7-2018-q2-update.win32_1.4.0.202007081208/tools/bin/../lib/gcc/arm-none-eabi/7.3.1/thumb/v7-m/crtbegin.o
                0x0000000020000000                . = ALIGN (0x4)

.bss            0x0000000020000000       0x68 load address 0x0000000008000b98
                0x0000000020000000                _sbss = .
                0x0000000020000000                __bss_start__ = _sbss
 *(.bss)
 .bss           0x0000000020000000       0x1c c:/st/stm32cubeide_1.4.0/stm32cubeide/plugins/com.st.stm32cube.ide.mcu.externaltools.gnu-tools-for-stm32.7-2018-q2-update.win32_1.4.0.202007081208/tools/bin/../lib/gcc/arm-none-eabi/7.3.1/thumb/v7-m/crtbegin.o
 *(.bss*)
 .bss.IRQ_Flag  0x000000002000001c        0x4 Src/main.o
                0x000000002000001c                IRQ_Flag
 .bss.Global_SPI_Config
                0x0000000020000020        0x8 Stm32F103C6_Drives/Stm32_F103C6_SPI_Driver.o
                0x0000000020000020                Global_SPI_Config
 .bss.Global_UART_Config
                0x0000000020000028        0x4 Stm32F103C6_Drives/Stm32_F103C6_USART_Driver.o
                0x0000000020000028                Global_UART_Config
 *(COMMON)
 COMMON         0x000000002000002c       0x3c Src/main.o
                0x000000002000002c                GP_IRQ_CallBack
                0x0000000020000068                . = ALIGN (0x4)
                0x0000000020000068                _ebss = .
                0x0000000020000068                __bss_end__ = _ebss

._user_heap_stack
                0x0000000020000068      0x600 load address 0x0000000008000b98
                0x0000000020000068                . = ALIGN (0x8)
                [!provide]                        PROVIDE (end = .)
                0x0000000020000068                PROVIDE (_end = .)
                0x0000000020000268                . = (. + _Min_Heap_Size)
 *fill*         0x0000000020000068      0x200 
                0x0000000020000668                . = (. + _Min_Stack_Size)
 *fill*         0x0000000020000268      0x400 
                0x0000000020000668                . = ALIGN (0x8)

/DISCARD/
 libc.a(*)
 libm.a(*)
 libgcc.a(*)

.ARM.attributes
                0x0000000000000000       0x29
 *(.ARM.attributes)
 .ARM.attributes
                0x0000000000000000       0x1d c:/st/stm32cubeide_1.4.0/stm32cubeide/plugins/com.st.stm32cube.ide.mcu.externaltools.gnu-tools-for-stm32.7-2018-q2-update.win32_1.4.0.202007081208/tools/bin/../lib/gcc/arm-none-eabi/7.3.1/thumb/v7-m/crti.o
 .ARM.attributes
                0x000000000000001d       0x2d c:/st/stm32cubeide_1.4.0/stm32cubeide/plugins/com.st.stm32cube.ide.mcu.externaltools.gnu-tools-for-stm32.7-2018-q2-update.win32_1.4.0.202007081208/tools/bin/../lib/gcc/arm-none-eabi/7.3.1/thumb/v7-m/crtbegin.o
 .ARM.attributes
                0x000000000000004a       0x33 Src/main.o
 .ARM.attributes
                0x000000000000007d       0x21 Startup/startup_stm32f103c6tx.o
 .ARM.attributes
                0x000000000000009e       0x33 Stm32F103C6_Drives/Stm32_F103C6_EXTI_Driver.o
 .ARM.attributes
                0x00000000000000d1       0x33 Stm32F103C6_Drives/Stm32_F103C6_GPIO_Driver.o
 .ARM.attributes
                0x0000000000000104       0x33 Stm32F103C6_Drives/Stm32_F103C6_SPI_Driver.o
 .ARM.attributes
                0x0000000000000137       0x33 Stm32F103C6_Drives/Stm32_F103C6_USART_Driver.o
 .ARM.attributes
                0x000000000000016a       0x2d c:/st/stm32cubeide_1.4.0/stm32cubeide/plugins/com.st.stm32cube.ide.mcu.externaltools.gnu-tools-for-stm32.7-2018-q2-update.win32_1.4.0.202007081208/tools/bin/../lib/gcc/arm-none-eabi/7.3.1/../../../../arm-none-eabi/lib/thumb/v7-m\libc_nano.a(lib_a-init.o)
 .ARM.attributes
                0x0000000000000197       0x1d c:/st/stm32cubeide_1.4.0/stm32cubeide/plugins/com.st.stm32cube.ide.mcu.externaltools.gnu-tools-for-stm32.7-2018-q2-update.win32_1.4.0.202007081208/tools/bin/../lib/gcc/arm-none-eabi/7.3.1/thumb/v7-m/crtn.o
OUTPUT(Drivers.elf elf32-littlearm)

.debug_info     0x0000000000000000     0x44e1
 .debug_info    0x0000000000000000      0xcc5 Src/main.o
 .debug_info    0x0000000000000cc5       0x22 Startup/startup_stm32f103c6tx.o
 .debug_info    0x0000000000000ce7      0xdbc Stm32F103C6_Drives/Stm32_F103C6_EXTI_Driver.o
 .debug_info    0x0000000000001aa3      0xd50 Stm32F103C6_Drives/Stm32_F103C6_GPIO_Driver.o
 .debug_info    0x00000000000027f3      0xef5 Stm32F103C6_Drives/Stm32_F103C6_SPI_Driver.o
 .debug_info    0x00000000000036e8      0xdf9 Stm32F103C6_Drives/Stm32_F103C6_USART_Driver.o

.debug_abbrev   0x0000000000000000      0xa91
 .debug_abbrev  0x0000000000000000      0x205 Src/main.o
 .debug_abbrev  0x0000000000000205       0x12 Startup/startup_stm32f103c6tx.o
 .debug_abbrev  0x0000000000000217      0x239 Stm32F103C6_Drives/Stm32_F103C6_EXTI_Driver.o
 .debug_abbrev  0x0000000000000450      0x1ed Stm32F103C6_Drives/Stm32_F103C6_GPIO_Driver.o
 .debug_abbrev  0x000000000000063d      0x240 Stm32F103C6_Drives/Stm32_F103C6_SPI_Driver.o
 .debug_abbrev  0x000000000000087d      0x214 Stm32F103C6_Drives/Stm32_F103C6_USART_Driver.o

.debug_loc      0x0000000000000000      0xd2c
 .debug_loc     0x0000000000000000      0x18c Src/main.o
 .debug_loc     0x000000000000018c      0x320 Stm32F103C6_Drives/Stm32_F103C6_EXTI_Driver.o
 .debug_loc     0x00000000000004ac      0x330 Stm32F103C6_Drives/Stm32_F103C6_GPIO_Driver.o
 .debug_loc     0x00000000000007dc      0x2bc Stm32F103C6_Drives/Stm32_F103C6_SPI_Driver.o
 .debug_loc     0x0000000000000a98      0x294 Stm32F103C6_Drives/Stm32_F103C6_USART_Driver.o

.debug_aranges  0x0000000000000000      0x208
 .debug_aranges
                0x0000000000000000       0x48 Src/main.o
 .debug_aranges
                0x0000000000000048       0x28 Startup/startup_stm32f103c6tx.o
 .debug_aranges
                0x0000000000000070       0x80 Stm32F103C6_Drives/Stm32_F103C6_EXTI_Driver.o
 .debug_aranges
                0x00000000000000f0       0x60 Stm32F103C6_Drives/Stm32_F103C6_GPIO_Driver.o
 .debug_aranges
                0x0000000000000150       0x58 Stm32F103C6_Drives/Stm32_F103C6_SPI_Driver.o
 .debug_aranges
                0x00000000000001a8       0x60 Stm32F103C6_Drives/Stm32_F103C6_USART_Driver.o

.debug_ranges   0x0000000000000000      0x1b0
 .debug_ranges  0x0000000000000000       0x38 Src/main.o
 .debug_ranges  0x0000000000000038       0x20 Startup/startup_stm32f103c6tx.o
 .debug_ranges  0x0000000000000058       0x70 Stm32F103C6_Drives/Stm32_F103C6_EXTI_Driver.o
 .debug_ranges  0x00000000000000c8       0x50 Stm32F103C6_Drives/Stm32_F103C6_GPIO_Driver.o
 .debug_ranges  0x0000000000000118       0x48 Stm32F103C6_Drives/Stm32_F103C6_SPI_Driver.o
 .debug_ranges  0x0000000000000160       0x50 Stm32F103C6_Drives/Stm32_F103C6_USART_Driver.o

.debug_macro    0x0000000000000000      0xc55
 .debug_macro   0x0000000000000000      0x168 Src/main.o
 .debug_macro   0x0000000000000168      0x239 Src/main.o
 .debug_macro   0x00000000000003a1       0xa0 Src/main.o
 .debug_macro   0x0000000000000441       0x40 Src/main.o
 .debug_macro   0x0000000000000481      0x152 Stm32F103C6_Drives/Stm32_F103C6_EXTI_Driver.o
 .debug_macro   0x00000000000005d3       0xd6 Stm32F103C6_Drives/Stm32_F103C6_EXTI_Driver.o
 .debug_macro   0x00000000000006a9      0x13f Stm32F103C6_Drives/Stm32_F103C6_GPIO_Driver.o
 .debug_macro   0x00000000000007e8      0x160 Stm32F103C6_Drives/Stm32_F103C6_SPI_Driver.o
 .debug_macro   0x0000000000000948       0xbe Stm32F103C6_Drives/Stm32_F103C6_SPI_Driver.o
 .debug_macro   0x0000000000000a06      0x151 Stm32F103C6_Drives/Stm32_F103C6_USART_Driver.o
 .debug_macro   0x0000000000000b57       0x16 Stm32F103C6_Drives/Stm32_F103C6_USART_Driver.o
 .debug_macro   0x0000000000000b6d       0xe8 Stm32F103C6_Drives/Stm32_F103C6_USART_Driver.o

.debug_line     0x0000000000000000     0x220a
 .debug_line    0x0000000000000000      0x638 Src/main.o
 .debug_line    0x0000000000000638       0x84 Startup/startup_stm32f103c6tx.o
 .debug_line    0x00000000000006bc      0x77a Stm32F103C6_Drives/Stm32_F103C6_EXTI_Driver.o
 .debug_line    0x0000000000000e36      0x684 Stm32F103C6_Drives/Stm32_F103C6_GPIO_Driver.o
 .debug_line    0x00000000000014ba      0x6b5 Stm32F103C6_Drives/Stm32_F103C6_SPI_Driver.o
 .debug_line    0x0000000000001b6f      0x69b Stm32F103C6_Drives/Stm32_F103C6_USART_Driver.o

.debug_str      0x0000000000000000     0xa9a8
 .debug_str     0x0000000000000000     0x972f Src/main.o
                                       0x99a4 (size before relaxing)
 .debug_str     0x000000000000972f       0x31 Startup/startup_stm32f103c6tx.o
                                         0x73 (size before relaxing)
 .debug_str     0x0000000000009760      0x1e6 Stm32F103C6_Drives/Stm32_F103C6_EXTI_Driver.o
                                       0x97a6 (size before relaxing)
 .debug_str     0x0000000000009946      0x111 Stm32F103C6_Drives/Stm32_F103C6_GPIO_Driver.o
                                       0x83aa (size before relaxing)
 .debug_str     0x0000000000009a57      0x736 Stm32F103C6_Drives/Stm32_F103C6_SPI_Driver.o
                                       0x89e7 (size before relaxing)
 .debug_str     0x000000000000a18d      0x81b Stm32F103C6_Drives/Stm32_F103C6_USART_Driver.o
                                       0x8ae8 (size before relaxing)

.comment        0x0000000000000000       0x7b
 .comment       0x0000000000000000       0x7b Src/main.o
                                         0x7c (size before relaxing)
 .comment       0x000000000000007b       0x7c Stm32F103C6_Drives/Stm32_F103C6_EXTI_Driver.o
 .comment       0x000000000000007b       0x7c Stm32F103C6_Drives/Stm32_F103C6_GPIO_Driver.o
 .comment       0x000000000000007b       0x7c Stm32F103C6_Drives/Stm32_F103C6_SPI_Driver.o
 .comment       0x000000000000007b       0x7c Stm32F103C6_Drives/Stm32_F103C6_USART_Driver.o

.debug_frame    0x0000000000000000      0x6bc
 .debug_frame   0x0000000000000000       0xd4 Src/main.o
 .debug_frame   0x00000000000000d4      0x1b0 Stm32F103C6_Drives/Stm32_F103C6_EXTI_Driver.o
 .debug_frame   0x0000000000000284      0x178 Stm32F103C6_Drives/Stm32_F103C6_GPIO_Driver.o
 .debug_frame   0x00000000000003fc      0x148 Stm32F103C6_Drives/Stm32_F103C6_SPI_Driver.o
 .debug_frame   0x0000000000000544      0x14c Stm32F103C6_Drives/Stm32_F103C6_USART_Driver.o
 .debug_frame   0x0000000000000690       0x2c c:/st/stm32cubeide_1.4.0/stm32cubeide/plugins/com.st.stm32cube.ide.mcu.externaltools.gnu-tools-for-stm32.7-2018-q2-update.win32_1.4.0.202007081208/tools/bin/../lib/gcc/arm-none-eabi/7.3.1/../../../../arm-none-eabi/lib/thumb/v7-m\libc_nano.a(lib_a-init.o)
