Archive member included to satisfy reference by file (symbol)

c:/st/stm32cubeide_1.4.0/stm32cubeide/plugins/com.st.stm32cube.ide.mcu.externaltools.gnu-tools-for-stm32.7-2018-q2-update.win32_1.4.0.202007081208/tools/bin/../lib/gcc/arm-none-eabi/7.3.1/../../../../arm-none-eabi/lib/thumb/v7-m\libc_nano.a(lib_a-errno.o)
                              Src/syscalls.o (__errno)
c:/st/stm32cubeide_1.4.0/stm32cubeide/plugins/com.st.stm32cube.ide.mcu.externaltools.gnu-tools-for-stm32.7-2018-q2-update.win32_1.4.0.202007081208/tools/bin/../lib/gcc/arm-none-eabi/7.3.1/../../../../arm-none-eabi/lib/thumb/v7-m\libc_nano.a(lib_a-exit.o)
                              c:/st/stm32cubeide_1.4.0/stm32cubeide/plugins/com.st.stm32cube.ide.mcu.externaltools.gnu-tools-for-stm32.7-2018-q2-update.win32_1.4.0.202007081208/tools/bin/../lib/gcc/arm-none-eabi/7.3.1/../../../../arm-none-eabi/lib/thumb/v7-m/crt0.o (exit)
c:/st/stm32cubeide_1.4.0/stm32cubeide/plugins/com.st.stm32cube.ide.mcu.externaltools.gnu-tools-for-stm32.7-2018-q2-update.win32_1.4.0.202007081208/tools/bin/../lib/gcc/arm-none-eabi/7.3.1/../../../../arm-none-eabi/lib/thumb/v7-m\libc_nano.a(lib_a-impure.o)
                              c:/st/stm32cubeide_1.4.0/stm32cubeide/plugins/com.st.stm32cube.ide.mcu.externaltools.gnu-tools-for-stm32.7-2018-q2-update.win32_1.4.0.202007081208/tools/bin/../lib/gcc/arm-none-eabi/7.3.1/../../../../arm-none-eabi/lib/thumb/v7-m\libc_nano.a(lib_a-exit.o) (_global_impure_ptr)
c:/st/stm32cubeide_1.4.0/stm32cubeide/plugins/com.st.stm32cube.ide.mcu.externaltools.gnu-tools-for-stm32.7-2018-q2-update.win32_1.4.0.202007081208/tools/bin/../lib/gcc/arm-none-eabi/7.3.1/../../../../arm-none-eabi/lib/thumb/v7-m\libc_nano.a(lib_a-init.o)
                              c:/st/stm32cubeide_1.4.0/stm32cubeide/plugins/com.st.stm32cube.ide.mcu.externaltools.gnu-tools-for-stm32.7-2018-q2-update.win32_1.4.0.202007081208/tools/bin/../lib/gcc/arm-none-eabi/7.3.1/../../../../arm-none-eabi/lib/thumb/v7-m/crt0.o (__libc_init_array)
c:/st/stm32cubeide_1.4.0/stm32cubeide/plugins/com.st.stm32cube.ide.mcu.externaltools.gnu-tools-for-stm32.7-2018-q2-update.win32_1.4.0.202007081208/tools/bin/../lib/gcc/arm-none-eabi/7.3.1/../../../../arm-none-eabi/lib/thumb/v7-m\libc_nano.a(lib_a-memset.o)
                              c:/st/stm32cubeide_1.4.0/stm32cubeide/plugins/com.st.stm32cube.ide.mcu.externaltools.gnu-tools-for-stm32.7-2018-q2-update.win32_1.4.0.202007081208/tools/bin/../lib/gcc/arm-none-eabi/7.3.1/../../../../arm-none-eabi/lib/thumb/v7-m/crt0.o (memset)
c:/st/stm32cubeide_1.4.0/stm32cubeide/plugins/com.st.stm32cube.ide.mcu.externaltools.gnu-tools-for-stm32.7-2018-q2-update.win32_1.4.0.202007081208/tools/bin/../lib/gcc/arm-none-eabi/7.3.1/../../../../arm-none-eabi/lib/thumb/v7-m\libc_nano.a(lib_a-strcmp.o)
                              MY_RTOS/Scheduler.o (strcmp)

Allocating common symbols
Common symbol       size              file

Global_SPI_Config2  0x18              Stm32F103C6_Drives/Stm32_F103C6_SPI_Driver.o
Ready_Queue         0x14              MY_RTOS/Scheduler.o
SysTickLED          0x1               MY_RTOS/CortexMX_OS_Porting.o
OS_Control          0x1ac             MY_RTOS/Scheduler.o
Task1               0x44              Src/main.o
Task4LED            0x1               Src/main.o
MYRTOS_idleTask     0x44              MY_RTOS/Scheduler.o
Task2LED            0x1               Src/main.o
Task3               0x44              Src/main.o
Task1LED            0x1               Src/main.o
PinCfg              0x4               HAL/lcd.o
Global_SPI_Config1  0x18              Stm32F103C6_Drives/Stm32_F103C6_SPI_Driver.o
IdleTaskLED         0x1               MY_RTOS/Scheduler.o
Task2               0x44              Src/main.o
GP_IRQ_CallBack     0x3c              Src/main.o
Ready_Queue_FIFO    0x190             MY_RTOS/Scheduler.o
Task3LED            0x1               Src/main.o

Discarded input sections

 .text          0x0000000000000000        0x0 c:/st/stm32cubeide_1.4.0/stm32cubeide/plugins/com.st.stm32cube.ide.mcu.externaltools.gnu-tools-for-stm32.7-2018-q2-update.win32_1.4.0.202007081208/tools/bin/../lib/gcc/arm-none-eabi/7.3.1/thumb/v7-m/crti.o
 .data          0x0000000000000000        0x0 c:/st/stm32cubeide_1.4.0/stm32cubeide/plugins/com.st.stm32cube.ide.mcu.externaltools.gnu-tools-for-stm32.7-2018-q2-update.win32_1.4.0.202007081208/tools/bin/../lib/gcc/arm-none-eabi/7.3.1/thumb/v7-m/crti.o
 .bss           0x0000000000000000        0x0 c:/st/stm32cubeide_1.4.0/stm32cubeide/plugins/com.st.stm32cube.ide.mcu.externaltools.gnu-tools-for-stm32.7-2018-q2-update.win32_1.4.0.202007081208/tools/bin/../lib/gcc/arm-none-eabi/7.3.1/thumb/v7-m/crti.o
 .data          0x0000000000000000        0x4 c:/st/stm32cubeide_1.4.0/stm32cubeide/plugins/com.st.stm32cube.ide.mcu.externaltools.gnu-tools-for-stm32.7-2018-q2-update.win32_1.4.0.202007081208/tools/bin/../lib/gcc/arm-none-eabi/7.3.1/thumb/v7-m/crtbegin.o
[...]
Memory Configuration

Name             Origin             Length             Attributes
RAM              0x0000000020000000 0x0000000000002800 xrw
ROM              0x0000000008000000 0x0000000000008000 xr
*default*        0x0000000000000000 0xffffffffffffffff

Linker script and memory map

LOAD c:/st/stm32cubeide_1.4.0/stm32cubeide/plugins/com.st.stm32cube.ide.mcu.externaltools.gnu-tools-for-stm32.7-2018-q2-update.win32_1.4.0.202007081208/tools/bin/../lib/gcc/arm-none-eabi/7.3.1/thumb/v7-m/crti.o
LOAD c:/st/stm32cubeide_1.4.0/stm32cubeide/plugins/com.st.stm32cube.ide.mcu.externaltools.gnu-tools-for-stm32.7-2018-q2-update.win32_1.4.0.202007081208/tools/bin/../lib/gcc/arm-none-eabi/7.3.1/thumb/v7-m/crtbegin.o
LOAD c:/st/stm32cubeide_1.4.0/stm32cubeide/plugins/com.st.stm32cube.ide.mcu.externaltools.gnu-tools-for-stm32.7-2018-q2-update.win32_1.4.0.202007081208/tools/bin/../lib/gcc/arm-none-eabi/7.3.1/../../../../arm-none-eabi/lib/thumb/v7-m/crt0.o
LOAD HAL/keypad.o
LOAD HAL/lcd.o
LOAD MY_RTOS/CortexMX_OS_Porting.o
LOAD MY_RTOS/MYRTOS_FIFO.o
LOAD MY_RTOS/Scheduler.o
LOAD Src/main.o
LOAD Src/syscalls.o
LOAD Src/sysmem.o
LOAD Startup/startup_stm32f103c6tx.o
LOAD Stm32F103C6_Drives/Stm32_F103C6_EXTI_Driver.o
LOAD Stm32F103C6_Drives/Stm32_F103C6_GPIO_Driver.o
LOAD Stm32F103C6_Drives/Stm32_F103C6_RCC_Driver.o
LOAD Stm32F103C6_Drives/Stm32_F103C6_SPI_Driver.o
LOAD Stm32F103C6_Drives/Stm32_F103C6_USART_Driver.o
START GROUP
LOAD c:/st/stm32cubeide_1.4.0/stm32cubeide/plugins/com.st.stm32cube.ide.mcu.externaltools.gnu-tools-for-stm32.7-2018-q2-update.win32_1.4.0.202007081208/tools/bin/../lib/gcc/arm-none-eabi/7.3.1/../../../../arm-none-eabi/lib/thumb/v7-m\libc_nano.a
LOAD c:/st/stm32cubeide_1.4.0/stm32cubeide/plugins/com.st.stm32cube.ide.mcu.externaltools.gnu-tools-for-stm32.7-2018-q2-update.win32_1.4.0.202007081208/tools/bin/../lib/gcc/arm-none-eabi/7.3.1/../../../../arm-none-eabi/lib/thumb/v7-m\libm.a
END GROUP
START GROUP
LOAD c:/st/stm32cubeide_1.4.0/stm32cubeide/plugins/com.st.stm32cube.ide.mcu.externaltools.gnu-tools-for-stm32.7-2018-q2-update.win32_1.4.0.202007081208/tools/bin/../lib/gcc/arm-none-eabi/7.3.1/thumb/v7-m\libgcc.a
LOAD c:/st/stm32cubeide_1.4.0/stm32cubeide/plugins/com.st.stm32cube.ide.mcu.externaltools.gnu-tools-for-stm32.7-2018-q2-update.win32_1.4.0.202007081208/tools/bin/../lib/gcc/arm-none-eabi/7.3.1/../../../../arm-none-eabi/lib/thumb/v7-m\libg_nano.a
LOAD c:/st/stm32cubeide_1.4.0/stm32cubeide/plugins/com.st.stm32cube.ide.mcu.externaltools.gnu-tools-for-stm32.7-2018-q2-update.win32_1.4.0.202007081208/tools/bin/../lib/gcc/arm-none-eabi/7.3.1/../../../../arm-none-eabi/lib/thumb/v7-m\libc_nano.a
END GROUP
START GROUP
LOAD c:/st/stm32cubeide_1.4.0/stm32cubeide/plugins/com.st.stm32cube.ide.mcu.externaltools.gnu-tools-for-stm32.7-2018-q2-update.win32_1.4.0.202007081208/tools/bin/../lib/gcc/arm-none-eabi/7.3.1/thumb/v7-m\libgcc.a
LOAD c:/st/stm32cubeide_1.4.0/stm32cubeide/plugins/com.st.stm32cube.ide.mcu.externaltools.gnu-tools-for-stm32.7-2018-q2-update.win32_1.4.0.202007081208/tools/bin/../lib/gcc/arm-none-eabi/7.3.1/../../../../arm-none-eabi/lib/thumb/v7-m\libc_nano.a
LOAD c:/st/stm32cubeide_1.4.0/stm32cubeide/plugins/com.st.stm32cube.ide.mcu.externaltools.gnu-tools-for-stm32.7-2018-q2-update.win32_1.4.0.202007081208/tools/bin/../lib/gcc/arm-none-eabi/7.3.1/../../../../arm-none-eabi/lib/thumb/v7-m\libnosys.a
END GROUP
START GROUP
LOAD c:/st/stm32cubeide_1.4.0/stm32cubeide/plugins/com.st.stm32cube.ide.mcu.externaltools.gnu-tools-for-stm32.7-2018-q2-update.win32_1.4.0.202007081208/tools/bin/../lib/gcc/arm-none-eabi/7.3.1/thumb/v7-m\libgcc.a
LOAD c:/st/stm32cubeide_1.4.0/stm32cubeide/plugins/com.st.stm32cube.ide.mcu.externaltools.gnu-tools-for-stm32.7-2018-q2-update.win32_1.4.0.202007081208/tools/bin/../lib/gcc/arm-none-eabi/7.3.1/../../../../arm-none-eabi/lib/thumb/v7-m\libc_nano.a
LOAD c:/st/stm32cubeide_1.4.0/stm32cubeide/plugins/com.st.stm32cube.ide.mcu.externaltools.gnu-tools-for-stm32.7-2018-q2-update.win32_1.4.0.202007081208/tools/bin/../lib/gcc/arm-none-eabi/7.3.1/../../../../arm-none-eabi/lib/thumb/v7-m\libnosys.a
END GROUP
LOAD c:/st/stm32cubeide_1.4.0/stm32cubeide/plugins/com.st.stm32cube.ide.mcu.externaltools.gnu-tools-for-stm32.7-2018-q2-update.win32_1.4.0.202007081208/tools/bin/../lib/gcc/arm-none-eabi/7.3.1/thumb/v7-m/crtend.o
LOAD c:/st/stm32cubeide_1.4.0/stm32cubeide/plugins/com.st.stm32cube.ide.mcu.externaltools.gnu-tools-for-stm32.7-2018-q2-update.win32_1.4.0.202007081208/tools/bin/../lib/gcc/arm-none-eabi/7.3.1/thumb/v7-m/crtn.o
                0x0000000020002800                _estack = (ORIGIN (RAM) + LENGTH (RAM))
                0x0000000000000200                _Min_Heap_Size = 0x200
                0x0000000000000400                _Min_Stack_Size = 0x400

.isr_vector     0x0000000008000000      0x130
                0x0000000008000000                . = ALIGN (0x4)
 *(.isr_vector)
 .isr_vector    0x0000000008000000      0x130 Startup/startup_stm32f103c6tx.o
                0x0000000008000000                g_pfnVectors
                0x0000000008000130                . = ALIGN (0x4)

.text           0x0000000008000130      0xe74
                0x0000000008000130                . = ALIGN (0x4)
 *(.text)
 .text          0x0000000008000130       0x40 c:/st/stm32cubeide_1.4.0/stm32cubeide/plugins/com.st.stm32cube.ide.mcu.externaltools.gnu-tools-for-stm32.7-2018-q2-update.win32_1.4.0.202007081208/tools/bin/../lib/gcc/arm-none-eabi/7.3.1/thumb/v7-m/crtbegin.o
 .text          0x0000000008000170       0x14 c:/st/stm32cubeide_1.4.0/stm32cubeide/plugins/com.st.stm32cube.ide.mcu.externaltools.gnu-tools-for-stm32.7-2018-q2-update.win32_1.4.0.202007081208/tools/bin/../lib/gcc/arm-none-eabi/7.3.1/../../../../arm-none-eabi/lib/thumb/v7-m\libc_nano.a(lib_a-strcmp.o)
                0x0000000008000170                strcmp
 *(.text*)
 .text.__NVIC_SetPriority
                0x0000000008000184       0x54 MY_RTOS/CortexMX_OS_Porting.o
 .text.SysTick_Config
                0x00000000080001d8       0x44 MY_RTOS/CortexMX_OS_Porting.o
 .text.HardFault_Handler
                0x000000000800021c        0x6 MY_RTOS/CortexMX_OS_Porting.o
                0x000000000800021c                HardFault_Handler
 .text.MemManage_Handler
                0x0000000008000222        0x6 MY_RTOS/CortexMX_OS_Porting.o
                0x0000000008000222                MemManage_Handler
 .text.BusFault_Handler
                0x0000000008000228        0x6 MY_RTOS/CortexMX_OS_Porting.o
                0x0000000008000228                BusFault_Handler
 .text.UsageFault_Handler
                0x000000000800022e        0x6 MY_RTOS/CortexMX_OS_Porting.o
                0x000000000800022e                UsageFault_Handler
 .text.SVC_Handler
                0x0000000008000234       0x14 MY_RTOS/CortexMX_OS_Porting.o
                0x0000000008000234                SVC_Handler
 .text.HW_init  0x0000000008000248       0x12 MY_RTOS/CortexMX_OS_Porting.o
                0x0000000008000248                HW_init
 *fill*         0x000000000800025a        0x2 
 .text.Trigger_OS_PendSV
                0x000000000800025c       0x1c MY_RTOS/CortexMX_OS_Porting.o
                0x000000000800025c                Trigger_OS_PendSV
 .text.Start_Ticker
                0x0000000008000278       0x10 MY_RTOS/CortexMX_OS_Porting.o
                0x0000000008000278                Start_Ticker
 .text.SysTick_Handler
                0x0000000008000288       0x24 MY_RTOS/CortexMX_OS_Porting.o
                0x0000000008000288                SysTick_Handler
 .text.FIFO_init
                0x00000000080002ac       0x44 MY_RTOS/MYRTOS_FIFO.o
                0x00000000080002ac                FIFO_init
 .text.FIFO_enqueue
                0x00000000080002f0       0x84 MY_RTOS/MYRTOS_FIFO.o
                0x00000000080002f0                FIFO_enqueue
 .text.FIFO_dequeue
                0x0000000008000374       0x7a MY_RTOS/MYRTOS_FIFO.o
                0x0000000008000374                FIFO_dequeue
 *fill*         0x00000000080003ee        0x2 
 .text.PendSV_Handler
                0x00000000080003f0      0x1b8 MY_RTOS/Scheduler.o
                0x00000000080003f0                PendSV_Handler
 .text.MYRTOS_Idle_Task
                0x00000000080005a8       0x1c MY_RTOS/Scheduler.o
                0x00000000080005a8                MYRTOS_Idle_Task
 .text.MYRTOS_Create_MainStack
                0x00000000080005c4       0x3c MY_RTOS/Scheduler.o
                0x00000000080005c4                MYRTOS_Create_MainStack
 .text.MYRTOS_init
                0x0000000008000600       0x80 MY_RTOS/Scheduler.o
                0x0000000008000600                MYRTOS_init
 .text.MyRTOS_Create_Task_Stack
                0x0000000008000680       0x7c MY_RTOS/Scheduler.o
                0x0000000008000680                MyRTOS_Create_Task_Stack
 .text.MYRTOS_CreateTask
                0x00000000080006fc       0x7c MY_RTOS/Scheduler.o
                0x00000000080006fc                MYRTOS_CreateTask
 .text.bubblesort
                0x0000000008000778       0x90 MY_RTOS/Scheduler.o
                0x0000000008000778                bubblesort
 .text.MYRTOS_Update_Scheduler_Table
                0x0000000008000808       0xd0 MY_RTOS/Scheduler.o
                0x0000000008000808                MYRTOS_Update_Scheduler_Table
 .text.Decide_whatNext
                0x00000000080008d8       0xa4 MY_RTOS/Scheduler.o
                0x00000000080008d8                Decide_whatNext
 .text.OS_SVC   0x000000000800097c       0x60 MY_RTOS/Scheduler.o
                0x000000000800097c                OS_SVC
 .text.MYRTOS_OS_SVC_Set
                0x00000000080009dc       0x30 MY_RTOS/Scheduler.o
                0x00000000080009dc                MYRTOS_OS_SVC_Set
 .text.MYRTOS_ActivateTask
                0x0000000008000a0c       0x1e MY_RTOS/Scheduler.o
                0x0000000008000a0c                MYRTOS_ActivateTask
 *fill*         0x0000000008000a2a        0x2 
 .text.MYRTOS_StartOS
                0x0000000008000a2c       0x5c MY_RTOS/Scheduler.o
                0x0000000008000a2c                MYRTOS_StartOS
 .text.task1    0x0000000008000a88       0x18 Src/main.o
                0x0000000008000a88                task1
 .text.task2    0x0000000008000aa0       0x18 Src/main.o
                0x0000000008000aa0                task2
 .text.task3    0x0000000008000ab8       0x18 Src/main.o
                0x0000000008000ab8                task3
 .text.main     0x0000000008000ad0      0x10c Src/main.o
                0x0000000008000ad0                main
 .text.Reset_Handler
                0x0000000008000bdc       0x50 Startup/startup_stm32f103c6tx.o
                0x0000000008000bdc                Reset_Handler
 .text.Default_Handler
                0x0000000008000c2c        0x2 Startup/startup_stm32f103c6tx.o
                0x0000000008000c2c                TIM8_TRG_COM_IRQHandler
                0x0000000008000c2c                TIM8_CC_IRQHandler
                0x0000000008000c2c                DebugMon_Handler
                0x0000000008000c2c                TIM1_CC_IRQHandler
                0x0000000008000c2c                TIM6_IRQHandler
                0x0000000008000c2c                PVD_IRQHandler
                0x0000000008000c2c                SDIO_IRQHandler
                0x0000000008000c2c                NMI_Handler
                0x0000000008000c2c                USB_HP_CAN_TX_IRQHandler
                0x0000000008000c2c                I2C2_EV_IRQHandler
                0x0000000008000c2c                ADC1_2_IRQHandler
                0x0000000008000c2c                CAN_SCE_IRQHandler
                0x0000000008000c2c                TAMPER_IRQHandler
                0x0000000008000c2c                TIM8_UP_IRQHandler
                0x0000000008000c2c                DMA2_Channel2_IRQHandler
                0x0000000008000c2c                DMA1_Channel4_IRQHandler
                0x0000000008000c2c                RTC_IRQHandler
                0x0000000008000c2c                DMA1_Channel7_IRQHandler
                0x0000000008000c2c                UART5_IRQHandler
                0x0000000008000c2c                ADC3_IRQHandler
                0x0000000008000c2c                TIM4_IRQHandler
                0x0000000008000c2c                CAN_RX1_IRQHandler
                0x0000000008000c2c                DMA2_Channel1_IRQHandler
                0x0000000008000c2c                I2C1_EV_IRQHandler
                0x0000000008000c2c                DMA1_Channel6_IRQHandler
                0x0000000008000c2c                UART4_IRQHandler
                0x0000000008000c2c                TIM3_IRQHandler
                0x0000000008000c2c                RCC_IRQHandler
                0x0000000008000c2c                TIM1_TRG_COM_IRQHandler
                0x0000000008000c2c                DMA1_Channel1_IRQHandler
                0x0000000008000c2c                Default_Handler
                0x0000000008000c2c                TIM7_IRQHandler
                0x0000000008000c2c                TIM5_IRQHandler
                0x0000000008000c2c                USB_LP_CAN_RX0_IRQHandler
                0x0000000008000c2c                DMA1_Channel5_IRQHandler
                0x0000000008000c2c                DMA1_Channel3_IRQHandler
                0x0000000008000c2c                FSMC_IRQHandler
                0x0000000008000c2c                TIM1_UP_IRQHandler
                0x0000000008000c2c                WWDG_IRQHandler
                0x0000000008000c2c                TIM2_IRQHandler
                0x0000000008000c2c                TIM1_BRK_IRQHandler
                0x0000000008000c2c                RTCAlarm_IRQHandler
                0x0000000008000c2c                DMA2_Channel4_5_IRQHandler
                0x0000000008000c2c                I2C2_ER_IRQHandler
                0x0000000008000c2c                DMA1_Channel2_IRQHandler
                0x0000000008000c2c                TIM8_BRK_IRQHandler
                0x0000000008000c2c                FLASH_IRQHandler
                0x0000000008000c2c                SPI3_IRQHandler
                0x0000000008000c2c                I2C1_ER_IRQHandler
                0x0000000008000c2c                DMA2_Channel3_IRQHandler
 *fill*         0x0000000008000c2e        0x2 
 .text.EXTI0_IRQHandler
                0x0000000008000c30       0x24 Stm32F103C6_Drives/Stm32_F103C6_EXTI_Driver.o
                0x0000000008000c30                EXTI0_IRQHandler
 .text.EXTI1_IRQHandler
                0x0000000008000c54       0x24 Stm32F103C6_Drives/Stm32_F103C6_EXTI_Driver.o
                0x0000000008000c54                EXTI1_IRQHandler
 .text.EXTI2_IRQHandler
                0x0000000008000c78       0x24 Stm32F103C6_Drives/Stm32_F103C6_EXTI_Driver.o
                0x0000000008000c78                EXTI2_IRQHandler
 .text.EXTI3_IRQHandler
                0x0000000008000c9c       0x24 Stm32F103C6_Drives/Stm32_F103C6_EXTI_Driver.o
                0x0000000008000c9c                EXTI3_IRQHandler
 .text.EXTI4_IRQHandler
                0x0000000008000cc0       0x24 Stm32F103C6_Drives/Stm32_F103C6_EXTI_Driver.o
                0x0000000008000cc0                EXTI4_IRQHandler
 .text.EXTI9_5_IRQHandler
                0x0000000008000ce4       0xa8 Stm32F103C6_Drives/Stm32_F103C6_EXTI_Driver.o
                0x0000000008000ce4                EXTI9_5_IRQHandler
 .text.EXTI15_10_IRQHandler
                0x0000000008000d8c       0xc4 Stm32F103C6_Drives/Stm32_F103C6_EXTI_Driver.o
                0x0000000008000d8c                EXTI15_10_IRQHandler
 .text.SPI1_IRQHandler
                0x0000000008000e50       0x5c Stm32F103C6_Drives/Stm32_F103C6_SPI_Driver.o
                0x0000000008000e50                SPI1_IRQHandler
 .text.SPI2_IRQHandler
                0x0000000008000eac       0x5c Stm32F103C6_Drives/Stm32_F103C6_SPI_Driver.o
                0x0000000008000eac                SPI2_IRQHandler
 .text.USART1_IRQHandler
                0x0000000008000f08       0x14 Stm32F103C6_Drives/Stm32_F103C6_USART_Driver.o
                0x0000000008000f08                USART1_IRQHandler
 .text.USART2_IRQHandler
                0x0000000008000f1c       0x14 Stm32F103C6_Drives/Stm32_F103C6_USART_Driver.o
                0x0000000008000f1c                USART2_IRQHandler
 .text.USART3_IRQHandler
                0x0000000008000f30       0x14 Stm32F103C6_Drives/Stm32_F103C6_USART_Driver.o
                0x0000000008000f30                USART3_IRQHandler
 .text.__libc_init_array
                0x0000000008000f44       0x48 c:/st/stm32cubeide_1.4.0/stm32cubeide/plugins/com.st.stm32cube.ide.mcu.externaltools.gnu-tools-for-stm32.7-2018-q2-update.win32_1.4.0.202007081208/tools/bin/../lib/gcc/arm-none-eabi/7.3.1/../../../../arm-none-eabi/lib/thumb/v7-m\libc_nano.a(lib_a-init.o)
                0x0000000008000f44                __libc_init_array
 *(.glue_7)
 .glue_7        0x0000000008000f8c        0x0 linker stubs
 *(.glue_7t)
 .glue_7t       0x0000000008000f8c        0x0 linker stubs
 *(.eh_frame)
 .eh_frame      0x0000000008000f8c        0x0 c:/st/stm32cubeide_1.4.0/stm32cubeide/plugins/com.st.stm32cube.ide.mcu.externaltools.gnu-tools-for-stm32.7-2018-q2-update.win32_1.4.0.202007081208/tools/bin/../lib/gcc/arm-none-eabi/7.3.1/thumb/v7-m/crtbegin.o
 *(.init)
 .init          0x0000000008000f8c        0x4 c:/st/stm32cubeide_1.4.0/stm32cubeide/plugins/com.st.stm32cube.ide.mcu.externaltools.gnu-tools-for-stm32.7-2018-q2-update.win32_1.4.0.202007081208/tools/bin/../lib/gcc/arm-none-eabi/7.3.1/thumb/v7-m/crti.o
                0x0000000008000f8c                _init
 .init          0x0000000008000f90        0x8 c:/st/stm32cubeide_1.4.0/stm32cubeide/plugins/com.st.stm32cube.ide.mcu.externaltools.gnu-tools-for-stm32.7-2018-q2-update.win32_1.4.0.202007081208/tools/bin/../lib/gcc/arm-none-eabi/7.3.1/thumb/v7-m/crtn.o
 *(.fini)
 .fini          0x0000000008000f98        0x4 c:/st/stm32cubeide_1.4.0/stm32cubeide/plugins/com.st.stm32cube.ide.mcu.externaltools.gnu-tools-for-stm32.7-2018-q2-update.win32_1.4.0.202007081208/tools/bin/../lib/gcc/arm-none-eabi/7.3.1/thumb/v7-m/crti.o
                0x0000000008000f98                _fini
 .fini          0x0000000008000f9c        0x8 c:/st/stm32cubeide_1.4.0/stm32cubeide/plugins/com.st.stm32cube.ide.mcu.externaltools.gnu-tools-for-stm32.7-2018-q2-update.win32_1.4.0.202007081208/tools/bin/../lib/gcc/arm-none-eabi/7.3.1/thumb/v7-m/crtn.o
                0x0000000008000fa4                . = ALIGN (0x4)
                0x0000000008000fa4                _etext = .

.vfp11_veneer   0x0000000008000fa4        0x0
 .vfp11_veneer  0x0000000008000fa4        0x0 linker stubs

.v4_bx          0x0000000008000fa4        0x0
 .v4_bx         0x0000000008000fa4        0x0 linker stubs

.iplt           0x0000000008000fa4        0x0
 .iplt          0x0000000008000fa4        0x0 c:/st/stm32cubeide_1.4.0/stm32cubeide/plugins/com.st.stm32cube.ide.mcu.externaltools.gnu-tools-for-stm32.7-2018-q2-update.win32_1.4.0.202007081208/tools/bin/../lib/gcc/arm-none-eabi/7.3.1/thumb/v7-m/crtbegin.o

.rodata         0x0000000008000fa4       0x24
                0x0000000008000fa4                . = ALIGN (0x4)
 *(.rodata)
 .rodata        0x0000000008000fa4        0x9 MY_RTOS/Scheduler.o
 *fill*         0x0000000008000fad        0x3 
 .rodata        0x0000000008000fb0       0x17 Src/main.o
 *(.rodata*)
                0x0000000008000fc8                . = ALIGN (0x4)
 *fill*         0x0000000008000fc7        0x1 

.rel.dyn        0x0000000008000fc8        0x0
 .rel.iplt      0x0000000008000fc8        0x0 c:/st/stm32cubeide_1.4.0/stm32cubeide/plugins/com.st.stm32cube.ide.mcu.externaltools.gnu-tools-for-stm32.7-2018-q2-update.win32_1.4.0.202007081208/tools/bin/../lib/gcc/arm-none-eabi/7.3.1/thumb/v7-m/crtbegin.o

.ARM.extab      0x0000000008000fc8        0x0
                0x0000000008000fc8                . = ALIGN (0x4)
 *(.ARM.extab* .gnu.linkonce.armextab.*)
                0x0000000008000fc8                . = ALIGN (0x4)

.ARM            0x0000000008000fc8        0x0
                0x0000000008000fc8                . = ALIGN (0x4)
                0x0000000008000fc8                __exidx_start = .
 *(.ARM.exidx*)
                0x0000000008000fc8                __exidx_end = .
                0x0000000008000fc8                . = ALIGN (0x4)

.preinit_array  0x0000000008000fc8        0x0
                0x0000000008000fc8                . = ALIGN (0x4)
                0x0000000008000fc8                PROVIDE (__preinit_array_start = .)
 *(.preinit_array*)
                0x0000000008000fc8                PROVIDE (__preinit_array_end = .)
                0x0000000008000fc8                . = ALIGN (0x4)

.init_array     0x0000000008000fc8        0x4
                0x0000000008000fc8                . = ALIGN (0x4)
                0x0000000008000fc8                PROVIDE (__init_array_start = .)
 *(SORT_BY_NAME(.init_array.*))
 *(.init_array*)
 .init_array    0x0000000008000fc8        0x4 c:/st/stm32cubeide_1.4.0/stm32cubeide/plugins/com.st.stm32cube.ide.mcu.externaltools.gnu-tools-for-stm32.7-2018-q2-update.win32_1.4.0.202007081208/tools/bin/../lib/gcc/arm-none-eabi/7.3.1/thumb/v7-m/crtbegin.o
                0x0000000008000fcc                PROVIDE (__init_array_end = .)
                0x0000000008000fcc                . = ALIGN (0x4)

.fini_array     0x0000000008000fcc        0x4
                0x0000000008000fcc                . = ALIGN (0x4)
                [!provide]                        PROVIDE (__fini_array_start = .)
 *(SORT_BY_NAME(.fini_array.*))
 *(.fini_array*)
 .fini_array    0x0000000008000fcc        0x4 c:/st/stm32cubeide_1.4.0/stm32cubeide/plugins/com.st.stm32cube.ide.mcu.externaltools.gnu-tools-for-stm32.7-2018-q2-update.win32_1.4.0.202007081208/tools/bin/../lib/gcc/arm-none-eabi/7.3.1/thumb/v7-m/crtbegin.o
                [!provide]                        PROVIDE (__fini_array_end = .)
                0x0000000008000fd0                . = ALIGN (0x4)
                0x0000000008000fd0                _sidata = LOADADDR (.data)

.data           0x0000000020000000        0x0 load address 0x0000000008000fd0
                0x0000000020000000                . = ALIGN (0x4)
                0x0000000020000000                _sdata = .
 *(.data)
 *(.data*)
                0x0000000020000000                . = ALIGN (0x4)
                0x0000000020000000                _edata = .

.igot.plt       0x0000000020000000        0x0 load address 0x0000000008000fd0
 .igot.plt      0x0000000020000000        0x0 c:/st/stm32cubeide_1.4.0/stm32cubeide/plugins/com.st.stm32cube.ide.mcu.externaltools.gnu-tools-for-stm32.7-2018-q2-update.win32_1.4.0.202007081208/tools/bin/../lib/gcc/arm-none-eabi/7.3.1/thumb/v7-m/crtbegin.o
                0x0000000020000000                . = ALIGN (0x4)

.bss            0x0000000020000000      0x4d8 load address 0x0000000008000fd0
                0x0000000020000000                _sbss = .
                0x0000000020000000                __bss_start__ = _sbss
 *(.bss)
 .bss           0x0000000020000000       0x1c c:/st/stm32cubeide_1.4.0/stm32cubeide/plugins/com.st.stm32cube.ide.mcu.externaltools.gnu-tools-for-stm32.7-2018-q2-update.win32_1.4.0.202007081208/tools/bin/../lib/gcc/arm-none-eabi/7.3.1/thumb/v7-m/crtbegin.o
 *(.bss*)
 .bss.Global_SPI_Config
                0x000000002000001c        0x8 Stm32F103C6_Drives/Stm32_F103C6_SPI_Driver.o
                0x000000002000001c                Global_SPI_Config
 .bss.Global_UART_Config
                0x0000000020000024        0x4 Stm32F103C6_Drives/Stm32_F103C6_USART_Driver.o
                0x0000000020000024                Global_UART_Config
 *(COMMON)
 COMMON         0x0000000020000028        0x1 MY_RTOS/CortexMX_OS_Porting.o
                0x0000000020000028                SysTickLED
 *fill*         0x0000000020000029        0x3 
 COMMON         0x000000002000002c      0x398 MY_RTOS/Scheduler.o
                0x000000002000002c                Ready_Queue
                0x0000000020000040                OS_Control
                0x00000000200001ec                MYRTOS_idleTask
                0x0000000020000230                IdleTaskLED
                0x0000000020000234                Ready_Queue_FIFO
 COMMON         0x00000000200003c4      0x111 Src/main.o
                0x00000000200003c4                Task1
                0x0000000020000408                Task4LED
                0x0000000020000409                Task2LED
                0x000000002000040c                Task3
                0x0000000020000450                Task1LED
                0x0000000020000454                Task2
                0x0000000020000498                GP_IRQ_CallBack
                0x00000000200004d4                Task3LED
                0x00000000200004d8                . = ALIGN (0x4)
 *fill*         0x00000000200004d5        0x3 
                0x00000000200004d8                _ebss = .
                0x00000000200004d8                __bss_end__ = _ebss

._user_heap_stack
                0x00000000200004d8      0x600 load address 0x0000000008000fd0
                0x00000000200004d8                . = ALIGN (0x8)
                [!provide]                        PROVIDE (end = .)
                0x00000000200004d8                PROVIDE (_end = .)
                0x00000000200006d8                . = (. + _Min_Heap_Size)
 *fill*         0x00000000200004d8      0x200 
                0x0000000020000ad8                . = (. + _Min_Stack_Size)
 *fill*         0x00000000200006d8      0x400 
                0x0000000020000ad8                . = ALIGN (0x8)
                0x0000000020000ad8                _eheap = .

/DISCARD/
 libc.a(*)
 libm.a(*)
 libgcc.a(*)

.ARM.attributes
                0x0000000000000000       0x29
 *(.ARM.attributes)
 .ARM.attributes
                0x0000000000000000       0x1d c:/st/stm32cubeide_1.4.0/stm32cubeide/plugins/com.st.stm32cube.ide.mcu.externaltools.gnu-tools-for-stm32.7-2018-q2-update.win32_1.4.0.202007081208/tools/bin/../lib/gcc/arm-none-eabi/7.3.1/thumb/v7-m/crti.o
 .ARM.attributes
                0x000000000000001d       0x2d c:/st/stm32cubeide_1.4.0/stm32cubeide/plugins/com.st.stm32cube.ide.mcu.externaltools.gnu-tools-for-stm32.7-2018-q2-update.win32_1.4.0.202007081208/tools/bin/../lib/gcc/arm-none-eabi/7.3.1/thumb/v7-m/crtbegin.o
 .ARM.attributes
                0x000000000000004a       0x33 MY_RTOS/CortexMX_OS_Porting.o
 .ARM.attributes
                0x000000000000007d       0x33 MY_RTOS/MYRTOS_FIFO.o
 .ARM.attributes
                0x00000000000000b0       0x33 MY_RTOS/Scheduler.o
 .ARM.attributes
                0x00000000000000e3       0x33 Src/main.o
 .ARM.attributes
                0x0000000000000116       0x21 Startup/startup_stm32f103c6tx.o
 .ARM.attributes
                0x0000000000000137       0x33 Stm32F103C6_Drives/Stm32_F103C6_EXTI_Driver.o
 .ARM.attributes
                0x000000000000016a       0x33 Stm32F103C6_Drives/Stm32_F103C6_SPI_Driver.o
 .ARM.attributes
                0x000000000000019d       0x33 Stm32F103C6_Drives/Stm32_F103C6_USART_Driver.o
 .ARM.attributes
                0x00000000000001d0       0x2d c:/st/stm32cubeide_1.4.0/stm32cubeide/plugins/com.st.stm32cube.ide.mcu.externaltools.gnu-tools-for-stm32.7-2018-q2-update.win32_1.4.0.202007081208/tools/bin/../lib/gcc/arm-none-eabi/7.3.1/../../../../arm-none-eabi/lib/thumb/v7-m\libc_nano.a(lib_a-init.o)
 .ARM.attributes
                0x00000000000001fd       0x1b c:/st/stm32cubeide_1.4.0/stm32cubeide/plugins/com.st.stm32cube.ide.mcu.externaltools.gnu-tools-for-stm32.7-2018-q2-update.win32_1.4.0.202007081208/tools/bin/../lib/gcc/arm-none-eabi/7.3.1/../../../../arm-none-eabi/lib/thumb/v7-m\libc_nano.a(lib_a-strcmp.o)
 .ARM.attributes
                0x0000000000000218       0x1d c:/st/stm32cubeide_1.4.0/stm32cubeide/plugins/com.st.stm32cube.ide.mcu.externaltools.gnu-tools-for-stm32.7-2018-q2-update.win32_1.4.0.202007081208/tools/bin/../lib/gcc/arm-none-eabi/7.3.1/thumb/v7-m/crtn.o
OUTPUT(Drivers.axf elf32-littlearm)

.debug_info     0x0000000000000000     0x59ef
 .debug_info    0x0000000000000000      0x62e MY_RTOS/CortexMX_OS_Porting.o
 .debug_info    0x000000000000062e      0xca0 MY_RTOS/MYRTOS_FIFO.o
 .debug_info    0x00000000000012ce      0xf77 MY_RTOS/Scheduler.o
 .debug_info    0x0000000000002245      0xcde Src/main.o
 .debug_info    0x0000000000002f23       0x22 Startup/startup_stm32f103c6tx.o
 .debug_info    0x0000000000002f45      0xdbc Stm32F103C6_Drives/Stm32_F103C6_EXTI_Driver.o
 .debug_info    0x0000000000003d01      0xef5 Stm32F103C6_Drives/Stm32_F103C6_SPI_Driver.o
 .debug_info    0x0000000000004bf6      0xdf9 Stm32F103C6_Drives/Stm32_F103C6_USART_Driver.o

.debug_abbrev   0x0000000000000000      0xf36
 .debug_abbrev  0x0000000000000000      0x1cb MY_RTOS/CortexMX_OS_Porting.o
 .debug_abbrev  0x00000000000001cb      0x1cf MY_RTOS/MYRTOS_FIFO.o
 .debug_abbrev  0x000000000000039a      0x310 MY_RTOS/Scheduler.o
 .debug_abbrev  0x00000000000006aa      0x1ed Src/main.o
 .debug_abbrev  0x0000000000000897       0x12 Startup/startup_stm32f103c6tx.o
 .debug_abbrev  0x00000000000008a9      0x239 Stm32F103C6_Drives/Stm32_F103C6_EXTI_Driver.o
 .debug_abbrev  0x0000000000000ae2      0x240 Stm32F103C6_Drives/Stm32_F103C6_SPI_Driver.o
 .debug_abbrev  0x0000000000000d22      0x214 Stm32F103C6_Drives/Stm32_F103C6_USART_Driver.o

.debug_loc      0x0000000000000000     0x10e4
 .debug_loc     0x0000000000000000      0x224 MY_RTOS/CortexMX_OS_Porting.o
 .debug_loc     0x0000000000000224      0x1cc MY_RTOS/MYRTOS_FIFO.o
 .debug_loc     0x00000000000003f0      0x3c8 MY_RTOS/Scheduler.o
 .debug_loc     0x00000000000007b8       0xbc Src/main.o
 .debug_loc     0x0000000000000874      0x320 Stm32F103C6_Drives/Stm32_F103C6_EXTI_Driver.o
 .debug_loc     0x0000000000000b94      0x2bc Stm32F103C6_Drives/Stm32_F103C6_SPI_Driver.o
 .debug_loc     0x0000000000000e50      0x294 Stm32F103C6_Drives/Stm32_F103C6_USART_Driver.o

.debug_aranges  0x0000000000000000      0x2d0
 .debug_aranges
                0x0000000000000000       0x70 MY_RTOS/CortexMX_OS_Porting.o
 .debug_aranges
                0x0000000000000070       0x40 MY_RTOS/MYRTOS_FIFO.o
 .debug_aranges
                0x00000000000000b0       0x88 MY_RTOS/Scheduler.o
 .debug_aranges
                0x0000000000000138       0x38 Src/main.o
 .debug_aranges
                0x0000000000000170       0x28 Startup/startup_stm32f103c6tx.o
 .debug_aranges
                0x0000000000000198       0x80 Stm32F103C6_Drives/Stm32_F103C6_EXTI_Driver.o
 .debug_aranges
                0x0000000000000218       0x58 Stm32F103C6_Drives/Stm32_F103C6_SPI_Driver.o
 .debug_aranges
                0x0000000000000270       0x60 Stm32F103C6_Drives/Stm32_F103C6_USART_Driver.o

.debug_ranges   0x0000000000000000      0x258
 .debug_ranges  0x0000000000000000       0x60 MY_RTOS/CortexMX_OS_Porting.o
 .debug_ranges  0x0000000000000060       0x30 MY_RTOS/MYRTOS_FIFO.o
 .debug_ranges  0x0000000000000090       0x78 MY_RTOS/Scheduler.o
 .debug_ranges  0x0000000000000108       0x28 Src/main.o
 .debug_ranges  0x0000000000000130       0x20 Startup/startup_stm32f103c6tx.o
 .debug_ranges  0x0000000000000150       0x70 Stm32F103C6_Drives/Stm32_F103C6_EXTI_Driver.o
 .debug_ranges  0x00000000000001c0       0x48 Stm32F103C6_Drives/Stm32_F103C6_SPI_Driver.o
 .debug_ranges  0x0000000000000208       0x50 Stm32F103C6_Drives/Stm32_F103C6_USART_Driver.o

.debug_macro    0x0000000000000000     0x2ad9
 .debug_macro   0x0000000000000000       0xbd MY_RTOS/CortexMX_OS_Porting.o
 .debug_macro   0x00000000000000bd       0x28 MY_RTOS/CortexMX_OS_Porting.o
 .debug_macro   0x00000000000000e5       0x8e MY_RTOS/CortexMX_OS_Porting.o
 .debug_macro   0x0000000000000173       0x51 MY_RTOS/CortexMX_OS_Porting.o
 .debug_macro   0x00000000000001c4       0x1c MY_RTOS/CortexMX_OS_Porting.o
 .debug_macro   0x00000000000001e0       0x22 MY_RTOS/CortexMX_OS_Porting.o
 .debug_macro   0x0000000000000202       0xe5 MY_RTOS/CortexMX_OS_Porting.o
 .debug_macro   0x00000000000002e7      0xe3c MY_RTOS/CortexMX_OS_Porting.o
 .debug_macro   0x0000000000001123       0x2e MY_RTOS/CortexMX_OS_Porting.o
 .debug_macro   0x0000000000001151      0x22c MY_RTOS/MYRTOS_FIFO.o
 .debug_macro   0x000000000000137d       0x16 MY_RTOS/MYRTOS_FIFO.o
 .debug_macro   0x0000000000001393       0x97 MY_RTOS/MYRTOS_FIFO.o
 .debug_macro   0x000000000000142a       0xfd MY_RTOS/MYRTOS_FIFO.o
 .debug_macro   0x0000000000001527       0x10 MY_RTOS/MYRTOS_FIFO.o
 .debug_macro   0x0000000000001537       0x10 MY_RTOS/MYRTOS_FIFO.o
 .debug_macro   0x0000000000001547       0x1c MY_RTOS/MYRTOS_FIFO.o
 .debug_macro   0x0000000000001563       0x52 MY_RTOS/MYRTOS_FIFO.o
 .debug_macro   0x00000000000015b5       0x40 MY_RTOS/MYRTOS_FIFO.o
 .debug_macro   0x00000000000015f5       0x10 MY_RTOS/MYRTOS_FIFO.o
 .debug_macro   0x0000000000001605       0x40 MY_RTOS/MYRTOS_FIFO.o
 .debug_macro   0x0000000000001645       0xd7 MY_RTOS/MYRTOS_FIFO.o
 .debug_macro   0x000000000000171c       0x1c MY_RTOS/MYRTOS_FIFO.o
 .debug_macro   0x0000000000001738       0x3d MY_RTOS/MYRTOS_FIFO.o
 .debug_macro   0x0000000000001775       0x16 MY_RTOS/MYRTOS_FIFO.o
 .debug_macro   0x000000000000178b      0x145 MY_RTOS/MYRTOS_FIFO.o
 .debug_macro   0x00000000000018d0       0xdf MY_RTOS/MYRTOS_FIFO.o
 .debug_macro   0x00000000000019af      0x236 MY_RTOS/Scheduler.o
 .debug_macro   0x0000000000001be5       0x46 MY_RTOS/Scheduler.o
 .debug_macro   0x0000000000001c2b      0x32a MY_RTOS/Scheduler.o
 .debug_macro   0x0000000000001f55      0x1d6 Src/main.o
 .debug_macro   0x000000000000212b      0x239 Src/main.o
 .debug_macro   0x0000000000002364       0xa0 Src/main.o
 .debug_macro   0x0000000000002404       0x40 Src/main.o
 .debug_macro   0x0000000000002444      0x152 Stm32F103C6_Drives/Stm32_F103C6_EXTI_Driver.o
 .debug_macro   0x0000000000002596       0xd6 Stm32F103C6_Drives/Stm32_F103C6_EXTI_Driver.o
 .debug_macro   0x000000000000266c      0x160 Stm32F103C6_Drives/Stm32_F103C6_SPI_Driver.o
 .debug_macro   0x00000000000027cc       0xbe Stm32F103C6_Drives/Stm32_F103C6_SPI_Driver.o
 .debug_macro   0x000000000000288a      0x151 Stm32F103C6_Drives/Stm32_F103C6_USART_Driver.o
 .debug_macro   0x00000000000029db       0x16 Stm32F103C6_Drives/Stm32_F103C6_USART_Driver.o
 .debug_macro   0x00000000000029f1       0xe8 Stm32F103C6_Drives/Stm32_F103C6_USART_Driver.o

.debug_line     0x0000000000000000     0x319a
 .debug_line    0x0000000000000000      0x573 MY_RTOS/CortexMX_OS_Porting.o
 .debug_line    0x0000000000000573      0x718 MY_RTOS/MYRTOS_FIFO.o
 .debug_line    0x0000000000000c8b      0x871 MY_RTOS/Scheduler.o
 .debug_line    0x00000000000014fc      0x750 Src/main.o
 .debug_line    0x0000000000001c4c       0x84 Startup/startup_stm32f103c6tx.o
 .debug_line    0x0000000000001cd0      0x77a Stm32F103C6_Drives/Stm32_F103C6_EXTI_Driver.o
 .debug_line    0x000000000000244a      0x6b5 Stm32F103C6_Drives/Stm32_F103C6_SPI_Driver.o
 .debug_line    0x0000000000002aff      0x69b Stm32F103C6_Drives/Stm32_F103C6_USART_Driver.o

.debug_str      0x0000000000000000    0x11bae
 .debug_str     0x0000000000000000     0x981d MY_RTOS/CortexMX_OS_Porting.o
                                       0x99b8 (size before relaxing)
 .debug_str     0x000000000000981d     0x44da MY_RTOS/MYRTOS_FIFO.o
                                       0xdc5e (size before relaxing)
 .debug_str     0x000000000000dcf7      0x280 MY_RTOS/Scheduler.o
                                       0xde84 (size before relaxing)
 .debug_str     0x000000000000df77     0x2a1e Src/main.o
                                       0xf43d (size before relaxing)
 .debug_str     0x0000000000010995       0x31 Startup/startup_stm32f103c6tx.o
                                         0x73 (size before relaxing)
 .debug_str     0x00000000000109c6      0x26c Stm32F103C6_Drives/Stm32_F103C6_EXTI_Driver.o
                                       0x97a6 (size before relaxing)
 .debug_str     0x0000000000010c32      0x770 Stm32F103C6_Drives/Stm32_F103C6_SPI_Driver.o
                                       0x89e7 (size before relaxing)
 .debug_str     0x00000000000113a2      0x80c Stm32F103C6_Drives/Stm32_F103C6_USART_Driver.o
                                       0x8ae8 (size before relaxing)

.comment        0x0000000000000000       0x7b
 .comment       0x0000000000000000       0x7b MY_RTOS/CortexMX_OS_Porting.o
                                         0x7c (size before relaxing)
 .comment       0x000000000000007b       0x7c MY_RTOS/MYRTOS_FIFO.o
 .comment       0x000000000000007b       0x7c MY_RTOS/Scheduler.o
 .comment       0x000000000000007b       0x7c Src/main.o
 .comment       0x000000000000007b       0x7c Stm32F103C6_Drives/Stm32_F103C6_EXTI_Driver.o
 .comment       0x000000000000007b       0x7c Stm32F103C6_Drives/Stm32_F103C6_SPI_Driver.o
 .comment       0x000000000000007b       0x7c Stm32F103C6_Drives/Stm32_F103C6_USART_Driver.o

.debug_frame    0x0000000000000000      0x904
 .debug_frame   0x0000000000000000      0x140 MY_RTOS/CortexMX_OS_Porting.o
 .debug_frame   0x0000000000000140       0xd8 MY_RTOS/MYRTOS_FIFO.o
 .debug_frame   0x0000000000000218      0x1e4 MY_RTOS/Scheduler.o
 .debug_frame   0x00000000000003fc       0x78 Src/main.o
 .debug_frame   0x0000000000000474      0x1b0 Stm32F103C6_Drives/Stm32_F103C6_EXTI_Driver.o
 .debug_frame   0x0000000000000624      0x148 Stm32F103C6_Drives/Stm32_F103C6_SPI_Driver.o
 .debug_frame   0x000000000000076c      0x14c Stm32F103C6_Drives/Stm32_F103C6_USART_Driver.o
 .debug_frame   0x00000000000008b8       0x2c c:/st/stm32cubeide_1.4.0/stm32cubeide/plugins/com.st.stm32cube.ide.mcu.externaltools.gnu-tools-for-stm32.7-2018-q2-update.win32_1.4.0.202007081208/tools/bin/../lib/gcc/arm-none-eabi/7.3.1/../../../../arm-none-eabi/lib/thumb/v7-m\libc_nano.a(lib_a-init.o)
 .debug_frame   0x00000000000008e4       0x20 c:/st/stm32cubeide_1.4.0/stm32cubeide/plugins/com.st.stm32cube.ide.mcu.externaltools.gnu-tools-for-stm32.7-2018-q2-update.win32_1.4.0.202007081208/tools/bin/../lib/gcc/arm-none-eabi/7.3.1/../../../../arm-none-eabi/lib/thumb/v7-m\libc_nano.a(lib_a-strcmp.o)
