Archive member included to satisfy reference by file (symbol)

c:/st/stm32cubeide_1.4.0/stm32cubeide/plugins/com.st.stm32cube.ide.mcu.externaltools.gnu-tools-for-stm32.7-2018-q2-update.win32_1.4.0.202007081208/tools/bin/../lib/gcc/arm-none-eabi/7.3.1/../../../../arm-none-eabi/lib/thumb/v7-m\libc_nano.a(lib_a-errno.o)
                              Src/syscalls.o (__errno)
c:/st/stm32cubeide_1.4.0/stm32cubeide/plugins/com.st.stm32cube.ide.mcu.externaltools.gnu-tools-for-stm32.7-2018-q2-update.win32_1.4.0.202007081208/tools/bin/../lib/gcc/arm-none-eabi/7.3.1/../../../../arm-none-eabi/lib/thumb/v7-m\libc_nano.a(lib_a-exit.o)
                              c:/st/stm32cubeide_1.4.0/stm32cubeide/plugins/com.st.stm32cube.ide.mcu.externaltools.gnu-tools-for-stm32.7-2018-q2-update.win32_1.4.0.202007081208/tools/bin/../lib/gcc/arm-none-eabi/7.3.1/../../../../arm-none-eabi/lib/thumb/v7-m/crt0.o (exit)
c:/st/stm32cubeide_1.4.0/stm32cubeide/plugins/com.st.stm32cube.ide.mcu.externaltools.gnu-tools-for-stm32.7-2018-q2-update.win32_1.4.0.202007081208/tools/bin/../lib/gcc/arm-none-eabi/7.3.1/../../../../arm-none-eabi/lib/thumb/v7-m\libc_nano.a(lib_a-impure.o)
                              c:/st/stm32cubeide_1.4.0/stm32cubeide/plugins/com.st.stm32cube.ide.mcu.externaltools.gnu-tools-for-stm32.7-2018-q2-update.win32_1.4.0.202007081208/tools/bin/../lib/gcc/arm-none-eabi/7.3.1/../../../../arm-none-eabi/lib/thumb/v7-m\libc_nano.a(lib_a-exit.o) (_global_impure_ptr)
c:/st/stm32cubeide_1.4.0/stm32cubeide/plugins/com.st.stm32cube.ide.mcu.externaltools.gnu-tools-for-stm32.7-2018-q2-update.win32_1.4.0.202007081208/tools/bin/../lib/gcc/arm-none-eabi/7.3.1/../../../../arm-none-eabi/lib/thumb/v7-m\libc_nano.a(lib_a-init.o)
                              c:/st/stm32cubeide_1.4.0/stm32cubeide/plugins/com.st.stm32cube.ide.mcu.externaltools.gnu-tools-for-stm32.7-2018-q2-update.win32_1.4.0.202007081208/tools/bin/../lib/gcc/arm-none-eabi/7.3.1/../../../../arm-none-eabi/lib/thumb/v7-m/crt0.o (__libc_init_array)
c:/st/stm32cubeide_1.4.0/stm32cubeide/plugins/com.st.stm32cube.ide.mcu.externaltools.gnu-tools-for-stm32.7-2018-q2-update.win32_1.4.0.202007081208/tools/bin/../lib/gcc/arm-none-eabi/7.3.1/../../../../arm-none-eabi/lib/thumb/v7-m\libc_nano.a(lib_a-memset.o)
                              c:/st/stm32cubeide_1.4.0/stm32cubeide/plugins/com.st.stm32cube.ide.mcu.externaltools.gnu-tools-for-stm32.7-2018-q2-update.win32_1.4.0.202007081208/tools/bin/../lib/gcc/arm-none-eabi/7.3.1/../../../../arm-none-eabi/lib/thumb/v7-m/crt0.o (memset)

Allocating common symbols
Common symbol       size              file

Global_SPI_Config2  0x18              Stm32F103C6_Drives/Stm32_F103C6_SPI_Driver.o
Ready_Queue         0x14              MY_RTOS/Scheduler.o
OS_Control          0x1ac             MY_RTOS/Scheduler.o
Task1               0x44              Src/main.o
MYRTOS_idleTask     0x44              MY_RTOS/Scheduler.o
Task3               0x44              Src/main.o
PinCfg              0x4               HAL/lcd.o
Global_SPI_Config1  0x18              Stm32F103C6_Drives/Stm32_F103C6_SPI_Driver.o
Task2               0x44              Src/main.o
GP_IRQ_CallBack     0x3c              Src/main.o
Ready_Queue_FIFO    0x190             MY_RTOS/Scheduler.o

Discarded input sections

 .text          0x0000000000000000        0x0 c:/st/stm32cubeide_1.4.0/stm32cubeide/plugins/com.st.stm32cube.ide.mcu.externaltools.gnu-tools-for-stm32.7-2018-q2-update.win32_1.4.0.202007081208/tools/bin/../lib/gcc/arm-none-eabi/7.3.1/thumb/v7-m/crti.o
 .data          0x0000000000000000        0x0 c:/st/stm32cubeide_1.4.0/stm32cubeide/plugins/com.st.stm32cube.ide.mcu.externaltools.gnu-tools-for-stm32.7-2018-q2-update.win32_1.4.0.202007081208/tools/bin/../lib/gcc/arm-none-eabi/7.3.1/thumb/v7-m/crti.o
 .bss           0x0000000000000000        0x0 c:/st/stm32cubeide_1.4.0/stm32cubeide/plugins/com.st.stm32cube.ide.mcu.externaltools.gnu-tools-for-stm32.7-2018-q2-update.win32_1.4.0.202007081208/tools/bin/../lib/gcc/arm-none-eabi/7.3.1/thumb/v7-m/crti.o
 .data          0x0000000000000000        0x4 c:/st/stm32cubeide_1.4.0/stm32cubeide/plugins/com.st.stm32cube.ide.mcu.externaltools.gnu-tools-for-stm32.7-2018-q2-update.win32_1.4.0.202007081208/tools/bin/../lib/gcc/arm-none-eabi/7.3.1/thumb/v7-m/crtbegin.o
 .text          0x0000000000000000       0x74 c:/st/stm32cubeide_1.4.0/stm32cubeide/plugins/com.st.stm32cube.ide.mcu.externaltools.gnu-tools-for-stm32.7-2018-q2-update.win32_1.4.0.202007081208/tools/bin/../lib/gcc/arm-none-eabi/7.3.1/../../../../arm-none-eabi/lib/thumb/v7-m/crt0.o
 .data          0x0000000000000000        0x0 c:/st/stm32cubeide_1.4.0/stm32cubeide/plugins/com.st.stm32cube.ide.mcu.externaltools.gnu-tools-for-stm32.7-2018-q2-update.win32_1.4.0.202007081208/tools/bin/../lib/gcc/arm-none-eabi/7.3.1/../../../../arm-none-eabi/lib/thumb/v7-m/crt0.o
[...]
Memory Configuration

Name             Origin             Length             Attributes
RAM              0x0000000020000000 0x0000000000002800 xrw
ROM              0x0000000008000000 0x0000000000008000 xr
*default*        0x0000000000000000 0xffffffffffffffff

Linker script and memory map

LOAD c:/st/stm32cubeide_1.4.0/stm32cubeide/plugins/com.st.stm32cube.ide.mcu.externaltools.gnu-tools-for-stm32.7-2018-q2-update.win32_1.4.0.202007081208/tools/bin/../lib/gcc/arm-none-eabi/7.3.1/thumb/v7-m/crti.o
LOAD c:/st/stm32cubeide_1.4.0/stm32cubeide/plugins/com.st.stm32cube.ide.mcu.externaltools.gnu-tools-for-stm32.7-2018-q2-update.win32_1.4.0.202007081208/tools/bin/../lib/gcc/arm-none-eabi/7.3.1/thumb/v7-m/crtbegin.o
LOAD c:/st/stm32cubeide_1.4.0/stm32cubeide/plugins/com.st.stm32cube.ide.mcu.externaltools.gnu-tools-for-stm32.7-2018-q2-update.win32_1.4.0.202007081208/tools/bin/../lib/gcc/arm-none-eabi/7.3.1/../../../../arm-none-eabi/lib/thumb/v7-m/crt0.o
LOAD HAL/keypad.o
LOAD HAL/lcd.o
LOAD MY_RTOS/CortexMX_OS_Porting.o
LOAD MY_RTOS/MYRTOS_FIFO.o
LOAD MY_RTOS/Scheduler.o
LOAD Src/main.o
LOAD Src/syscalls.o
LOAD Src/sysmem.o
LOAD Startup/startup_stm32f103c6tx.o
LOAD Stm32F103C6_Drives/Stm32_F103C6_EXTI_Driver.o
LOAD Stm32F103C6_Drives/Stm32_F103C6_GPIO_Driver.o
LOAD Stm32F103C6_Drives/Stm32_F103C6_RCC_Driver.o
LOAD Stm32F103C6_Drives/Stm32_F103C6_SPI_Driver.o
LOAD Stm32F103C6_Drives/Stm32_F103C6_USART_Driver.o
START GROUP
LOAD c:/st/stm32cubeide_1.4.0/stm32cubeide/plugins/com.st.stm32cube.ide.mcu.externaltools.gnu-tools-for-stm32.7-2018-q2-update.win32_1.4.0.202007081208/tools/bin/../lib/gcc/arm-none-eabi/7.3.1/../../../../arm-none-eabi/lib/thumb/v7-m\libc_nano.a
LOAD c:/st/stm32cubeide_1.4.0/stm32cubeide/plugins/com.st.stm32cube.ide.mcu.externaltools.gnu-tools-for-stm32.7-2018-q2-update.win32_1.4.0.202007081208/tools/bin/../lib/gcc/arm-none-eabi/7.3.1/../../../../arm-none-eabi/lib/thumb/v7-m\libm.a
END GROUP
START GROUP
LOAD c:/st/stm32cubeide_1.4.0/stm32cubeide/plugins/com.st.stm32cube.ide.mcu.externaltools.gnu-tools-for-stm32.7-2018-q2-update.win32_1.4.0.202007081208/tools/bin/../lib/gcc/arm-none-eabi/7.3.1/thumb/v7-m\libgcc.a
LOAD c:/st/stm32cubeide_1.4.0/stm32cubeide/plugins/com.st.stm32cube.ide.mcu.externaltools.gnu-tools-for-stm32.7-2018-q2-update.win32_1.4.0.202007081208/tools/bin/../lib/gcc/arm-none-eabi/7.3.1/../../../../arm-none-eabi/lib/thumb/v7-m\libg_nano.a
LOAD c:/st/stm32cubeide_1.4.0/stm32cubeide/plugins/com.st.stm32cube.ide.mcu.externaltools.gnu-tools-for-stm32.7-2018-q2-update.win32_1.4.0.202007081208/tools/bin/../lib/gcc/arm-none-eabi/7.3.1/../../../../arm-none-eabi/lib/thumb/v7-m\libc_nano.a
END GROUP
START GROUP
LOAD c:/st/stm32cubeide_1.4.0/stm32cubeide/plugins/com.st.stm32cube.ide.mcu.externaltools.gnu-tools-for-stm32.7-2018-q2-update.win32_1.4.0.202007081208/tools/bin/../lib/gcc/arm-none-eabi/7.3.1/thumb/v7-m\libgcc.a
LOAD c:/st/stm32cubeide_1.4.0/stm32cubeide/plugins/com.st.stm32cube.ide.mcu.externaltools.gnu-tools-for-stm32.7-2018-q2-update.win32_1.4.0.202007081208/tools/bin/../lib/gcc/arm-none-eabi/7.3.1/../../../../arm-none-eabi/lib/thumb/v7-m\libc_nano.a
LOAD c:/st/stm32cubeide_1.4.0/stm32cubeide/plugins/com.st.stm32cube.ide.mcu.externaltools.gnu-tools-for-stm32.7-2018-q2-update.win32_1.4.0.202007081208/tools/bin/../lib/gcc/arm-none-eabi/7.3.1/../../../../arm-none-eabi/lib/thumb/v7-m\libnosys.a
END GROUP
START GROUP
LOAD c:/st/stm32cubeide_1.4.0/stm32cubeide/plugins/com.st.stm32cube.ide.mcu.externaltools.gnu-tools-for-stm32.7-2018-q2-update.win32_1.4.0.202007081208/tools/bin/../lib/gcc/arm-none-eabi/7.3.1/thumb/v7-m\libgcc.a
LOAD c:/st/stm32cubeide_1.4.0/stm32cubeide/plugins/com.st.stm32cube.ide.mcu.externaltools.gnu-tools-for-stm32.7-2018-q2-update.win32_1.4.0.202007081208/tools/bin/../lib/gcc/arm-none-eabi/7.3.1/../../../../arm-none-eabi/lib/thumb/v7-m\libc_nano.a
LOAD c:/st/stm32cubeide_1.4.0/stm32cubeide/plugins/com.st.stm32cube.ide.mcu.externaltools.gnu-tools-for-stm32.7-2018-q2-update.win32_1.4.0.202007081208/tools/bin/../lib/gcc/arm-none-eabi/7.3.1/../../../../arm-none-eabi/lib/thumb/v7-m\libnosys.a
END GROUP
LOAD c:/st/stm32cubeide_1.4.0/stm32cubeide/plugins/com.st.stm32cube.ide.mcu.externaltools.gnu-tools-for-stm32.7-2018-q2-update.win32_1.4.0.202007081208/tools/bin/../lib/gcc/arm-none-eabi/7.3.1/thumb/v7-m/crtend.o
LOAD c:/st/stm32cubeide_1.4.0/stm32cubeide/plugins/com.st.stm32cube.ide.mcu.externaltools.gnu-tools-for-stm32.7-2018-q2-update.win32_1.4.0.202007081208/tools/bin/../lib/gcc/arm-none-eabi/7.3.1/thumb/v7-m/crtn.o
                0x0000000020002800                _estack = (ORIGIN (RAM) + LENGTH (RAM))
                0x0000000000000200                _Min_Heap_Size = 0x200
                0x0000000000000400                _Min_Stack_Size = 0x400

.isr_vector     0x0000000008000000      0x130
                0x0000000008000000                . = ALIGN (0x4)
 *(.isr_vector)
 .isr_vector    0x0000000008000000      0x130 Startup/startup_stm32f103c6tx.o
                0x0000000008000000                g_pfnVectors
                0x0000000008000130                . = ALIGN (0x4)

.text           0x0000000008000130      0x768
                0x0000000008000130                . = ALIGN (0x4)
 *(.text)
 .text          0x0000000008000130       0x40 c:/st/stm32cubeide_1.4.0/stm32cubeide/plugins/com.st.stm32cube.ide.mcu.externaltools.gnu-tools-for-stm32.7-2018-q2-update.win32_1.4.0.202007081208/tools/bin/../lib/gcc/arm-none-eabi/7.3.1/thumb/v7-m/crtbegin.o
 *(.text*)
 .text.HardFault_Handler
                0x0000000008000170        0x6 MY_RTOS/CortexMX_OS_Porting.o
                0x0000000008000170                HardFault_Handler
 .text.MemManage_Handler
                0x0000000008000176        0x6 MY_RTOS/CortexMX_OS_Porting.o
                0x0000000008000176                MemManage_Handler
 .text.BusFault_Handler
                0x000000000800017c        0x6 MY_RTOS/CortexMX_OS_Porting.o
                0x000000000800017c                BusFault_Handler
 .text.UsageFault_Handler
                0x0000000008000182        0x6 MY_RTOS/CortexMX_OS_Porting.o
                0x0000000008000182                UsageFault_Handler
 .text.SVC_Handler
                0x0000000008000188       0x14 MY_RTOS/CortexMX_OS_Porting.o
                0x0000000008000188                SVC_Handler
 .text.HW_init  0x000000000800019c        0xc MY_RTOS/CortexMX_OS_Porting.o
                0x000000000800019c                HW_init
 .text.FIFO_init
                0x00000000080001a8       0x44 MY_RTOS/MYRTOS_FIFO.o
                0x00000000080001a8                FIFO_init
 .text.OS_SVC_services
                0x00000000080001ec       0x32 MY_RTOS/Scheduler.o
                0x00000000080001ec                OS_SVC_services
 .text.PendSV_Handler
                0x000000000800021e        0xc MY_RTOS/Scheduler.o
                0x000000000800021e                PendSV_Handler
 .text.MYRTOS_Idle_Task
                0x000000000800022a        0x8 MY_RTOS/Scheduler.o
                0x000000000800022a                MYRTOS_Idle_Task
 *fill*         0x0000000008000232        0x2 
 .text.MYRTOS_Create_MainStack
                0x0000000008000234       0x3c MY_RTOS/Scheduler.o
                0x0000000008000234                MYRTOS_Create_MainStack
 .text.MYRTOS_init
                0x0000000008000270       0x80 MY_RTOS/Scheduler.o
                0x0000000008000270                MYRTOS_init
 .text.MyRTOS_Create_Task_Stack
                0x00000000080002f0       0x7c MY_RTOS/Scheduler.o
                0x00000000080002f0                MyRTOS_Create_Task_Stack
 .text.MYRTOS_CreateTask
                0x000000000800036c       0x60 MY_RTOS/Scheduler.o
                0x000000000800036c                MYRTOS_CreateTask
 .text.task1    0x00000000080003cc        0x6 Src/main.o
                0x00000000080003cc                task1
 .text.task2    0x00000000080003d2        0x6 Src/main.o
                0x00000000080003d2                task2
 .text.task3    0x00000000080003d8        0x6 Src/main.o
                0x00000000080003d8                task3
 *fill*         0x00000000080003de        0x2 
 .text.main     0x00000000080003e0       0xf0 Src/main.o
                0x00000000080003e0                main
 .text.Reset_Handler
                0x00000000080004d0       0x50 Startup/startup_stm32f103c6tx.o
                0x00000000080004d0                Reset_Handler
 .text.Default_Handler
                0x0000000008000520        0x2 Startup/startup_stm32f103c6tx.o
                0x0000000008000520                TIM8_TRG_COM_IRQHandler
                0x0000000008000520                TIM8_CC_IRQHandler
                0x0000000008000520                DebugMon_Handler
                0x0000000008000520                TIM1_CC_IRQHandler
                0x0000000008000520                TIM6_IRQHandler
                0x0000000008000520                SysTick_Handler
                0x0000000008000520                PVD_IRQHandler
                0x0000000008000520                SDIO_IRQHandler
                0x0000000008000520                NMI_Handler
                0x0000000008000520                USB_HP_CAN_TX_IRQHandler
                0x0000000008000520                I2C2_EV_IRQHandler
                0x0000000008000520                ADC1_2_IRQHandler
                0x0000000008000520                CAN_SCE_IRQHandler
                0x0000000008000520                TAMPER_IRQHandler
                0x0000000008000520                TIM8_UP_IRQHandler
                0x0000000008000520                DMA2_Channel2_IRQHandler
                0x0000000008000520                DMA1_Channel4_IRQHandler
                0x0000000008000520                RTC_IRQHandler
                0x0000000008000520                DMA1_Channel7_IRQHandler
                0x0000000008000520                UART5_IRQHandler
                0x0000000008000520                ADC3_IRQHandler
                0x0000000008000520                TIM4_IRQHandler
                0x0000000008000520                CAN_RX1_IRQHandler
                0x0000000008000520                DMA2_Channel1_IRQHandler
                0x0000000008000520                I2C1_EV_IRQHandler
                0x0000000008000520                DMA1_Channel6_IRQHandler
                0x0000000008000520                UART4_IRQHandler
                0x0000000008000520                TIM3_IRQHandler
                0x0000000008000520                RCC_IRQHandler
                0x0000000008000520                TIM1_TRG_COM_IRQHandler
                0x0000000008000520                DMA1_Channel1_IRQHandler
                0x0000000008000520                Default_Handler
                0x0000000008000520                TIM7_IRQHandler
                0x0000000008000520                TIM5_IRQHandler
                0x0000000008000520                USB_LP_CAN_RX0_IRQHandler
                0x0000000008000520                DMA1_Channel5_IRQHandler
                0x0000000008000520                DMA1_Channel3_IRQHandler
                0x0000000008000520                FSMC_IRQHandler
                0x0000000008000520                TIM1_UP_IRQHandler
                0x0000000008000520                WWDG_IRQHandler
                0x0000000008000520                TIM2_IRQHandler
                0x0000000008000520                TIM1_BRK_IRQHandler
                0x0000000008000520                RTCAlarm_IRQHandler
                0x0000000008000520                DMA2_Channel4_5_IRQHandler
                0x0000000008000520                I2C2_ER_IRQHandler
                0x0000000008000520                DMA1_Channel2_IRQHandler
                0x0000000008000520                TIM8_BRK_IRQHandler
                0x0000000008000520                FLASH_IRQHandler
                0x0000000008000520                SPI3_IRQHandler
                0x0000000008000520                I2C1_ER_IRQHandler
                0x0000000008000520                DMA2_Channel3_IRQHandler
 *fill*         0x0000000008000522        0x2 
 .text.EXTI0_IRQHandler
                0x0000000008000524       0x24 Stm32F103C6_Drives/Stm32_F103C6_EXTI_Driver.o
                0x0000000008000524                EXTI0_IRQHandler
 .text.EXTI1_IRQHandler
                0x0000000008000548       0x24 Stm32F103C6_Drives/Stm32_F103C6_EXTI_Driver.o
                0x0000000008000548                EXTI1_IRQHandler
 .text.EXTI2_IRQHandler
                0x000000000800056c       0x24 Stm32F103C6_Drives/Stm32_F103C6_EXTI_Driver.o
                0x000000000800056c                EXTI2_IRQHandler
 .text.EXTI3_IRQHandler
                0x0000000008000590       0x24 Stm32F103C6_Drives/Stm32_F103C6_EXTI_Driver.o
                0x0000000008000590                EXTI3_IRQHandler
 .text.EXTI4_IRQHandler
                0x00000000080005b4       0x24 Stm32F103C6_Drives/Stm32_F103C6_EXTI_Driver.o
                0x00000000080005b4                EXTI4_IRQHandler
 .text.EXTI9_5_IRQHandler
                0x00000000080005d8       0xa8 Stm32F103C6_Drives/Stm32_F103C6_EXTI_Driver.o
                0x00000000080005d8                EXTI9_5_IRQHandler
 .text.EXTI15_10_IRQHandler
                0x0000000008000680       0xc4 Stm32F103C6_Drives/Stm32_F103C6_EXTI_Driver.o
                0x0000000008000680                EXTI15_10_IRQHandler
 .text.SPI1_IRQHandler
                0x0000000008000744       0x5c Stm32F103C6_Drives/Stm32_F103C6_SPI_Driver.o
                0x0000000008000744                SPI1_IRQHandler
 .text.SPI2_IRQHandler
                0x00000000080007a0       0x5c Stm32F103C6_Drives/Stm32_F103C6_SPI_Driver.o
                0x00000000080007a0                SPI2_IRQHandler
 .text.USART1_IRQHandler
                0x00000000080007fc       0x14 Stm32F103C6_Drives/Stm32_F103C6_USART_Driver.o
                0x00000000080007fc                USART1_IRQHandler
 .text.USART2_IRQHandler
                0x0000000008000810       0x14 Stm32F103C6_Drives/Stm32_F103C6_USART_Driver.o
                0x0000000008000810                USART2_IRQHandler
 .text.USART3_IRQHandler
                0x0000000008000824       0x14 Stm32F103C6_Drives/Stm32_F103C6_USART_Driver.o
                0x0000000008000824                USART3_IRQHandler
 .text.__libc_init_array
                0x0000000008000838       0x48 c:/st/stm32cubeide_1.4.0/stm32cubeide/plugins/com.st.stm32cube.ide.mcu.externaltools.gnu-tools-for-stm32.7-2018-q2-update.win32_1.4.0.202007081208/tools/bin/../lib/gcc/arm-none-eabi/7.3.1/../../../../arm-none-eabi/lib/thumb/v7-m\libc_nano.a(lib_a-init.o)
                0x0000000008000838                __libc_init_array
 *(.glue_7)
 .glue_7        0x0000000008000880        0x0 linker stubs
 *(.glue_7t)
 .glue_7t       0x0000000008000880        0x0 linker stubs
 *(.eh_frame)
 .eh_frame      0x0000000008000880        0x0 c:/st/stm32cubeide_1.4.0/stm32cubeide/plugins/com.st.stm32cube.ide.mcu.externaltools.gnu-tools-for-stm32.7-2018-q2-update.win32_1.4.0.202007081208/tools/bin/../lib/gcc/arm-none-eabi/7.3.1/thumb/v7-m/crtbegin.o
 *(.init)
 .init          0x0000000008000880        0x4 c:/st/stm32cubeide_1.4.0/stm32cubeide/plugins/com.st.stm32cube.ide.mcu.externaltools.gnu-tools-for-stm32.7-2018-q2-update.win32_1.4.0.202007081208/tools/bin/../lib/gcc/arm-none-eabi/7.3.1/thumb/v7-m/crti.o
                0x0000000008000880                _init
 .init          0x0000000008000884        0x8 c:/st/stm32cubeide_1.4.0/stm32cubeide/plugins/com.st.stm32cube.ide.mcu.externaltools.gnu-tools-for-stm32.7-2018-q2-update.win32_1.4.0.202007081208/tools/bin/../lib/gcc/arm-none-eabi/7.3.1/thumb/v7-m/crtn.o
 *(.fini)
 .fini          0x000000000800088c        0x4 c:/st/stm32cubeide_1.4.0/stm32cubeide/plugins/com.st.stm32cube.ide.mcu.externaltools.gnu-tools-for-stm32.7-2018-q2-update.win32_1.4.0.202007081208/tools/bin/../lib/gcc/arm-none-eabi/7.3.1/thumb/v7-m/crti.o
                0x000000000800088c                _fini
 .fini          0x0000000008000890        0x8 c:/st/stm32cubeide_1.4.0/stm32cubeide/plugins/com.st.stm32cube.ide.mcu.externaltools.gnu-tools-for-stm32.7-2018-q2-update.win32_1.4.0.202007081208/tools/bin/../lib/gcc/arm-none-eabi/7.3.1/thumb/v7-m/crtn.o
                0x0000000008000898                . = ALIGN (0x4)
                0x0000000008000898                _etext = .

.vfp11_veneer   0x0000000008000898        0x0
 .vfp11_veneer  0x0000000008000898        0x0 linker stubs

.v4_bx          0x0000000008000898        0x0
 .v4_bx         0x0000000008000898        0x0 linker stubs

.iplt           0x0000000008000898        0x0
 .iplt          0x0000000008000898        0x0 c:/st/stm32cubeide_1.4.0/stm32cubeide/plugins/com.st.stm32cube.ide.mcu.externaltools.gnu-tools-for-stm32.7-2018-q2-update.win32_1.4.0.202007081208/tools/bin/../lib/gcc/arm-none-eabi/7.3.1/thumb/v7-m/crtbegin.o

.rodata         0x0000000008000898       0x24
                0x0000000008000898                . = ALIGN (0x4)
 *(.rodata)
 .rodata        0x0000000008000898        0x9 MY_RTOS/Scheduler.o
 *fill*         0x00000000080008a1        0x3 
 .rodata        0x00000000080008a4       0x17 Src/main.o
 *(.rodata*)
                0x00000000080008bc                . = ALIGN (0x4)
 *fill*         0x00000000080008bb        0x1 

.rel.dyn        0x00000000080008bc        0x0
 .rel.iplt      0x00000000080008bc        0x0 c:/st/stm32cubeide_1.4.0/stm32cubeide/plugins/com.st.stm32cube.ide.mcu.externaltools.gnu-tools-for-stm32.7-2018-q2-update.win32_1.4.0.202007081208/tools/bin/../lib/gcc/arm-none-eabi/7.3.1/thumb/v7-m/crtbegin.o

.ARM.extab      0x00000000080008bc        0x0
                0x00000000080008bc                . = ALIGN (0x4)
 *(.ARM.extab* .gnu.linkonce.armextab.*)
                0x00000000080008bc                . = ALIGN (0x4)

.ARM            0x00000000080008bc        0x0
                0x00000000080008bc                . = ALIGN (0x4)
                0x00000000080008bc                __exidx_start = .
 *(.ARM.exidx*)
                0x00000000080008bc                __exidx_end = .
                0x00000000080008bc                . = ALIGN (0x4)

.preinit_array  0x00000000080008bc        0x0
                0x00000000080008bc                . = ALIGN (0x4)
                0x00000000080008bc                PROVIDE (__preinit_array_start = .)
 *(.preinit_array*)
                0x00000000080008bc                PROVIDE (__preinit_array_end = .)
                0x00000000080008bc                . = ALIGN (0x4)

.init_array     0x00000000080008bc        0x4
                0x00000000080008bc                . = ALIGN (0x4)
                0x00000000080008bc                PROVIDE (__init_array_start = .)
 *(SORT_BY_NAME(.init_array.*))
 *(.init_array*)
 .init_array    0x00000000080008bc        0x4 c:/st/stm32cubeide_1.4.0/stm32cubeide/plugins/com.st.stm32cube.ide.mcu.externaltools.gnu-tools-for-stm32.7-2018-q2-update.win32_1.4.0.202007081208/tools/bin/../lib/gcc/arm-none-eabi/7.3.1/thumb/v7-m/crtbegin.o
                0x00000000080008c0                PROVIDE (__init_array_end = .)
                0x00000000080008c0                . = ALIGN (0x4)

.fini_array     0x00000000080008c0        0x4
                0x00000000080008c0                . = ALIGN (0x4)
                [!provide]                        PROVIDE (__fini_array_start = .)
 *(SORT_BY_NAME(.fini_array.*))
 *(.fini_array*)
 .fini_array    0x00000000080008c0        0x4 c:/st/stm32cubeide_1.4.0/stm32cubeide/plugins/com.st.stm32cube.ide.mcu.externaltools.gnu-tools-for-stm32.7-2018-q2-update.win32_1.4.0.202007081208/tools/bin/../lib/gcc/arm-none-eabi/7.3.1/thumb/v7-m/crtbegin.o
                [!provide]                        PROVIDE (__fini_array_end = .)
                0x00000000080008c4                . = ALIGN (0x4)
                0x00000000080008c4                _sidata = LOADADDR (.data)

.data           0x0000000020000000        0x0 load address 0x00000000080008c4
                0x0000000020000000                . = ALIGN (0x4)
                0x0000000020000000                _sdata = .
 *(.data)
 *(.data*)
                0x0000000020000000                . = ALIGN (0x4)
                0x0000000020000000                _edata = .

.igot.plt       0x0000000020000000        0x0 load address 0x00000000080008c4
 .igot.plt      0x0000000020000000        0x0 c:/st/stm32cubeide_1.4.0/stm32cubeide/plugins/com.st.stm32cube.ide.mcu.externaltools.gnu-tools-for-stm32.7-2018-q2-update.win32_1.4.0.202007081208/tools/bin/../lib/gcc/arm-none-eabi/7.3.1/thumb/v7-m/crtbegin.o
                0x0000000020000000                . = ALIGN (0x4)

.bss            0x0000000020000000      0x4c4 load address 0x00000000080008c4
                0x0000000020000000                _sbss = .
                0x0000000020000000                __bss_start__ = _sbss
 *(.bss)
 .bss           0x0000000020000000       0x1c c:/st/stm32cubeide_1.4.0/stm32cubeide/plugins/com.st.stm32cube.ide.mcu.externaltools.gnu-tools-for-stm32.7-2018-q2-update.win32_1.4.0.202007081208/tools/bin/../lib/gcc/arm-none-eabi/7.3.1/thumb/v7-m/crtbegin.o
 *(.bss*)
 .bss.Global_SPI_Config
                0x000000002000001c        0x8 Stm32F103C6_Drives/Stm32_F103C6_SPI_Driver.o
                0x000000002000001c                Global_SPI_Config
 .bss.Global_UART_Config
                0x0000000020000024        0x4 Stm32F103C6_Drives/Stm32_F103C6_USART_Driver.o
                0x0000000020000024                Global_UART_Config
 *(COMMON)
 COMMON         0x0000000020000028      0x394 MY_RTOS/Scheduler.o
                0x0000000020000028                Ready_Queue
                0x000000002000003c                OS_Control
                0x00000000200001e8                MYRTOS_idleTask
                0x000000002000022c                Ready_Queue_FIFO
 COMMON         0x00000000200003bc      0x108 Src/main.o
                0x00000000200003bc                Task1
                0x0000000020000400                Task3
                0x0000000020000444                Task2
                0x0000000020000488                GP_IRQ_CallBack
                0x00000000200004c4                . = ALIGN (0x4)
                0x00000000200004c4                _ebss = .
                0x00000000200004c4                __bss_end__ = _ebss

._user_heap_stack
                0x00000000200004c4      0x604 load address 0x00000000080008c4
                0x00000000200004c8                . = ALIGN (0x8)
 *fill*         0x00000000200004c4        0x4 
                [!provide]                        PROVIDE (end = .)
                0x00000000200004c8                PROVIDE (_end = .)
                0x00000000200006c8                . = (. + _Min_Heap_Size)
 *fill*         0x00000000200004c8      0x200 
                0x0000000020000ac8                . = (. + _Min_Stack_Size)
 *fill*         0x00000000200006c8      0x400 
                0x0000000020000ac8                . = ALIGN (0x8)
                0x0000000020000ac8                _eheap = .

/DISCARD/
 libc.a(*)
 libm.a(*)
 libgcc.a(*)

.ARM.attributes
                0x0000000000000000       0x29
 *(.ARM.attributes)
 .ARM.attributes
                0x0000000000000000       0x1d c:/st/stm32cubeide_1.4.0/stm32cubeide/plugins/com.st.stm32cube.ide.mcu.externaltools.gnu-tools-for-stm32.7-2018-q2-update.win32_1.4.0.202007081208/tools/bin/../lib/gcc/arm-none-eabi/7.3.1/thumb/v7-m/crti.o
 .ARM.attributes
                0x000000000000001d       0x2d c:/st/stm32cubeide_1.4.0/stm32cubeide/plugins/com.st.stm32cube.ide.mcu.externaltools.gnu-tools-for-stm32.7-2018-q2-update.win32_1.4.0.202007081208/tools/bin/../lib/gcc/arm-none-eabi/7.3.1/thumb/v7-m/crtbegin.o
 .ARM.attributes
                0x000000000000004a       0x33 MY_RTOS/CortexMX_OS_Porting.o
 .ARM.attributes
                0x000000000000007d       0x33 MY_RTOS/MYRTOS_FIFO.o
 .ARM.attributes
                0x00000000000000b0       0x33 MY_RTOS/Scheduler.o
 .ARM.attributes
                0x00000000000000e3       0x33 Src/main.o
 .ARM.attributes
                0x0000000000000116       0x21 Startup/startup_stm32f103c6tx.o
 .ARM.attributes
                0x0000000000000137       0x33 Stm32F103C6_Drives/Stm32_F103C6_EXTI_Driver.o
 .ARM.attributes
                0x000000000000016a       0x33 Stm32F103C6_Drives/Stm32_F103C6_SPI_Driver.o
 .ARM.attributes
                0x000000000000019d       0x33 Stm32F103C6_Drives/Stm32_F103C6_USART_Driver.o
 .ARM.attributes
                0x00000000000001d0       0x2d c:/st/stm32cubeide_1.4.0/stm32cubeide/plugins/com.st.stm32cube.ide.mcu.externaltools.gnu-tools-for-stm32.7-2018-q2-update.win32_1.4.0.202007081208/tools/bin/../lib/gcc/arm-none-eabi/7.3.1/../../../../arm-none-eabi/lib/thumb/v7-m\libc_nano.a(lib_a-init.o)
 .ARM.attributes
                0x00000000000001fd       0x1d c:/st/stm32cubeide_1.4.0/stm32cubeide/plugins/com.st.stm32cube.ide.mcu.externaltools.gnu-tools-for-stm32.7-2018-q2-update.win32_1.4.0.202007081208/tools/bin/../lib/gcc/arm-none-eabi/7.3.1/thumb/v7-m/crtn.o
OUTPUT(Drivers.axf elf32-littlearm)

.debug_info     0x0000000000000000     0x536c
 .debug_info    0x0000000000000000      0x15b MY_RTOS/CortexMX_OS_Porting.o
 .debug_info    0x000000000000015b      0xca0 MY_RTOS/MYRTOS_FIFO.o
 .debug_info    0x0000000000000dfb      0xe0f MY_RTOS/Scheduler.o
 .debug_info    0x0000000000001c0a      0xc96 Src/main.o
 .debug_info    0x00000000000028a0       0x22 Startup/startup_stm32f103c6tx.o
 .debug_info    0x00000000000028c2      0xdbc Stm32F103C6_Drives/Stm32_F103C6_EXTI_Driver.o
 .debug_info    0x000000000000367e      0xef5 Stm32F103C6_Drives/Stm32_F103C6_SPI_Driver.o
 .debug_info    0x0000000000004573      0xdf9 Stm32F103C6_Drives/Stm32_F103C6_USART_Driver.o

.debug_abbrev   0x0000000000000000      0xd6a
 .debug_abbrev  0x0000000000000000       0xa9 MY_RTOS/CortexMX_OS_Porting.o
 .debug_abbrev  0x00000000000000a9      0x1cf MY_RTOS/MYRTOS_FIFO.o
 .debug_abbrev  0x0000000000000278      0x266 MY_RTOS/Scheduler.o
 .debug_abbrev  0x00000000000004de      0x1ed Src/main.o
 .debug_abbrev  0x00000000000006cb       0x12 Startup/startup_stm32f103c6tx.o
 .debug_abbrev  0x00000000000006dd      0x239 Stm32F103C6_Drives/Stm32_F103C6_EXTI_Driver.o
 .debug_abbrev  0x0000000000000916      0x240 Stm32F103C6_Drives/Stm32_F103C6_SPI_Driver.o
 .debug_abbrev  0x0000000000000b56      0x214 Stm32F103C6_Drives/Stm32_F103C6_USART_Driver.o

.debug_loc      0x0000000000000000      0xe54
 .debug_loc     0x0000000000000000       0xf4 MY_RTOS/CortexMX_OS_Porting.o
 .debug_loc     0x00000000000000f4      0x1cc MY_RTOS/MYRTOS_FIFO.o
 .debug_loc     0x00000000000002c0      0x268 MY_RTOS/Scheduler.o
 .debug_loc     0x0000000000000528       0xbc Src/main.o
 .debug_loc     0x00000000000005e4      0x320 Stm32F103C6_Drives/Stm32_F103C6_EXTI_Driver.o
 .debug_loc     0x0000000000000904      0x2bc Stm32F103C6_Drives/Stm32_F103C6_SPI_Driver.o
 .debug_loc     0x0000000000000bc0      0x294 Stm32F103C6_Drives/Stm32_F103C6_USART_Driver.o

.debug_aranges  0x0000000000000000      0x278
 .debug_aranges
                0x0000000000000000       0x48 MY_RTOS/CortexMX_OS_Porting.o
 .debug_aranges
                0x0000000000000048       0x40 MY_RTOS/MYRTOS_FIFO.o
 .debug_aranges
                0x0000000000000088       0x58 MY_RTOS/Scheduler.o
 .debug_aranges
                0x00000000000000e0       0x38 Src/main.o
 .debug_aranges
                0x0000000000000118       0x28 Startup/startup_stm32f103c6tx.o
 .debug_aranges
                0x0000000000000140       0x80 Stm32F103C6_Drives/Stm32_F103C6_EXTI_Driver.o
 .debug_aranges
                0x00000000000001c0       0x58 Stm32F103C6_Drives/Stm32_F103C6_SPI_Driver.o
 .debug_aranges
                0x0000000000000218       0x60 Stm32F103C6_Drives/Stm32_F103C6_USART_Driver.o

.debug_ranges   0x0000000000000000      0x200
 .debug_ranges  0x0000000000000000       0x38 MY_RTOS/CortexMX_OS_Porting.o
 .debug_ranges  0x0000000000000038       0x30 MY_RTOS/MYRTOS_FIFO.o
 .debug_ranges  0x0000000000000068       0x48 MY_RTOS/Scheduler.o
 .debug_ranges  0x00000000000000b0       0x28 Src/main.o
 .debug_ranges  0x00000000000000d8       0x20 Startup/startup_stm32f103c6tx.o
 .debug_ranges  0x00000000000000f8       0x70 Stm32F103C6_Drives/Stm32_F103C6_EXTI_Driver.o
 .debug_ranges  0x0000000000000168       0x48 Stm32F103C6_Drives/Stm32_F103C6_SPI_Driver.o
 .debug_ranges  0x00000000000001b0       0x50 Stm32F103C6_Drives/Stm32_F103C6_USART_Driver.o

.debug_macro    0x0000000000000000     0x2acd
 .debug_macro   0x0000000000000000       0xb9 MY_RTOS/CortexMX_OS_Porting.o
 .debug_macro   0x00000000000000b9       0x28 MY_RTOS/CortexMX_OS_Porting.o
 .debug_macro   0x00000000000000e1       0x8e MY_RTOS/CortexMX_OS_Porting.o
 .debug_macro   0x000000000000016f       0x51 MY_RTOS/CortexMX_OS_Porting.o
 .debug_macro   0x00000000000001c0       0x1c MY_RTOS/CortexMX_OS_Porting.o
 .debug_macro   0x00000000000001dc       0x22 MY_RTOS/CortexMX_OS_Porting.o
 .debug_macro   0x00000000000001fe       0xe5 MY_RTOS/CortexMX_OS_Porting.o
 .debug_macro   0x00000000000002e3      0xe3c MY_RTOS/CortexMX_OS_Porting.o
 .debug_macro   0x000000000000111f       0x2e MY_RTOS/CortexMX_OS_Porting.o
 .debug_macro   0x000000000000114d      0x228 MY_RTOS/MYRTOS_FIFO.o
 .debug_macro   0x0000000000001375       0x16 MY_RTOS/MYRTOS_FIFO.o
 .debug_macro   0x000000000000138b       0x97 MY_RTOS/MYRTOS_FIFO.o
 .debug_macro   0x0000000000001422       0xfd MY_RTOS/MYRTOS_FIFO.o
 .debug_macro   0x000000000000151f       0x10 MY_RTOS/MYRTOS_FIFO.o
 .debug_macro   0x000000000000152f       0x10 MY_RTOS/MYRTOS_FIFO.o
 .debug_macro   0x000000000000153f       0x1c MY_RTOS/MYRTOS_FIFO.o
 .debug_macro   0x000000000000155b       0x52 MY_RTOS/MYRTOS_FIFO.o
 .debug_macro   0x00000000000015ad       0x40 MY_RTOS/MYRTOS_FIFO.o
 .debug_macro   0x00000000000015ed       0x10 MY_RTOS/MYRTOS_FIFO.o
 .debug_macro   0x00000000000015fd       0x40 MY_RTOS/MYRTOS_FIFO.o
 .debug_macro   0x000000000000163d       0xd7 MY_RTOS/MYRTOS_FIFO.o
 .debug_macro   0x0000000000001714       0x1c MY_RTOS/MYRTOS_FIFO.o
 .debug_macro   0x0000000000001730       0x3d MY_RTOS/MYRTOS_FIFO.o
 .debug_macro   0x000000000000176d       0x16 MY_RTOS/MYRTOS_FIFO.o
 .debug_macro   0x0000000000001783      0x145 MY_RTOS/MYRTOS_FIFO.o
 .debug_macro   0x00000000000018c8       0xdf MY_RTOS/MYRTOS_FIFO.o
 .debug_macro   0x00000000000019a7      0x232 MY_RTOS/Scheduler.o
 .debug_macro   0x0000000000001bd9       0x46 MY_RTOS/Scheduler.o
 .debug_macro   0x0000000000001c1f      0x32a MY_RTOS/Scheduler.o
 .debug_macro   0x0000000000001f49      0x1d6 Src/main.o
 .debug_macro   0x000000000000211f      0x239 Src/main.o
 .debug_macro   0x0000000000002358       0xa0 Src/main.o
 .debug_macro   0x00000000000023f8       0x40 Src/main.o
 .debug_macro   0x0000000000002438      0x152 Stm32F103C6_Drives/Stm32_F103C6_EXTI_Driver.o
 .debug_macro   0x000000000000258a       0xd6 Stm32F103C6_Drives/Stm32_F103C6_EXTI_Driver.o
 .debug_macro   0x0000000000002660      0x160 Stm32F103C6_Drives/Stm32_F103C6_SPI_Driver.o
 .debug_macro   0x00000000000027c0       0xbe Stm32F103C6_Drives/Stm32_F103C6_SPI_Driver.o
 .debug_macro   0x000000000000287e      0x151 Stm32F103C6_Drives/Stm32_F103C6_USART_Driver.o
 .debug_macro   0x00000000000029cf       0x16 Stm32F103C6_Drives/Stm32_F103C6_USART_Driver.o
 .debug_macro   0x00000000000029e5       0xe8 Stm32F103C6_Drives/Stm32_F103C6_USART_Driver.o

.debug_line     0x0000000000000000     0x3008
 .debug_line    0x0000000000000000      0x4fc MY_RTOS/CortexMX_OS_Porting.o
 .debug_line    0x00000000000004fc      0x718 MY_RTOS/MYRTOS_FIFO.o
 .debug_line    0x0000000000000c14      0x75c MY_RTOS/Scheduler.o
 .debug_line    0x0000000000001370      0x74a Src/main.o
 .debug_line    0x0000000000001aba       0x84 Startup/startup_stm32f103c6tx.o
 .debug_line    0x0000000000001b3e      0x77a Stm32F103C6_Drives/Stm32_F103C6_EXTI_Driver.o
 .debug_line    0x00000000000022b8      0x6b5 Stm32F103C6_Drives/Stm32_F103C6_SPI_Driver.o
 .debug_line    0x000000000000296d      0x69b Stm32F103C6_Drives/Stm32_F103C6_USART_Driver.o

.debug_str      0x0000000000000000    0x1186a
 .debug_str     0x0000000000000000     0x959e MY_RTOS/CortexMX_OS_Porting.o
                                       0x9719 (size before relaxing)
 .debug_str     0x000000000000959e     0x44e3 MY_RTOS/MYRTOS_FIFO.o
                                       0xdc5e (size before relaxing)
 .debug_str     0x000000000000da81      0x1c2 MY_RTOS/Scheduler.o
                                       0xddbd (size before relaxing)
 .debug_str     0x000000000000dc43     0x2a04 Src/main.o
                                       0xf419 (size before relaxing)
 .debug_str     0x0000000000010647       0x31 Startup/startup_stm32f103c6tx.o
                                         0x73 (size before relaxing)
 .debug_str     0x0000000000010678      0x276 Stm32F103C6_Drives/Stm32_F103C6_EXTI_Driver.o
                                       0x97a6 (size before relaxing)
 .debug_str     0x00000000000108ee      0x770 Stm32F103C6_Drives/Stm32_F103C6_SPI_Driver.o
                                       0x89e7 (size before relaxing)
 .debug_str     0x000000000001105e      0x80c Stm32F103C6_Drives/Stm32_F103C6_USART_Driver.o
                                       0x8ae8 (size before relaxing)

.comment        0x0000000000000000       0x7b
 .comment       0x0000000000000000       0x7b MY_RTOS/CortexMX_OS_Porting.o
                                         0x7c (size before relaxing)
 .comment       0x000000000000007b       0x7c MY_RTOS/MYRTOS_FIFO.o
 .comment       0x000000000000007b       0x7c MY_RTOS/Scheduler.o
 .comment       0x000000000000007b       0x7c Src/main.o
 .comment       0x000000000000007b       0x7c Stm32F103C6_Drives/Stm32_F103C6_EXTI_Driver.o
 .comment       0x000000000000007b       0x7c Stm32F103C6_Drives/Stm32_F103C6_SPI_Driver.o
 .comment       0x000000000000007b       0x7c Stm32F103C6_Drives/Stm32_F103C6_USART_Driver.o

.debug_frame    0x0000000000000000      0x788
 .debug_frame   0x0000000000000000       0xa0 MY_RTOS/CortexMX_OS_Porting.o
 .debug_frame   0x00000000000000a0       0xd8 MY_RTOS/MYRTOS_FIFO.o
 .debug_frame   0x0000000000000178      0x128 MY_RTOS/Scheduler.o
 .debug_frame   0x00000000000002a0       0x78 Src/main.o
 .debug_frame   0x0000000000000318      0x1b0 Stm32F103C6_Drives/Stm32_F103C6_EXTI_Driver.o
 .debug_frame   0x00000000000004c8      0x148 Stm32F103C6_Drives/Stm32_F103C6_SPI_Driver.o
 .debug_frame   0x0000000000000610      0x14c Stm32F103C6_Drives/Stm32_F103C6_USART_Driver.o
 .debug_frame   0x000000000000075c       0x2c c:/st/stm32cubeide_1.4.0/stm32cubeide/plugins/com.st.stm32cube.ide.mcu.externaltools.gnu-tools-for-stm32.7-2018-q2-update.win32_1.4.0.202007081208/tools/bin/../lib/gcc/arm-none-eabi/7.3.1/../../../../arm-none-eabi/lib/thumb/v7-m\libc_nano.a(lib_a-init.o)
