Scheduler.c:37:28:PendSV_Handler	0	static,ignoring_inline_asm
Scheduler.c:98:6:MYRTOS_Idle_Task	4	static,ignoring_inline_asm
Scheduler.c:108:6:MYRTOS_Create_MainStack	4	static
Scheduler.c:120:16:MYRTOS_init	16	static
Scheduler.c:150:6:MyRTOS_Create_Task_Stack	24	static
Scheduler.c:185:16:MYRTOS_CreateTask	24	static
Scheduler.c:224:6:bubblesort	24	static
Scheduler.c:241:6:MYRTOS_Update_Scheduler_Table	24	static
Scheduler.c:295:6:Decide_whatNext	8	static
Scheduler.c:322:6:OS_SVC	24	static
Scheduler.c:355:6:MYRTOS_OS_SVC_Set	16	static,ignoring_inline_asm
Scheduler.c:372:6:MYRTOS_ActivateTask	16	static
Scheduler.c:378:6:MYRTOS_TerminateTask	16	static
Scheduler.c:384:6:MYRTOS_TaskWait	16	static
Scheduler.c:397:6:MYRTOS_StartOS	8	static,ignoring_inline_asm
Scheduler.c:414:6:MYRTOS_Update_TaskWaitingTime	16	static
Scheduler.c:436:16:MYRTOS_AcquireMutex	16	static
Scheduler.c:460:6:MYRTOS_ReleaseMutex	16	static
