Archive member included to satisfy reference by file (symbol)

c:/st/stm32cubeide_1.4.0/stm32cubeide/plugins/com.st.stm32cube.ide.mcu.externaltools.gnu-tools-for-stm32.7-2018-q2-update.win32_1.4.0.202007081208/tools/bin/../lib/gcc/arm-none-eabi/7.3.1/../../../../arm-none-eabi/lib/thumb/v7-m\libc_nano.a(lib_a-errno.o)
                              Src/syscalls.o (__errno)
c:/st/stm32cubeide_1.4.0/stm32cubeide/plugins/com.st.stm32cube.ide.mcu.externaltools.gnu-tools-for-stm32.7-2018-q2-update.win32_1.4.0.202007081208/tools/bin/../lib/gcc/arm-none-eabi/7.3.1/../../../../arm-none-eabi/lib/thumb/v7-m\libc_nano.a(lib_a-exit.o)
                              c:/st/stm32cubeide_1.4.0/stm32cubeide/plugins/com.st.stm32cube.ide.mcu.externaltools.gnu-tools-for-stm32.7-2018-q2-update.win32_1.4.0.202007081208/tools/bin/../lib/gcc/arm-none-eabi/7.3.1/../../../../arm-none-eabi/lib/thumb/v7-m/crt0.o (exit)
c:/st/stm32cubeide_1.4.0/stm32cubeide/plugins/com.st.stm32cube.ide.mcu.externaltools.gnu-tools-for-stm32.7-2018-q2-update.win32_1.4.0.202007081208/tools/bin/../lib/gcc/arm-none-eabi/7.3.1/../../../../arm-none-eabi/lib/thumb/v7-m\libc_nano.a(lib_a-impure.o)
                              c:/st/stm32cubeide_1.4.0/stm32cubeide/plugins/com.st.stm32cube.ide.mcu.externaltools.gnu-tools-for-stm32.7-2018-q2-update.win32_1.4.0.202007081208/tools/bin/../lib/gcc/arm-none-eabi/7.3.1/../../../../arm-none-eabi/lib/thumb/v7-m\libc_nano.a(lib_a-exit.o) (_global_impure_ptr)
c:/st/stm32cubeide_1.4.0/stm32cubeide/plugins/com.st.stm32cube.ide.mcu.externaltools.gnu-tools-for-stm32.7-2018-q2-update.win32_1.4.0.202007081208/tools/bin/../lib/gcc/arm-none-eabi/7.3.1/../../../../arm-none-eabi/lib/thumb/v7-m\libc_nano.a(lib_a-init.o)
                              c:/st/stm32cubeide_1.4.0/stm32cubeide/plugins/com.st.stm32cube.ide.mcu.externaltools.gnu-tools-for-stm32.7-2018-q2-update.win32_1.4.0.202007081208/tools/bin/../lib/gcc/arm-none-eabi/7.3.1/../../../../arm-none-eabi/lib/thumb/v7-m/crt0.o (__libc_init_array)
c:/st/stm32cubeide_1.4.0/stm32cubeide/plugins/com.st.stm32cube.ide.mcu.externaltools.gnu-tools-for-stm32.7-2018-q2-update.win32_1.4.0.202007081208/tools/bin/../lib/gcc/arm-none-eabi/7.3.1/../../../../arm-none-eabi/lib/thumb/v7-m\libc_nano.a(lib_a-memset.o)
                              c:/st/stm32cubeide_1.4.0/stm32cubeide/plugins/com.st.stm32cube.ide.mcu.externaltools.gnu-tools-for-stm32.7-2018-q2-update.win32_1.4.0.202007081208/tools/bin/../lib/gcc/arm-none-eabi/7.3.1/../../../../arm-none-eabi/lib/thumb/v7-m/crt0.o (memset)
c:/st/stm32cubeide_1.4.0/stm32cubeide/plugins/com.st.stm32cube.ide.mcu.externaltools.gnu-tools-for-stm32.7-2018-q2-update.win32_1.4.0.202007081208/tools/bin/../lib/gcc/arm-none-eabi/7.3.1/../../../../arm-none-eabi/lib/thumb/v7-m\libc_nano.a(lib_a-strcmp.o)
                              MY_RTOS/Scheduler.o (strcmp)

Allocating common symbols
Common symbol       size              file

Global_SPI_Config2  0x18              Stm32F103C6_Drives/Stm32_F103C6_SPI_Driver.o
Ready_Queue         0x14              MY_RTOS/Scheduler.o
SysTickLED          0x1               MY_RTOS/CortexMX_OS_Porting.o
OS_Control          0x1ac             MY_RTOS/Scheduler.o
MYRTOS_idleTask     0x44              MY_RTOS/Scheduler.o
PinCfg              0x4               HAL/lcd.o
Global_SPI_Config1  0x18              Stm32F103C6_Drives/Stm32_F103C6_SPI_Driver.o
IdleTaskLED         0x1               MY_RTOS/Scheduler.o
GP_IRQ_CallBack     0x3c              Src/main.o
Ready_Queue_FIFO    0x190             MY_RTOS/Scheduler.o

Discarded input sections

 .text          0x0000000000000000        0x0 c:/st/stm32cubeide_1.4.0/stm32cubeide/plugins/com.st.stm32cube.ide.mcu.externaltools.gnu-tools-for-stm32.7-2018-q2-update.win32_1.4.0.202007081208/tools/bin/../lib/gcc/arm-none-eabi/7.3.1/thumb/v7-m/crti.o
 .data          0x0000000000000000        0x0 c:/st/stm32cubeide_1.4.0/stm32cubeide/plugins/com.st.stm32cube.ide.mcu.externaltools.gnu-tools-for-stm32.7-2018-q2-update.win32_1.4.0.202007081208/tools/bin/../lib/gcc/arm-none-eabi/7.3.1/thumb/v7-m/crti.o
 .bss           0x0000000000000000        0x0 c:/st/stm32cubeide_1.4.0/stm32cubeide/plugins/com.st.stm32cube.ide.mcu.externaltools.gnu-tools-for-stm32.7-2018-q2-update.win32_1.4.0.202007081208/tools/bin/../lib/gcc/arm-none-eabi/7.3.1/thumb/v7-m/crti.o
 .data          0x0000000000000000        0x4 c:/st/stm32cubeide_1.4.0/stm32cubeide/plugins/com.st.stm32cube.ide.mcu.externaltools.gnu-tools-for-stm32.7-2018-q2-update.win32_1.4.0.202007081208/tools/bin/../lib/gcc/arm-none-eabi/7.3.1/thumb/v7-m/crtbegin.o
 .text          0x0000000000000000       0x74 c:/st/stm32cubeide_1.4.0/stm32cubeide/plugins/com.st.stm32cube.ide.mcu.externaltools.gnu-tools-for-stm32.7-2018-q2-update.win32_1.4.0.202007081208/tools/bin/../lib/gcc/arm-none-eabi/7.3.1/../../../../arm-none-eabi/lib/thumb/v7-m/crt0.o
[...]
Memory Configuration

Name             Origin             Length             Attributes
RAM              0x0000000020000000 0x0000000000002800 xrw
ROM              0x0000000008000000 0x0000000000008000 xr
*default*        0x0000000000000000 0xffffffffffffffff

Linker script and memory map

LOAD c:/st/stm32cubeide_1.4.0/stm32cubeide/plugins/com.st.stm32cube.ide.mcu.externaltools.gnu-tools-for-stm32.7-2018-q2-update.win32_1.4.0.202007081208/tools/bin/../lib/gcc/arm-none-eabi/7.3.1/thumb/v7-m/crti.o
LOAD c:/st/stm32cubeide_1.4.0/stm32cubeide/plugins/com.st.stm32cube.ide.mcu.externaltools.gnu-tools-for-stm32.7-2018-q2-update.win32_1.4.0.202007081208/tools/bin/../lib/gcc/arm-none-eabi/7.3.1/thumb/v7-m/crtbegin.o
LOAD c:/st/stm32cubeide_1.4.0/stm32cubeide/plugins/com.st.stm32cube.ide.mcu.externaltools.gnu-tools-for-stm32.7-2018-q2-update.win32_1.4.0.202007081208/tools/bin/../lib/gcc/arm-none-eabi/7.3.1/../../../../arm-none-eabi/lib/thumb/v7-m/crt0.o
LOAD HAL/I2C_Slave_EEPROM.o
LOAD HAL/keypad.o
LOAD HAL/lcd.o
LOAD MY_RTOS/CortexMX_OS_Porting.o
LOAD MY_RTOS/MYRTOS_FIFO.o
LOAD MY_RTOS/Scheduler.o
LOAD Src/main.o
LOAD Src/syscalls.o
LOAD Src/sysmem.o
LOAD Startup/startup_stm32f103c6tx.o
LOAD Stm32F103C6_Drives/Stm32_F103C6_EXTI_Driver.o
LOAD Stm32F103C6_Drives/Stm32_F103C6_GPIO_Driver.o
LOAD Stm32F103C6_Drives/Stm32_F103C6_I2C_Driver.o
LOAD Stm32F103C6_Drives/Stm32_F103C6_RCC_Driver.o
LOAD Stm32F103C6_Drives/Stm32_F103C6_SPI_Driver.o
LOAD Stm32F103C6_Drives/Stm32_F103C6_USART_Driver.o
START GROUP
LOAD c:/st/stm32cubeide_1.4.0/stm32cubeide/plugins/com.st.stm32cube.ide.mcu.externaltools.gnu-tools-for-stm32.7-2018-q2-update.win32_1.4.0.202007081208/tools/bin/../lib/gcc/arm-none-eabi/7.3.1/../../../../arm-none-eabi/lib/thumb/v7-m\libc_nano.a
LOAD c:/st/stm32cubeide_1.4.0/stm32cubeide/plugins/com.st.stm32cube.ide.mcu.externaltools.gnu-tools-for-stm32.7-2018-q2-update.win32_1.4.0.202007081208/tools/bin/../lib/gcc/arm-none-eabi/7.3.1/../../../../arm-none-eabi/lib/thumb/v7-m\libm.a
END GROUP
START GROUP
LOAD c:/st/stm32cubeide_1.4.0/stm32cubeide/plugins/com.st.stm32cube.ide.mcu.externaltools.gnu-tools-for-stm32.7-2018-q2-update.win32_1.4.0.202007081208/tools/bin/../lib/gcc/arm-none-eabi/7.3.1/thumb/v7-m\libgcc.a
LOAD c:/st/stm32cubeide_1.4.0/stm32cubeide/plugins/com.st.stm32cube.ide.mcu.externaltools.gnu-tools-for-stm32.7-2018-q2-update.win32_1.4.0.202007081208/tools/bin/../lib/gcc/arm-none-eabi/7.3.1/../../../../arm-none-eabi/lib/thumb/v7-m\libg_nano.a
LOAD c:/st/stm32cubeide_1.4.0/stm32cubeide/plugins/com.st.stm32cube.ide.mcu.externaltools.gnu-tools-for-stm32.7-2018-q2-update.win32_1.4.0.202007081208/tools/bin/../lib/gcc/arm-none-eabi/7.3.1/../../../../arm-none-eabi/lib/thumb/v7-m\libc_nano.a
END GROUP
START GROUP
LOAD c:/st/stm32cubeide_1.4.0/stm32cubeide/plugins/com.st.stm32cube.ide.mcu.externaltools.gnu-tools-for-stm32.7-2018-q2-update.win32_1.4.0.202007081208/tools/bin/../lib/gcc/arm-none-eabi/7.3.1/thumb/v7-m\libgcc.a
LOAD c:/st/stm32cubeide_1.4.0/stm32cubeide/plugins/com.st.stm32cube.ide.mcu.externaltools.gnu-tools-for-stm32.7-2018-q2-update.win32_1.4.0.202007081208/tools/bin/../lib/gcc/arm-none-eabi/7.3.1/../../../../arm-none-eabi/lib/thumb/v7-m\libc_nano.a
LOAD c:/st/stm32cubeide_1.4.0/stm32cubeide/plugins/com.st.stm32cube.ide.mcu.externaltools.gnu-tools-for-stm32.7-2018-q2-update.win32_1.4.0.202007081208/tools/bin/../lib/gcc/arm-none-eabi/7.3.1/../../../../arm-none-eabi/lib/thumb/v7-m\libnosys.a
END GROUP
START GROUP
LOAD c:/st/stm32cubeide_1.4.0/stm32cubeide/plugins/com.st.stm32cube.ide.mcu.externaltools.gnu-tools-for-stm32.7-2018-q2-update.win32_1.4.0.202007081208/tools/bin/../lib/gcc/arm-none-eabi/7.3.1/thumb/v7-m\libgcc.a
LOAD c:/st/stm32cubeide_1.4.0/stm32cubeide/plugins/com.st.stm32cube.ide.mcu.externaltools.gnu-tools-for-stm32.7-2018-q2-update.win32_1.4.0.202007081208/tools/bin/../lib/gcc/arm-none-eabi/7.3.1/../../../../arm-none-eabi/lib/thumb/v7-m\libc_nano.a
LOAD c:/st/stm32cubeide_1.4.0/stm32cubeide/plugins/com.st.stm32cube.ide.mcu.externaltools.gnu-tools-for-stm32.7-2018-q2-update.win32_1.4.0.202007081208/tools/bin/../lib/gcc/arm-none-eabi/7.3.1/../../../../arm-none-eabi/lib/thumb/v7-m\libnosys.a
END GROUP
LOAD c:/st/stm32cubeide_1.4.0/stm32cubeide/plugins/com.st.stm32cube.ide.mcu.externaltools.gnu-tools-for-stm32.7-2018-q2-update.win32_1.4.0.202007081208/tools/bin/../lib/gcc/arm-none-eabi/7.3.1/thumb/v7-m/crtend.o
LOAD c:/st/stm32cubeide_1.4.0/stm32cubeide/plugins/com.st.stm32cube.ide.mcu.externaltools.gnu-tools-for-stm32.7-2018-q2-update.win32_1.4.0.202007081208/tools/bin/../lib/gcc/arm-none-eabi/7.3.1/thumb/v7-m/crtn.o
                0x0000000020002800                _estack = (ORIGIN (RAM) + LENGTH (RAM))
                0x0000000000000200                _Min_Heap_Size = 0x200
                0x0000000000000400                _Min_Stack_Size = 0x400

.isr_vector     0x0000000008000000      0x130
                0x0000000008000000                . = ALIGN (0x4)
 *(.isr_vector)
 .isr_vector    0x0000000008000000      0x130 Startup/startup_stm32f103c6tx.o
                0x0000000008000000                g_pfnVectors
                0x0000000008000130                . = ALIGN (0x4)

.text           0x0000000008000130     0x16b0
                0x0000000008000130                . = ALIGN (0x4)
 *(.text)
 .text          0x0000000008000130       0x40 c:/st/stm32cubeide_1.4.0/stm32cubeide/plugins/com.st.stm32cube.ide.mcu.externaltools.gnu-tools-for-stm32.7-2018-q2-update.win32_1.4.0.202007081208/tools/bin/../lib/gcc/arm-none-eabi/7.3.1/thumb/v7-m/crtbegin.o
 .text          0x0000000008000170       0x14 c:/st/stm32cubeide_1.4.0/stm32cubeide/plugins/com.st.stm32cube.ide.mcu.externaltools.gnu-tools-for-stm32.7-2018-q2-update.win32_1.4.0.202007081208/tools/bin/../lib/gcc/arm-none-eabi/7.3.1/../../../../arm-none-eabi/lib/thumb/v7-m\libc_nano.a(lib_a-strcmp.o)
                0x0000000008000170                strcmp
 *(.text*)
 .text.eeprom_init
                0x0000000008000184       0x40 HAL/I2C_Slave_EEPROM.o
                0x0000000008000184                eeprom_init
 .text.eeprom_write_Nbytes
                0x00000000080001c4       0xa4 HAL/I2C_Slave_EEPROM.o
                0x00000000080001c4                eeprom_write_Nbytes
 .text.eeprom_read_byte
                0x0000000008000268       0x58 HAL/I2C_Slave_EEPROM.o
                0x0000000008000268                eeprom_read_byte
 .text.HardFault_Handler
                0x00000000080002c0        0x6 MY_RTOS/CortexMX_OS_Porting.o
                0x00000000080002c0                HardFault_Handler
 .text.MemManage_Handler
                0x00000000080002c6        0x6 MY_RTOS/CortexMX_OS_Porting.o
                0x00000000080002c6                MemManage_Handler
 .text.BusFault_Handler
                0x00000000080002cc        0x6 MY_RTOS/CortexMX_OS_Porting.o
                0x00000000080002cc                BusFault_Handler
 .text.UsageFault_Handler
                0x00000000080002d2        0x6 MY_RTOS/CortexMX_OS_Porting.o
                0x00000000080002d2                UsageFault_Handler
 .text.SVC_Handler
                0x00000000080002d8       0x14 MY_RTOS/CortexMX_OS_Porting.o
                0x00000000080002d8                SVC_Handler
 .text.Trigger_OS_PendSV
                0x00000000080002ec       0x1c MY_RTOS/CortexMX_OS_Porting.o
                0x00000000080002ec                Trigger_OS_PendSV
 .text.SysTick_Handler
                0x0000000008000308       0x28 MY_RTOS/CortexMX_OS_Porting.o
                0x0000000008000308                SysTick_Handler
 .text.FIFO_enqueue
                0x0000000008000330       0x84 MY_RTOS/MYRTOS_FIFO.o
                0x0000000008000330                FIFO_enqueue
 .text.FIFO_dequeue
                0x00000000080003b4       0x7a MY_RTOS/MYRTOS_FIFO.o
                0x00000000080003b4                FIFO_dequeue
 *fill*         0x000000000800042e        0x2 
 .text.PendSV_Handler
                0x0000000008000430      0x1c4 MY_RTOS/Scheduler.o
                0x0000000008000430                PendSV_Handler
 .text.bubblesort
                0x00000000080005f4       0x90 MY_RTOS/Scheduler.o
                0x00000000080005f4                bubblesort
 .text.MYRTOS_Update_Scheduler_Table
                0x0000000008000684       0xd0 MY_RTOS/Scheduler.o
                0x0000000008000684                MYRTOS_Update_Scheduler_Table
 .text.Decide_whatNext
                0x0000000008000754       0xa4 MY_RTOS/Scheduler.o
                0x0000000008000754                Decide_whatNext
 .text.OS_SVC   0x00000000080007f8       0x6c MY_RTOS/Scheduler.o
                0x00000000080007f8                OS_SVC
 .text.MYRTOS_OS_SVC_Set
                0x0000000008000864       0x30 MY_RTOS/Scheduler.o
                0x0000000008000864                MYRTOS_OS_SVC_Set
 .text.MYRTOS_Update_TaskWaitingTime
                0x0000000008000894       0x88 MY_RTOS/Scheduler.o
                0x0000000008000894                MYRTOS_Update_TaskWaitingTime
 .text.main     0x000000000800091c       0xa0 Src/main.o
                0x000000000800091c                main
 .text.Reset_Handler
                0x00000000080009bc       0x50 Startup/startup_stm32f103c6tx.o
                0x00000000080009bc                Reset_Handler
 .text.Default_Handler
                0x0000000008000a0c        0x2 Startup/startup_stm32f103c6tx.o
                0x0000000008000a0c                TIM8_TRG_COM_IRQHandler
                0x0000000008000a0c                TIM8_CC_IRQHandler
                0x0000000008000a0c                DebugMon_Handler
                0x0000000008000a0c                TIM1_CC_IRQHandler
                0x0000000008000a0c                TIM6_IRQHandler
                0x0000000008000a0c                PVD_IRQHandler
                0x0000000008000a0c                SDIO_IRQHandler
                0x0000000008000a0c                NMI_Handler
                0x0000000008000a0c                USB_HP_CAN_TX_IRQHandler
                0x0000000008000a0c                ADC1_2_IRQHandler
                0x0000000008000a0c                CAN_SCE_IRQHandler
                0x0000000008000a0c                TAMPER_IRQHandler
                0x0000000008000a0c                TIM8_UP_IRQHandler
                0x0000000008000a0c                DMA2_Channel2_IRQHandler
                0x0000000008000a0c                DMA1_Channel4_IRQHandler
                0x0000000008000a0c                RTC_IRQHandler
                0x0000000008000a0c                DMA1_Channel7_IRQHandler
                0x0000000008000a0c                UART5_IRQHandler
                0x0000000008000a0c                ADC3_IRQHandler
                0x0000000008000a0c                TIM4_IRQHandler
                0x0000000008000a0c                CAN_RX1_IRQHandler
                0x0000000008000a0c                DMA2_Channel1_IRQHandler
                0x0000000008000a0c                DMA1_Channel6_IRQHandler
                0x0000000008000a0c                UART4_IRQHandler
                0x0000000008000a0c                TIM3_IRQHandler
                0x0000000008000a0c                RCC_IRQHandler
                0x0000000008000a0c                TIM1_TRG_COM_IRQHandler
                0x0000000008000a0c                DMA1_Channel1_IRQHandler
                0x0000000008000a0c                Default_Handler
                0x0000000008000a0c                TIM7_IRQHandler
                0x0000000008000a0c                TIM5_IRQHandler
                0x0000000008000a0c                USB_LP_CAN_RX0_IRQHandler
                0x0000000008000a0c                DMA1_Channel5_IRQHandler
                0x0000000008000a0c                DMA1_Channel3_IRQHandler
                0x0000000008000a0c                FSMC_IRQHandler
                0x0000000008000a0c                TIM1_UP_IRQHandler
                0x0000000008000a0c                WWDG_IRQHandler
                0x0000000008000a0c                TIM2_IRQHandler
                0x0000000008000a0c                TIM1_BRK_IRQHandler
                0x0000000008000a0c                RTCAlarm_IRQHandler
                0x0000000008000a0c                DMA2_Channel4_5_IRQHandler
                0x0000000008000a0c                DMA1_Channel2_IRQHandler
                0x0000000008000a0c                TIM8_BRK_IRQHandler
                0x0000000008000a0c                FLASH_IRQHandler
                0x0000000008000a0c                SPI3_IRQHandler
                0x0000000008000a0c                DMA2_Channel3_IRQHandler
 *fill*         0x0000000008000a0e        0x2 
 .text.EXTI0_IRQHandler
                0x0000000008000a10       0x24 Stm32F103C6_Drives/Stm32_F103C6_EXTI_Driver.o
                0x0000000008000a10                EXTI0_IRQHandler
 .text.EXTI1_IRQHandler
                0x0000000008000a34       0x24 Stm32F103C6_Drives/Stm32_F103C6_EXTI_Driver.o
                0x0000000008000a34                EXTI1_IRQHandler
 .text.EXTI2_IRQHandler
                0x0000000008000a58       0x24 Stm32F103C6_Drives/Stm32_F103C6_EXTI_Driver.o
                0x0000000008000a58                EXTI2_IRQHandler
 .text.EXTI3_IRQHandler
                0x0000000008000a7c       0x24 Stm32F103C6_Drives/Stm32_F103C6_EXTI_Driver.o
                0x0000000008000a7c                EXTI3_IRQHandler
 .text.EXTI4_IRQHandler
                0x0000000008000aa0       0x24 Stm32F103C6_Drives/Stm32_F103C6_EXTI_Driver.o
                0x0000000008000aa0                EXTI4_IRQHandler
 .text.EXTI9_5_IRQHandler
                0x0000000008000ac4       0xa8 Stm32F103C6_Drives/Stm32_F103C6_EXTI_Driver.o
                0x0000000008000ac4                EXTI9_5_IRQHandler
 .text.EXTI15_10_IRQHandler
                0x0000000008000b6c       0xc4 Stm32F103C6_Drives/Stm32_F103C6_EXTI_Driver.o
                0x0000000008000b6c                EXTI15_10_IRQHandler
 .text.Get_CRLH_Position
                0x0000000008000c30       0xa6 Stm32F103C6_Drives/Stm32_F103C6_GPIO_Driver.o
                0x0000000008000c30                Get_CRLH_Position
 .text.MCAL_GPIO_Init
                0x0000000008000cd6       0xfe Stm32F103C6_Drives/Stm32_F103C6_GPIO_Driver.o
                0x0000000008000cd6                MCAL_GPIO_Init
 .text.MCAL_I2C_Init
                0x0000000008000dd4      0x220 Stm32F103C6_Drives/Stm32_F103C6_I2C_Driver.o
                0x0000000008000dd4                MCAL_I2C_Init
 .text.MCAL_I2C_GPIO_Set_Pins
                0x0000000008000ff4       0x94 Stm32F103C6_Drives/Stm32_F103C6_I2C_Driver.o
                0x0000000008000ff4                MCAL_I2C_GPIO_Set_Pins
 .text.MCAL_I2C_Master_RX
                0x0000000008001088       0xe8 Stm32F103C6_Drives/Stm32_F103C6_I2C_Driver.o
                0x0000000008001088                MCAL_I2C_Master_RX
 .text.MCAL_I2C_Master_TX
                0x0000000008001170       0xac Stm32F103C6_Drives/Stm32_F103C6_I2C_Driver.o
                0x0000000008001170                MCAL_I2C_Master_TX
 .text.I2C_GenerateSTART
                0x000000000800121c       0x4e Stm32F103C6_Drives/Stm32_F103C6_I2C_Driver.o
                0x000000000800121c                I2C_GenerateSTART
 .text.I2C_SendAddress
                0x000000000800126a       0x3e Stm32F103C6_Drives/Stm32_F103C6_I2C_Driver.o
                0x000000000800126a                I2C_SendAddress
 .text.I2C_GenerateSTOP
                0x00000000080012a8       0x36 Stm32F103C6_Drives/Stm32_F103C6_I2C_Driver.o
                0x00000000080012a8                I2C_GenerateSTOP
 *fill*         0x00000000080012de        0x2 
 .text.I2C_GetFlagStatus
                0x00000000080012e0       0xf8 Stm32F103C6_Drives/Stm32_F103C6_I2C_Driver.o
                0x00000000080012e0                I2C_GetFlagStatus
 .text.I2C1_ER_IRQHandler
                0x00000000080013d8        0xc Stm32F103C6_Drives/Stm32_F103C6_I2C_Driver.o
                0x00000000080013d8                I2C1_ER_IRQHandler
 .text.I2C1_EV_IRQHandler
                0x00000000080013e4       0xec Stm32F103C6_Drives/Stm32_F103C6_I2C_Driver.o
                0x00000000080013e4                I2C1_EV_IRQHandler
 .text.Slave_States
                0x00000000080014d0       0xe0 Stm32F103C6_Drives/Stm32_F103C6_I2C_Driver.o
                0x00000000080014d0                Slave_States
 .text.I2C2_ER_IRQHandler
                0x00000000080015b0        0xc Stm32F103C6_Drives/Stm32_F103C6_I2C_Driver.o
                0x00000000080015b0                I2C2_ER_IRQHandler
 .text.I2C2_EV_IRQHandler
                0x00000000080015bc        0xc Stm32F103C6_Drives/Stm32_F103C6_I2C_Driver.o
                0x00000000080015bc                I2C2_EV_IRQHandler
 .text.I2C_AcknowledgeConfig
                0x00000000080015c8       0x36 Stm32F103C6_Drives/Stm32_F103C6_I2C_Driver.o
                0x00000000080015c8                I2C_AcknowledgeConfig
 *fill*         0x00000000080015fe        0x2 
 .text.MCAL_RCC_GetSYS_CLCKFreq
                0x0000000008001600       0x3c Stm32F103C6_Drives/Stm32_F103C6_RCC_Driver.o
                0x0000000008001600                MCAL_RCC_GetSYS_CLCKFreq
 .text.MCAL_RCC_GetHLCKFreq
                0x000000000800163c       0x28 Stm32F103C6_Drives/Stm32_F103C6_RCC_Driver.o
                0x000000000800163c                MCAL_RCC_GetHLCKFreq
 .text.MCAL_RCC_GetPCLK1Freq
                0x0000000008001664       0x28 Stm32F103C6_Drives/Stm32_F103C6_RCC_Driver.o
                0x0000000008001664                MCAL_RCC_GetPCLK1Freq
 .text.SPI1_IRQHandler
                0x000000000800168c       0x5c Stm32F103C6_Drives/Stm32_F103C6_SPI_Driver.o
                0x000000000800168c                SPI1_IRQHandler
 .text.SPI2_IRQHandler
                0x00000000080016e8       0x5c Stm32F103C6_Drives/Stm32_F103C6_SPI_Driver.o
                0x00000000080016e8                SPI2_IRQHandler
 .text.USART1_IRQHandler
                0x0000000008001744       0x14 Stm32F103C6_Drives/Stm32_F103C6_USART_Driver.o
                0x0000000008001744                USART1_IRQHandler
 .text.USART2_IRQHandler
                0x0000000008001758       0x14 Stm32F103C6_Drives/Stm32_F103C6_USART_Driver.o
                0x0000000008001758                USART2_IRQHandler
 .text.USART3_IRQHandler
                0x000000000800176c       0x14 Stm32F103C6_Drives/Stm32_F103C6_USART_Driver.o
                0x000000000800176c                USART3_IRQHandler
 .text.__libc_init_array
                0x0000000008001780       0x48 c:/st/stm32cubeide_1.4.0/stm32cubeide/plugins/com.st.stm32cube.ide.mcu.externaltools.gnu-tools-for-stm32.7-2018-q2-update.win32_1.4.0.202007081208/tools/bin/../lib/gcc/arm-none-eabi/7.3.1/../../../../arm-none-eabi/lib/thumb/v7-m\libc_nano.a(lib_a-init.o)
                0x0000000008001780                __libc_init_array
 *(.glue_7)
 .glue_7        0x00000000080017c8        0x0 linker stubs
 *(.glue_7t)
 .glue_7t       0x00000000080017c8        0x0 linker stubs
 *(.eh_frame)
 .eh_frame      0x00000000080017c8        0x0 c:/st/stm32cubeide_1.4.0/stm32cubeide/plugins/com.st.stm32cube.ide.mcu.externaltools.gnu-tools-for-stm32.7-2018-q2-update.win32_1.4.0.202007081208/tools/bin/../lib/gcc/arm-none-eabi/7.3.1/thumb/v7-m/crtbegin.o
 *(.init)
 .init          0x00000000080017c8        0x4 c:/st/stm32cubeide_1.4.0/stm32cubeide/plugins/com.st.stm32cube.ide.mcu.externaltools.gnu-tools-for-stm32.7-2018-q2-update.win32_1.4.0.202007081208/tools/bin/../lib/gcc/arm-none-eabi/7.3.1/thumb/v7-m/crti.o
                0x00000000080017c8                _init
 .init          0x00000000080017cc        0x8 c:/st/stm32cubeide_1.4.0/stm32cubeide/plugins/com.st.stm32cube.ide.mcu.externaltools.gnu-tools-for-stm32.7-2018-q2-update.win32_1.4.0.202007081208/tools/bin/../lib/gcc/arm-none-eabi/7.3.1/thumb/v7-m/crtn.o
 *(.fini)
 .fini          0x00000000080017d4        0x4 c:/st/stm32cubeide_1.4.0/stm32cubeide/plugins/com.st.stm32cube.ide.mcu.externaltools.gnu-tools-for-stm32.7-2018-q2-update.win32_1.4.0.202007081208/tools/bin/../lib/gcc/arm-none-eabi/7.3.1/thumb/v7-m/crti.o
                0x00000000080017d4                _fini
 .fini          0x00000000080017d8        0x8 c:/st/stm32cubeide_1.4.0/stm32cubeide/plugins/com.st.stm32cube.ide.mcu.externaltools.gnu-tools-for-stm32.7-2018-q2-update.win32_1.4.0.202007081208/tools/bin/../lib/gcc/arm-none-eabi/7.3.1/thumb/v7-m/crtn.o
                0x00000000080017e0                . = ALIGN (0x4)
                0x00000000080017e0                _etext = .

.vfp11_veneer   0x00000000080017e0        0x0
 .vfp11_veneer  0x00000000080017e0        0x0 linker stubs

.v4_bx          0x00000000080017e0        0x0
 .v4_bx         0x00000000080017e0        0x0 linker stubs

.iplt           0x00000000080017e0        0x0
 .iplt          0x00000000080017e0        0x0 c:/st/stm32cubeide_1.4.0/stm32cubeide/plugins/com.st.stm32cube.ide.mcu.externaltools.gnu-tools-for-stm32.7-2018-q2-update.win32_1.4.0.202007081208/tools/bin/../lib/gcc/arm-none-eabi/7.3.1/thumb/v7-m/crtbegin.o

.rodata         0x00000000080017e0       0x2c
                0x00000000080017e0                . = ALIGN (0x4)
 *(.rodata)
 .rodata        0x00000000080017e0        0x9 MY_RTOS/Scheduler.o
 *fill*         0x00000000080017e9        0x3 
 .rodata        0x00000000080017ec        0x7 Src/main.o
 *(.rodata*)
 *fill*         0x00000000080017f3        0x1 
 .rodata.APBPrescTable
                0x00000000080017f4        0x8 Stm32F103C6_Drives/Stm32_F103C6_RCC_Driver.o
                0x00000000080017f4                APBPrescTable
 .rodata.AHBPrescTable
                0x00000000080017fc       0x10 Stm32F103C6_Drives/Stm32_F103C6_RCC_Driver.o
                0x00000000080017fc                AHBPrescTable
                0x000000000800180c                . = ALIGN (0x4)

.rel.dyn        0x000000000800180c        0x0
 .rel.iplt      0x000000000800180c        0x0 c:/st/stm32cubeide_1.4.0/stm32cubeide/plugins/com.st.stm32cube.ide.mcu.externaltools.gnu-tools-for-stm32.7-2018-q2-update.win32_1.4.0.202007081208/tools/bin/../lib/gcc/arm-none-eabi/7.3.1/thumb/v7-m/crtbegin.o

.ARM.extab      0x000000000800180c        0x0
                0x000000000800180c                . = ALIGN (0x4)
 *(.ARM.extab* .gnu.linkonce.armextab.*)
                0x000000000800180c                . = ALIGN (0x4)

.ARM            0x000000000800180c        0x0
                0x000000000800180c                . = ALIGN (0x4)
                0x000000000800180c                __exidx_start = .
 *(.ARM.exidx*)
                0x000000000800180c                __exidx_end = .
                0x000000000800180c                . = ALIGN (0x4)

.preinit_array  0x000000000800180c        0x0
                0x000000000800180c                . = ALIGN (0x4)
                0x000000000800180c                PROVIDE (__preinit_array_start = .)
 *(.preinit_array*)
                0x000000000800180c                PROVIDE (__preinit_array_end = .)
                0x000000000800180c                . = ALIGN (0x4)

.init_array     0x000000000800180c        0x4
                0x000000000800180c                . = ALIGN (0x4)
                0x000000000800180c                PROVIDE (__init_array_start = .)
 *(SORT_BY_NAME(.init_array.*))
 *(.init_array*)
 .init_array    0x000000000800180c        0x4 c:/st/stm32cubeide_1.4.0/stm32cubeide/plugins/com.st.stm32cube.ide.mcu.externaltools.gnu-tools-for-stm32.7-2018-q2-update.win32_1.4.0.202007081208/tools/bin/../lib/gcc/arm-none-eabi/7.3.1/thumb/v7-m/crtbegin.o
                0x0000000008001810                PROVIDE (__init_array_end = .)
                0x0000000008001810                . = ALIGN (0x4)

.fini_array     0x0000000008001810        0x4
                0x0000000008001810                . = ALIGN (0x4)
                [!provide]                        PROVIDE (__fini_array_start = .)
 *(SORT_BY_NAME(.fini_array.*))
 *(.fini_array*)
 .fini_array    0x0000000008001810        0x4 c:/st/stm32cubeide_1.4.0/stm32cubeide/plugins/com.st.stm32cube.ide.mcu.externaltools.gnu-tools-for-stm32.7-2018-q2-update.win32_1.4.0.202007081208/tools/bin/../lib/gcc/arm-none-eabi/7.3.1/thumb/v7-m/crtbegin.o
                [!provide]                        PROVIDE (__fini_array_end = .)
                0x0000000008001814                . = ALIGN (0x4)
                0x0000000008001814                _sidata = LOADADDR (.data)

.data           0x0000000020000000        0x0 load address 0x0000000008001814
                0x0000000020000000                . = ALIGN (0x4)
                0x0000000020000000                _sdata = .
 *(.data)
 *(.data*)
                0x0000000020000000                . = ALIGN (0x4)
                0x0000000020000000                _edata = .

.igot.plt       0x0000000020000000        0x0 load address 0x0000000008001814
 .igot.plt      0x0000000020000000        0x0 c:/st/stm32cubeide_1.4.0/stm32cubeide/plugins/com.st.stm32cube.ide.mcu.externaltools.gnu-tools-for-stm32.7-2018-q2-update.win32_1.4.0.202007081208/tools/bin/../lib/gcc/arm-none-eabi/7.3.1/thumb/v7-m/crtbegin.o
                0x0000000020000000                . = ALIGN (0x4)

.bss            0x0000000020000000      0x448 load address 0x0000000008001814
                0x0000000020000000                _sbss = .
                0x0000000020000000                __bss_start__ = _sbss
 *(.bss)
 .bss           0x0000000020000000       0x1c c:/st/stm32cubeide_1.4.0/stm32cubeide/plugins/com.st.stm32cube.ide.mcu.externaltools.gnu-tools-for-stm32.7-2018-q2-update.win32_1.4.0.202007081208/tools/bin/../lib/gcc/arm-none-eabi/7.3.1/thumb/v7-m/crtbegin.o
 *(.bss*)
 .bss.Global_I2C_Config
                0x000000002000001c       0x48 Stm32F103C6_Drives/Stm32_F103C6_I2C_Driver.o
                0x000000002000001c                Global_I2C_Config
 .bss.Global_SPI_Config
                0x0000000020000064        0x8 Stm32F103C6_Drives/Stm32_F103C6_SPI_Driver.o
                0x0000000020000064                Global_SPI_Config
 .bss.Global_UART_Config
                0x000000002000006c        0x4 Stm32F103C6_Drives/Stm32_F103C6_USART_Driver.o
                0x000000002000006c                Global_UART_Config
 *(COMMON)
 COMMON         0x0000000020000070        0x1 MY_RTOS/CortexMX_OS_Porting.o
                0x0000000020000070                SysTickLED
 *fill*         0x0000000020000071        0x3 
 COMMON         0x0000000020000074      0x398 MY_RTOS/Scheduler.o
                0x0000000020000074                Ready_Queue
                0x0000000020000088                OS_Control
                0x0000000020000234                MYRTOS_idleTask
                0x0000000020000278                IdleTaskLED
                0x000000002000027c                Ready_Queue_FIFO
 COMMON         0x000000002000040c       0x3c Src/main.o
                0x000000002000040c                GP_IRQ_CallBack
                0x0000000020000448                . = ALIGN (0x4)
                0x0000000020000448                _ebss = .
                0x0000000020000448                __bss_end__ = _ebss

._user_heap_stack
                0x0000000020000448      0x600 load address 0x0000000008001814
                0x0000000020000448                . = ALIGN (0x8)
                [!provide]                        PROVIDE (end = .)
                0x0000000020000448                PROVIDE (_end = .)
                0x0000000020000648                . = (. + _Min_Heap_Size)
 *fill*         0x0000000020000448      0x200 
                0x0000000020000a48                . = (. + _Min_Stack_Size)
 *fill*         0x0000000020000648      0x400 
                0x0000000020000a48                . = ALIGN (0x8)
                0x0000000020000a48                _eheap = .

/DISCARD/
 libc.a(*)
 libm.a(*)
 libgcc.a(*)

.ARM.attributes
                0x0000000000000000       0x29
 *(.ARM.attributes)
 .ARM.attributes
                0x0000000000000000       0x1d c:/st/stm32cubeide_1.4.0/stm32cubeide/plugins/com.st.stm32cube.ide.mcu.externaltools.gnu-tools-for-stm32.7-2018-q2-update.win32_1.4.0.202007081208/tools/bin/../lib/gcc/arm-none-eabi/7.3.1/thumb/v7-m/crti.o
 .ARM.attributes
                0x000000000000001d       0x2d c:/st/stm32cubeide_1.4.0/stm32cubeide/plugins/com.st.stm32cube.ide.mcu.externaltools.gnu-tools-for-stm32.7-2018-q2-update.win32_1.4.0.202007081208/tools/bin/../lib/gcc/arm-none-eabi/7.3.1/thumb/v7-m/crtbegin.o
 .ARM.attributes
                0x000000000000004a       0x33 HAL/I2C_Slave_EEPROM.o
 .ARM.attributes
                0x000000000000007d       0x33 MY_RTOS/CortexMX_OS_Porting.o
 .ARM.attributes
                0x00000000000000b0       0x33 MY_RTOS/MYRTOS_FIFO.o
 .ARM.attributes
                0x00000000000000e3       0x33 MY_RTOS/Scheduler.o
 .ARM.attributes
                0x0000000000000116       0x33 Src/main.o
 .ARM.attributes
                0x0000000000000149       0x21 Startup/startup_stm32f103c6tx.o
 .ARM.attributes
                0x000000000000016a       0x33 Stm32F103C6_Drives/Stm32_F103C6_EXTI_Driver.o
 .ARM.attributes
                0x000000000000019d       0x33 Stm32F103C6_Drives/Stm32_F103C6_GPIO_Driver.o
 .ARM.attributes
                0x00000000000001d0       0x33 Stm32F103C6_Drives/Stm32_F103C6_I2C_Driver.o
 .ARM.attributes
                0x0000000000000203       0x33 Stm32F103C6_Drives/Stm32_F103C6_RCC_Driver.o
 .ARM.attributes
                0x0000000000000236       0x33 Stm32F103C6_Drives/Stm32_F103C6_SPI_Driver.o
 .ARM.attributes
                0x0000000000000269       0x33 Stm32F103C6_Drives/Stm32_F103C6_USART_Driver.o
 .ARM.attributes
                0x000000000000029c       0x2d c:/st/stm32cubeide_1.4.0/stm32cubeide/plugins/com.st.stm32cube.ide.mcu.externaltools.gnu-tools-for-stm32.7-2018-q2-update.win32_1.4.0.202007081208/tools/bin/../lib/gcc/arm-none-eabi/7.3.1/../../../../arm-none-eabi/lib/thumb/v7-m\libc_nano.a(lib_a-init.o)
 .ARM.attributes
                0x00000000000002c9       0x1b c:/st/stm32cubeide_1.4.0/stm32cubeide/plugins/com.st.stm32cube.ide.mcu.externaltools.gnu-tools-for-stm32.7-2018-q2-update.win32_1.4.0.202007081208/tools/bin/../lib/gcc/arm-none-eabi/7.3.1/../../../../arm-none-eabi/lib/thumb/v7-m\libc_nano.a(lib_a-strcmp.o)
 .ARM.attributes
                0x00000000000002e4       0x1d c:/st/stm32cubeide_1.4.0/stm32cubeide/plugins/com.st.stm32cube.ide.mcu.externaltools.gnu-tools-for-stm32.7-2018-q2-update.win32_1.4.0.202007081208/tools/bin/../lib/gcc/arm-none-eabi/7.3.1/thumb/v7-m/crtn.o
OUTPUT(Drivers.axf elf32-littlearm)

.debug_info     0x0000000000000000     0x91d8
 .debug_info    0x0000000000000000      0xc97 HAL/I2C_Slave_EEPROM.o
 .debug_info    0x0000000000000c97      0x641 MY_RTOS/CortexMX_OS_Porting.o
 .debug_info    0x00000000000012d8      0xca0 MY_RTOS/MYRTOS_FIFO.o
 .debug_info    0x0000000000001f78     0x10b2 MY_RTOS/Scheduler.o
 .debug_info    0x000000000000302a      0xb6d Src/main.o
 .debug_info    0x0000000000003b97       0x22 Startup/startup_stm32f103c6tx.o
 .debug_info    0x0000000000003bb9      0xdbc Stm32F103C6_Drives/Stm32_F103C6_EXTI_Driver.o
 .debug_info    0x0000000000004975      0xd50 Stm32F103C6_Drives/Stm32_F103C6_GPIO_Driver.o
 .debug_info    0x00000000000056c5     0x131c Stm32F103C6_Drives/Stm32_F103C6_I2C_Driver.o
 .debug_info    0x00000000000069e1      0xb09 Stm32F103C6_Drives/Stm32_F103C6_RCC_Driver.o
 .debug_info    0x00000000000074ea      0xef5 Stm32F103C6_Drives/Stm32_F103C6_SPI_Driver.o
 .debug_info    0x00000000000083df      0xdf9 Stm32F103C6_Drives/Stm32_F103C6_USART_Driver.o

.debug_abbrev   0x0000000000000000     0x1744
 .debug_abbrev  0x0000000000000000      0x1d1 HAL/I2C_Slave_EEPROM.o
 .debug_abbrev  0x00000000000001d1      0x1de MY_RTOS/CortexMX_OS_Porting.o
 .debug_abbrev  0x00000000000003af      0x1cf MY_RTOS/MYRTOS_FIFO.o
 .debug_abbrev  0x000000000000057e      0x353 MY_RTOS/Scheduler.o
 .debug_abbrev  0x00000000000008d1      0x199 Src/main.o
 .debug_abbrev  0x0000000000000a6a       0x12 Startup/startup_stm32f103c6tx.o
 .debug_abbrev  0x0000000000000a7c      0x239 Stm32F103C6_Drives/Stm32_F103C6_EXTI_Driver.o
 .debug_abbrev  0x0000000000000cb5      0x1ed Stm32F103C6_Drives/Stm32_F103C6_GPIO_Driver.o
 .debug_abbrev  0x0000000000000ea2      0x2b3 Stm32F103C6_Drives/Stm32_F103C6_I2C_Driver.o
 .debug_abbrev  0x0000000000001155      0x19b Stm32F103C6_Drives/Stm32_F103C6_RCC_Driver.o
 .debug_abbrev  0x00000000000012f0      0x240 Stm32F103C6_Drives/Stm32_F103C6_SPI_Driver.o
 .debug_abbrev  0x0000000000001530      0x214 Stm32F103C6_Drives/Stm32_F103C6_USART_Driver.o

.debug_loc      0x0000000000000000     0x1bfe
 .debug_loc     0x0000000000000000       0xf2 HAL/I2C_Slave_EEPROM.o
 .debug_loc     0x00000000000000f2      0x224 MY_RTOS/CortexMX_OS_Porting.o
 .debug_loc     0x0000000000000316      0x1cc MY_RTOS/MYRTOS_FIFO.o
 .debug_loc     0x00000000000004e2      0x4fc MY_RTOS/Scheduler.o
 .debug_loc     0x00000000000009de       0x38 Src/main.o
 .debug_loc     0x0000000000000a16      0x320 Stm32F103C6_Drives/Stm32_F103C6_EXTI_Driver.o
 .debug_loc     0x0000000000000d36      0x330 Stm32F103C6_Drives/Stm32_F103C6_GPIO_Driver.o
 .debug_loc     0x0000000000001066      0x580 Stm32F103C6_Drives/Stm32_F103C6_I2C_Driver.o
 .debug_loc     0x00000000000015e6       0xc8 Stm32F103C6_Drives/Stm32_F103C6_RCC_Driver.o
 .debug_loc     0x00000000000016ae      0x2bc Stm32F103C6_Drives/Stm32_F103C6_SPI_Driver.o
 .debug_loc     0x000000000000196a      0x294 Stm32F103C6_Drives/Stm32_F103C6_USART_Driver.o

.debug_aranges  0x0000000000000000      0x440
 .debug_aranges
                0x0000000000000000       0x30 HAL/I2C_Slave_EEPROM.o
 .debug_aranges
                0x0000000000000030       0x70 MY_RTOS/CortexMX_OS_Porting.o
 .debug_aranges
                0x00000000000000a0       0x40 MY_RTOS/MYRTOS_FIFO.o
 .debug_aranges
                0x00000000000000e0       0xa8 MY_RTOS/Scheduler.o
 .debug_aranges
                0x0000000000000188       0x20 Src/main.o
 .debug_aranges
                0x00000000000001a8       0x28 Startup/startup_stm32f103c6tx.o
 .debug_aranges
                0x00000000000001d0       0x80 Stm32F103C6_Drives/Stm32_F103C6_EXTI_Driver.o
 .debug_aranges
                0x0000000000000250       0x60 Stm32F103C6_Drives/Stm32_F103C6_GPIO_Driver.o
 .debug_aranges
                0x00000000000002b0       0xa0 Stm32F103C6_Drives/Stm32_F103C6_I2C_Driver.o
 .debug_aranges
                0x0000000000000350       0x38 Stm32F103C6_Drives/Stm32_F103C6_RCC_Driver.o
 .debug_aranges
                0x0000000000000388       0x58 Stm32F103C6_Drives/Stm32_F103C6_SPI_Driver.o
 .debug_aranges
                0x00000000000003e0       0x60 Stm32F103C6_Drives/Stm32_F103C6_USART_Driver.o

.debug_ranges   0x0000000000000000      0x388
 .debug_ranges  0x0000000000000000       0x20 HAL/I2C_Slave_EEPROM.o
 .debug_ranges  0x0000000000000020       0x60 MY_RTOS/CortexMX_OS_Porting.o
 .debug_ranges  0x0000000000000080       0x30 MY_RTOS/MYRTOS_FIFO.o
 .debug_ranges  0x00000000000000b0       0x98 MY_RTOS/Scheduler.o
 .debug_ranges  0x0000000000000148       0x10 Src/main.o
 .debug_ranges  0x0000000000000158       0x20 Startup/startup_stm32f103c6tx.o
 .debug_ranges  0x0000000000000178       0x70 Stm32F103C6_Drives/Stm32_F103C6_EXTI_Driver.o
 .debug_ranges  0x00000000000001e8       0x50 Stm32F103C6_Drives/Stm32_F103C6_GPIO_Driver.o
 .debug_ranges  0x0000000000000238       0x90 Stm32F103C6_Drives/Stm32_F103C6_I2C_Driver.o
 .debug_ranges  0x00000000000002c8       0x28 Stm32F103C6_Drives/Stm32_F103C6_RCC_Driver.o
 .debug_ranges  0x00000000000002f0       0x48 Stm32F103C6_Drives/Stm32_F103C6_SPI_Driver.o
 .debug_ranges  0x0000000000000338       0x50 Stm32F103C6_Drives/Stm32_F103C6_USART_Driver.o

.debug_macro    0x0000000000000000     0x4fb5
 .debug_macro   0x0000000000000000      0x161 HAL/I2C_Slave_EEPROM.o
 .debug_macro   0x0000000000000161      0xa60 HAL/I2C_Slave_EEPROM.o
 .debug_macro   0x0000000000000bc1       0x18 HAL/I2C_Slave_EEPROM.o
 .debug_macro   0x0000000000000bd9       0x22 HAL/I2C_Slave_EEPROM.o
 .debug_macro   0x0000000000000bfb       0x40 HAL/I2C_Slave_EEPROM.o
 .debug_macro   0x0000000000000c3b       0x94 HAL/I2C_Slave_EEPROM.o
 .debug_macro   0x0000000000000ccf       0x3c HAL/I2C_Slave_EEPROM.o
 .debug_macro   0x0000000000000d0b       0x34 HAL/I2C_Slave_EEPROM.o
 .debug_macro   0x0000000000000d3f       0x16 HAL/I2C_Slave_EEPROM.o
 .debug_macro   0x0000000000000d55      0x10e HAL/I2C_Slave_EEPROM.o
 .debug_macro   0x0000000000000e63       0x8d HAL/I2C_Slave_EEPROM.o
 .debug_macro   0x0000000000000ef0       0x57 HAL/I2C_Slave_EEPROM.o
 .debug_macro   0x0000000000000f47       0x52 HAL/I2C_Slave_EEPROM.o
 .debug_macro   0x0000000000000f99       0x1f HAL/I2C_Slave_EEPROM.o
 .debug_macro   0x0000000000000fb8       0x43 HAL/I2C_Slave_EEPROM.o
 .debug_macro   0x0000000000000ffb       0x20 HAL/I2C_Slave_EEPROM.o
 .debug_macro   0x000000000000101b      0x1a3 HAL/I2C_Slave_EEPROM.o
 .debug_macro   0x00000000000011be      0x330 HAL/I2C_Slave_EEPROM.o
 .debug_macro   0x00000000000014ee       0x16 HAL/I2C_Slave_EEPROM.o
 .debug_macro   0x0000000000001504       0x29 HAL/I2C_Slave_EEPROM.o
 .debug_macro   0x000000000000152d       0xef HAL/I2C_Slave_EEPROM.o
 .debug_macro   0x000000000000161c       0x6a HAL/I2C_Slave_EEPROM.o
 .debug_macro   0x0000000000001686      0x1df HAL/I2C_Slave_EEPROM.o
 .debug_macro   0x0000000000001865      0x6b8 HAL/I2C_Slave_EEPROM.o
 .debug_macro   0x0000000000001f1d       0xd6 HAL/I2C_Slave_EEPROM.o
 .debug_macro   0x0000000000001ff3       0x16 HAL/I2C_Slave_EEPROM.o
 .debug_macro   0x0000000000002009       0x5f HAL/I2C_Slave_EEPROM.o
 .debug_macro   0x0000000000002068       0xbd MY_RTOS/CortexMX_OS_Porting.o
 .debug_macro   0x0000000000002125       0x28 MY_RTOS/CortexMX_OS_Porting.o
 .debug_macro   0x000000000000214d       0x8e MY_RTOS/CortexMX_OS_Porting.o
 .debug_macro   0x00000000000021db       0x51 MY_RTOS/CortexMX_OS_Porting.o
 .debug_macro   0x000000000000222c       0x1c MY_RTOS/CortexMX_OS_Porting.o
 .debug_macro   0x0000000000002248       0x22 MY_RTOS/CortexMX_OS_Porting.o
 .debug_macro   0x000000000000226a       0xe5 MY_RTOS/CortexMX_OS_Porting.o
 .debug_macro   0x000000000000234f      0xe3c MY_RTOS/CortexMX_OS_Porting.o
 .debug_macro   0x000000000000318b       0x2e MY_RTOS/CortexMX_OS_Porting.o
 .debug_macro   0x00000000000031b9      0x22c MY_RTOS/MYRTOS_FIFO.o
 .debug_macro   0x00000000000033e5       0x16 MY_RTOS/MYRTOS_FIFO.o
 .debug_macro   0x00000000000033fb       0x97 MY_RTOS/MYRTOS_FIFO.o
 .debug_macro   0x0000000000003492       0xfd MY_RTOS/MYRTOS_FIFO.o
 .debug_macro   0x000000000000358f       0x10 MY_RTOS/MYRTOS_FIFO.o
 .debug_macro   0x000000000000359f       0x10 MY_RTOS/MYRTOS_FIFO.o
 .debug_macro   0x00000000000035af       0x1c MY_RTOS/MYRTOS_FIFO.o
 .debug_macro   0x00000000000035cb       0x52 MY_RTOS/MYRTOS_FIFO.o
 .debug_macro   0x000000000000361d       0x40 MY_RTOS/MYRTOS_FIFO.o
 .debug_macro   0x000000000000365d       0x10 MY_RTOS/MYRTOS_FIFO.o
 .debug_macro   0x000000000000366d       0x40 MY_RTOS/MYRTOS_FIFO.o
 .debug_macro   0x00000000000036ad       0xd7 MY_RTOS/MYRTOS_FIFO.o
 .debug_macro   0x0000000000003784       0x1c MY_RTOS/MYRTOS_FIFO.o
 .debug_macro   0x00000000000037a0       0x3d MY_RTOS/MYRTOS_FIFO.o
 .debug_macro   0x00000000000037dd       0x16 MY_RTOS/MYRTOS_FIFO.o
 .debug_macro   0x00000000000037f3      0x145 MY_RTOS/MYRTOS_FIFO.o
 .debug_macro   0x0000000000003938       0xdf MY_RTOS/MYRTOS_FIFO.o
 .debug_macro   0x0000000000003a17      0x236 MY_RTOS/Scheduler.o
 .debug_macro   0x0000000000003c4d       0x46 MY_RTOS/Scheduler.o
 .debug_macro   0x0000000000003c93      0x32a MY_RTOS/Scheduler.o
 .debug_macro   0x0000000000003fbd      0x209 Src/main.o
 .debug_macro   0x00000000000041c6      0x239 Src/main.o
 .debug_macro   0x00000000000043ff       0xc4 Src/main.o
 .debug_macro   0x00000000000044c3       0xe8 Src/main.o
 .debug_macro   0x00000000000045ab       0x65 Src/main.o
 .debug_macro   0x0000000000004610       0x10 Src/main.o
 .debug_macro   0x0000000000004620       0xa0 Src/main.o
 .debug_macro   0x00000000000046c0       0x40 Src/main.o
 .debug_macro   0x0000000000004700      0x152 Stm32F103C6_Drives/Stm32_F103C6_EXTI_Driver.o
 .debug_macro   0x0000000000004852      0x13f Stm32F103C6_Drives/Stm32_F103C6_GPIO_Driver.o
 .debug_macro   0x0000000000004991      0x15d Stm32F103C6_Drives/Stm32_F103C6_I2C_Driver.o
 .debug_macro   0x0000000000004aee      0x148 Stm32F103C6_Drives/Stm32_F103C6_RCC_Driver.o
 .debug_macro   0x0000000000004c36       0x10 Stm32F103C6_Drives/Stm32_F103C6_RCC_Driver.o
 .debug_macro   0x0000000000004c46      0x160 Stm32F103C6_Drives/Stm32_F103C6_SPI_Driver.o
 .debug_macro   0x0000000000004da6       0xbe Stm32F103C6_Drives/Stm32_F103C6_SPI_Driver.o
 .debug_macro   0x0000000000004e64      0x151 Stm32F103C6_Drives/Stm32_F103C6_USART_Driver.o

.debug_line     0x0000000000000000     0x4cfd
 .debug_line    0x0000000000000000      0x63d HAL/I2C_Slave_EEPROM.o
 .debug_line    0x000000000000063d      0x574 MY_RTOS/CortexMX_OS_Porting.o
 .debug_line    0x0000000000000bb1      0x718 MY_RTOS/MYRTOS_FIFO.o
 .debug_line    0x00000000000012c9      0x8e3 MY_RTOS/Scheduler.o
 .debug_line    0x0000000000001bac      0x784 Src/main.o
 .debug_line    0x0000000000002330       0x84 Startup/startup_stm32f103c6tx.o
 .debug_line    0x00000000000023b4      0x77a Stm32F103C6_Drives/Stm32_F103C6_EXTI_Driver.o
 .debug_line    0x0000000000002b2e      0x684 Stm32F103C6_Drives/Stm32_F103C6_GPIO_Driver.o
 .debug_line    0x00000000000031b2      0x831 Stm32F103C6_Drives/Stm32_F103C6_I2C_Driver.o
 .debug_line    0x00000000000039e3      0x5ca Stm32F103C6_Drives/Stm32_F103C6_RCC_Driver.o
 .debug_line    0x0000000000003fad      0x6b5 Stm32F103C6_Drives/Stm32_F103C6_SPI_Driver.o
 .debug_line    0x0000000000004662      0x69b Stm32F103C6_Drives/Stm32_F103C6_USART_Driver.o

.debug_str      0x0000000000000000    0x139c2
 .debug_str     0x0000000000000000     0x98eb HAL/I2C_Slave_EEPROM.o
                                       0x9b66 (size before relaxing)
 .debug_str     0x00000000000098eb     0x5db8 MY_RTOS/CortexMX_OS_Porting.o
                                       0x99d6 (size before relaxing)
 .debug_str     0x000000000000f6a3     0x136b MY_RTOS/MYRTOS_FIFO.o
                                       0xdc5e (size before relaxing)
 .debug_str     0x0000000000010a0e      0x327 MY_RTOS/Scheduler.o
                                       0xdf4e (size before relaxing)
 .debug_str     0x0000000000010d35     0x21a2 Src/main.o
                                      0x11593 (size before relaxing)
 .debug_str     0x0000000000012ed7       0x31 Startup/startup_stm32f103c6tx.o
                                         0x73 (size before relaxing)
 .debug_str     0x0000000000012f08      0x26c Stm32F103C6_Drives/Stm32_F103C6_EXTI_Driver.o
                                       0xac3b (size before relaxing)
 .debug_str     0x0000000000013174      0x111 Stm32F103C6_Drives/Stm32_F103C6_GPIO_Driver.o
                                       0x983f (size before relaxing)
 .debug_str     0x0000000000013285      0x2d6 Stm32F103C6_Drives/Stm32_F103C6_I2C_Driver.o
                                       0x9e61 (size before relaxing)
 .debug_str     0x000000000001355b       0xa6 Stm32F103C6_Drives/Stm32_F103C6_RCC_Driver.o
                                       0x97b7 (size before relaxing)
 .debug_str     0x0000000000013601      0x251 Stm32F103C6_Drives/Stm32_F103C6_SPI_Driver.o
                                       0x9e7c (size before relaxing)
 .debug_str     0x0000000000013852      0x170 Stm32F103C6_Drives/Stm32_F103C6_USART_Driver.o
                                       0x9f7d (size before relaxing)

.comment        0x0000000000000000       0x7b
 .comment       0x0000000000000000       0x7b HAL/I2C_Slave_EEPROM.o
                                         0x7c (size before relaxing)
 .comment       0x000000000000007b       0x7c MY_RTOS/CortexMX_OS_Porting.o
 .comment       0x000000000000007b       0x7c MY_RTOS/MYRTOS_FIFO.o
 .comment       0x000000000000007b       0x7c MY_RTOS/Scheduler.o
 .comment       0x000000000000007b       0x7c Src/main.o
 .comment       0x000000000000007b       0x7c Stm32F103C6_Drives/Stm32_F103C6_EXTI_Driver.o
 .comment       0x000000000000007b       0x7c Stm32F103C6_Drives/Stm32_F103C6_GPIO_Driver.o
 .comment       0x000000000000007b       0x7c Stm32F103C6_Drives/Stm32_F103C6_I2C_Driver.o
 .comment       0x000000000000007b       0x7c Stm32F103C6_Drives/Stm32_F103C6_RCC_Driver.o
 .comment       0x000000000000007b       0x7c Stm32F103C6_Drives/Stm32_F103C6_SPI_Driver.o
 .comment       0x000000000000007b       0x7c Stm32F103C6_Drives/Stm32_F103C6_USART_Driver.o

.debug_frame    0x0000000000000000      0xe4c
 .debug_frame   0x0000000000000000       0x80 HAL/I2C_Slave_EEPROM.o
 .debug_frame   0x0000000000000080      0x140 MY_RTOS/CortexMX_OS_Porting.o
 .debug_frame   0x00000000000001c0       0xd8 MY_RTOS/MYRTOS_FIFO.o
 .debug_frame   0x0000000000000298      0x270 MY_RTOS/Scheduler.o
 .debug_frame   0x0000000000000508       0x30 Src/main.o
 .debug_frame   0x0000000000000538      0x1b0 Stm32F103C6_Drives/Stm32_F103C6_EXTI_Driver.o
 .debug_frame   0x00000000000006e8      0x178 Stm32F103C6_Drives/Stm32_F103C6_GPIO_Driver.o
 .debug_frame   0x0000000000000860      0x288 Stm32F103C6_Drives/Stm32_F103C6_I2C_Driver.o
 .debug_frame   0x0000000000000ae8       0x84 Stm32F103C6_Drives/Stm32_F103C6_RCC_Driver.o
 .debug_frame   0x0000000000000b6c      0x148 Stm32F103C6_Drives/Stm32_F103C6_SPI_Driver.o
 .debug_frame   0x0000000000000cb4      0x14c Stm32F103C6_Drives/Stm32_F103C6_USART_Driver.o
 .debug_frame   0x0000000000000e00       0x2c c:/st/stm32cubeide_1.4.0/stm32cubeide/plugins/com.st.stm32cube.ide.mcu.externaltools.gnu-tools-for-stm32.7-2018-q2-update.win32_1.4.0.202007081208/tools/bin/../lib/gcc/arm-none-eabi/7.3.1/../../../../arm-none-eabi/lib/thumb/v7-m\libc_nano.a(lib_a-init.o)
 .debug_frame   0x0000000000000e2c       0x20 c:/st/stm32cubeide_1.4.0/stm32cubeide/plugins/com.st.stm32cube.ide.mcu.externaltools.gnu-tools-for-stm32.7-2018-q2-update.win32_1.4.0.202007081208/tools/bin/../lib/gcc/arm-none-eabi/7.3.1/../../../../arm-none-eabi/lib/thumb/v7-m\libc_nano.a(lib_a-strcmp.o)
